BL51 BANKED LINKER/LOCATER V6.22                                                        11/27/2017  09:34:22  PAGE 1


BL51 BANKED LINKER/LOCATER V6.22, INVOKED BY:
D:\KEIL_V5\C51\BIN\BL51.EXE .\Objects\main.obj TO .\Objects\TeamProject PRINT (.\Listings\TeamProject.m51) RAMSIZE (256)
>> 


MEMORY MODEL: LARGE


INPUT MODULES INCLUDED:
  .\Objects\main.obj (MAIN)
  D:\KEIL_V5\C51\LIB\C51L.LIB (?C_STARTUP)
  D:\KEIL_V5\C51\LIB\C51L.LIB (?C?CLDPTR)
  D:\KEIL_V5\C51\LIB\C51L.LIB (?C?IMUL)
  D:\KEIL_V5\C51\LIB\C51L.LIB (?C?UIDIV)
  D:\KEIL_V5\C51\LIB\C51L.LIB (?C?SIDIV)
  D:\KEIL_V5\C51\LIB\C51L.LIB (?C?ILDIX)
  D:\KEIL_V5\C51\LIB\C51L.LIB (?C?SLDIV)
  D:\KEIL_V5\C51\LIB\C51L.LIB (?C?ULCMP)
  D:\KEIL_V5\C51\LIB\C51L.LIB (?C?LLDIXDATA)
  D:\KEIL_V5\C51\LIB\C51L.LIB (?C?LSTKXDATA)
  D:\KEIL_V5\C51\LIB\C51L.LIB (?C?CCASE)
  D:\KEIL_V5\C51\LIB\C51L.LIB (PRINTF)
  D:\KEIL_V5\C51\LIB\C51L.LIB (RAND)
  D:\KEIL_V5\C51\LIB\C51L.LIB (?C_INIT)
  D:\KEIL_V5\C51\LIB\C51L.LIB (?C?CLDOPTR)
  D:\KEIL_V5\C51\LIB\C51L.LIB (?C?CSTPTR)
  D:\KEIL_V5\C51\LIB\C51L.LIB (?C?ULDIV)
  D:\KEIL_V5\C51\LIB\C51L.LIB (?C?LLDXDATA)
  D:\KEIL_V5\C51\LIB\C51L.LIB (?C?LSTXDATA)
  D:\KEIL_V5\C51\LIB\C51L.LIB (?C?PLDIXDATA)
  D:\KEIL_V5\C51\LIB\C51L.LIB (?C?PSTXDATA)
  D:\KEIL_V5\C51\LIB\C51L.LIB (PUTCHAR)


LINK MAP OF MODULE:  .\Objects\TeamProject (MAIN)


            TYPE    BASE      LENGTH    RELOCATION   SEGMENT NAME
            -----------------------------------------------------

            * * * * * * *   D A T A   M E M O R Y   * * * * * * *
            REG     0000H     0008H     ABSOLUTE     "REG BANK 0"
            DATA    0008H     0005H     UNIT         _DATA_GROUP_
                    000DH     0003H                  *** GAP ***
            REG     0010H     0008H     ABSOLUTE     "REG BANK 2"
                    0018H     0008H                  *** GAP ***
            BIT     0020H.0   0002H.4   UNIT         ?BI?MAIN
            BIT     0022H.4   0001H.2   UNIT         _BIT_GROUP_
                    0023H.6   0000H.2                *** GAP ***
            IDATA   0024H     0001H     UNIT         ?STACK

            * * * * * * *  X D A T A   M E M O R Y  * * * * * * *
            XDATA   0000H     0E23H     UNIT         ?XD?MAIN
            XDATA   0E23H     0141H     UNIT         _XDATA_GROUP_
            XDATA   0F64H     0082H     UNIT         ?XD?_SHOWBITMAP?MAIN
            XDATA   0FE6H     0080H     UNIT         ?XD?_CALLMACRO?MAIN
            XDATA   1066H     0040H     UNIT         ?XD?MOVEDATETIMEUP?MAIN
            XDATA   10A6H     0040H     UNIT         ?XD?MOVEDATETIMEDOWN?MAIN
BL51 BANKED LINKER/LOCATER V6.22                                                      11/27/2017  09:34:22  PAGE 2


            XDATA   10E6H     0040H     UNIT         ?XD?ENTERDATETIME?MAIN
            XDATA   1126H     0004H     UNIT         ?XD?RAND?RAND
            XDATA   112AH     0002H     UNIT         ?XD?SCANUSERINPUT?MAIN

            * * * * * * *   C O D E   M E M O R Y   * * * * * * *
            CODE    0000H     0003H     ABSOLUTE     
            CODE    0003H     0020H     UNIT         ?PR?BAR_LOAD?MAIN
            CODE    0023H     0003H     ABSOLUTE     
            CODE    0026H     0013H     UNIT         ?PR?_CONVERTDECIMALTOBCD?MAIN
            CODE    0039H     0001H     UNIT         ?PR?LOGIN_ATTEMPTS?MAIN
            CODE    003AH     0001H     UNIT         ?PR?LOCKED_PAGE_LOAD?MAIN
            CODE    003BH     0003H     ABSOLUTE     
            CODE    003EH     0032H     UNIT         ?PR?RESETCLOCK?MAIN
            CODE    0070H     0001H     UNIT         ?PR?UPDATE_WAIT_TIME?MAIN
            CODE    0071H     0001H     UNIT         ?PR?LOGIN_CLEAR_DISP?MAIN
                    0072H     0001H                  *** GAP ***
            CODE    0073H     0003H     ABSOLUTE     
            CODE    0076H     0957H     UNIT         ?PR?MAIN?MAIN
            CODE    09CDH     0697H     UNIT         ?CO?MAIN
            CODE    1064H     04FFH     UNIT         ?PR?SMBISR?MAIN
            CODE    1563H     04F1H     UNIT         ?PR?UART0INTERRUPT?MAIN
            CODE    1A54H     03B2H     UNIT         ?PR?GET_FUNCTION_CODE?MAIN
            CODE    1E06H     0365H     UNIT         ?PR?PRINTF?PRINTF
            CODE    216BH     02AEH     UNIT         ?C?LIB_CODE
            CODE    2419H     0253H     UNIT         ?PR?LOGIN_DISP_4_STAR?MAIN
            CODE    266CH     0224H     UNIT         ?PR?ENTERDATETIME?MAIN
            CODE    2890H     01A6H     UNIT         ?PR?GETCLOCKDATA?MAIN
            CODE    2A36H     0187H     UNIT         ?PR?MOVEDATETIMEDOWN?MAIN
            CODE    2BBDH     0177H     UNIT         ?PR?MOVEDATETIMEUP?MAIN
            CODE    2D34H     016EH     UNIT         ?PR?SET_CLOCK?MAIN
            CODE    2EA2H     0164H     UNIT         ?PR?SCANUSERINPUT?MAIN
            CODE    3006H     0161H     UNIT         ?PR?TIME_SETTING?MAIN
            CODE    3167H     0136H     UNIT         ?PR?DISPLAYCLOCK?MAIN
            CODE    329DH     00FBH     UNIT         ?PR?_DISPLAYTEXT?MAIN
            CODE    3398H     00F8H     UNIT         ?C_INITSEG
            CODE    3490H     00B6H     UNIT         ?PR?SMBINIT?MAIN
            CODE    3546H     00AFH     UNIT         ?PR?SETCLOCKONSCREEN?MAIN
            CODE    35F5H     00ABH     UNIT         ?PR?_SMBREAD?MAIN
            CODE    36A0H     008CH     UNIT         ?C_C51STARTUP
            CODE    372CH     007CH     UNIT         ?PR?SETCLOCK?MAIN
            CODE    37A8H     0070H     UNIT         ?PR?_SENDCOMMAND?MAIN
            CODE    3818H     0067H     UNIT         ?PR?_SMBWRITE?MAIN
            CODE    387FH     0066H     UNIT         ?PR?TEMP_PAGE_LOAD?MAIN
            CODE    38E5H     005FH     UNIT         ?PR?LOGIN_CLEAR_STARS?MAIN
            CODE    3944H     004EH     UNIT         ?PR?MAIN_PAGE_LOAD?MAIN
            CODE    3992H     004DH     UNIT         ?PR?RAND?RAND
            CODE    39DFH     0049H     UNIT         ?PR?_SHOWBITMAP?MAIN
            CODE    3A28H     0044H     UNIT         ?C?LDIV
            CODE    3A6CH     0040H     UNIT         ?PR?PORTINIT?MAIN
            CODE    3AACH     003FH     UNIT         ?PR?MOTOR_PAGE_LOAD?MAIN
            CODE    3AEBH     003FH     UNIT         ?PR?SETTING_PAGE_LOAD?MAIN
            CODE    3B2AH     0030H     UNIT         ?PR?LASER_PAGE_LOAD?MAIN
            CODE    3B5AH     002FH     UNIT         ?PR?BRIGHTNESS_SETTING?MAIN
            CODE    3B89H     0027H     UNIT         ?PR?UART0INIT?MAIN
            CODE    3BB0H     0027H     UNIT         ?PR?PUTCHAR?PUTCHAR
            CODE    3BD7H     0026H     UNIT         ?PR?_CALLMACRO?MAIN
            CODE    3BFDH     0021H     UNIT         ?PR?_READONEBYTEFROMSLAVE?MAIN
BL51 BANKED LINKER/LOCATER V6.22                                                      11/27/2017  09:34:22  PAGE 3


            CODE    3C1EH     0020H     UNIT         ?PR?LOGIN_PAGE_LOAD?MAIN
            CODE    3C3EH     0020H     UNIT         ?PR?LOGIN_DISP_1_STAR?MAIN
            CODE    3C5EH     0020H     UNIT         ?PR?LOGIN_DISP_2_STAR?MAIN
            CODE    3C7EH     0020H     UNIT         ?PR?LOGIN_DISP_3_STAR?MAIN
            CODE    3C9EH     001FH     UNIT         ?PR?TIMER3ISR?MAIN
            CODE    3CBDH     001BH     UNIT         ?PR?TIMER3INIT?MAIN
            CODE    3CD8H     0019H     UNIT         ?PR?_WRITEONEBYTETOSLAVE?MAIN
            CODE    3CF1H     0018H     UNIT         ?PR?GAME_START?MAIN
            CODE    3D09H     0012H     UNIT         ?PR?SYSTEMCLOCKINIT?MAIN
            CODE    3D1BH     0011H     UNIT         ?PR?SETCLOCKCONTROL?MAIN
            CODE    3D2CH     000FH     UNIT         ?PR?_WRITEBYTESTOREALTIMECLOCK?MAIN
            CODE    3D3BH     000FH     UNIT         ?PR?_READBYTESFROMREALTIMECLOCK?MAIN
            CODE    3D4AH     000FH     UNIT         ?PR?_CONVERTBCDTODECIMAL?MAIN
            CODE    3D59H     000FH     UNIT         ?PR?ADD_POINT?MAIN
            CODE    3D68H     000DH     UNIT         ?PR?ENABLEINTERRUPTS?MAIN
            CODE    3D75H     0009H     UNIT         ?PR?F_TO_C?MAIN
            CODE    3D7EH     0008H     UNIT         ?PR?C_TO_F?MAIN
            CODE    3D86H     0007H     UNIT         ?PR?DISABLEWATCHDOG?MAIN
            CODE    3D8DH     0005H     UNIT         ?PR?_CHANGESCREEN?MAIN



OVERLAY MAP OF MODULE:   .\Objects\TeamProject (MAIN)


SEGMENT                                         BIT_GROUP          DATA_GROUP          XDATA_GROUP
  +--> CALLED SEGMENT                        START    LENGTH     START    LENGTH     START    LENGTH
----------------------------------------------------------------------------------------------------
?PR?UART0INTERRUPT?MAIN                      -----    -----      -----    -----      0E23H    0005H

*** NEW ROOT ***************************************************

?PR?SMBISR?MAIN                              0022H.4  0000H.1    -----    -----      -----    -----

*** NEW ROOT ***************************************************

?C_C51STARTUP                                -----    -----      -----    -----      -----    -----
  +--> ?PR?MAIN?MAIN
  +--> ?C_INITSEG

?PR?MAIN?MAIN                                -----    -----      -----    -----      0E28H    0046H
  +--> ?PR?DISABLEWATCHDOG?MAIN
  +--> ?PR?SYSTEMCLOCKINIT?MAIN
  +--> ?PR?PORTINIT?MAIN
  +--> ?PR?ENABLEINTERRUPTS?MAIN
  +--> ?PR?UART0INIT?MAIN
  +--> ?PR?SMBINIT?MAIN
  +--> ?PR?TIMER3INIT?MAIN
  +--> ?PR?GETCLOCKDATA?MAIN
  +--> ?CO?MAIN
  +--> ?PR?PRINTF?PRINTF
  +--> ?PR?_DISPLAYTEXT?MAIN
  +--> ?PR?DISPLAYCLOCK?MAIN
  +--> ?PR?_SENDCOMMAND?MAIN
  +--> ?PR?_READONEBYTEFROMSLAVE?MAIN
  +--> ?PR?RAND?RAND
  +--> ?PR?GET_FUNCTION_CODE?MAIN
BL51 BANKED LINKER/LOCATER V6.22                                                      11/27/2017  09:34:22  PAGE 4


  +--> ?PR?BAR_LOAD?MAIN
  +--> ?PR?LOGIN_PAGE_LOAD?MAIN
  +--> ?PR?LOGIN_ATTEMPTS?MAIN
  +--> ?PR?LOGIN_CLEAR_STARS?MAIN
  +--> ?PR?LOGIN_DISP_1_STAR?MAIN
  +--> ?PR?LOGIN_DISP_2_STAR?MAIN
  +--> ?PR?LOGIN_DISP_3_STAR?MAIN
  +--> ?PR?LOGIN_DISP_4_STAR?MAIN
  +--> ?PR?MAIN_PAGE_LOAD?MAIN
  +--> ?PR?TEMP_PAGE_LOAD?MAIN
  +--> ?PR?MOTOR_PAGE_LOAD?MAIN
  +--> ?PR?LASER_PAGE_LOAD?MAIN
  +--> ?PR?SETTING_PAGE_LOAD?MAIN
  +--> ?PR?C_TO_F?MAIN
  +--> ?PR?F_TO_C?MAIN
  +--> ?PR?ADD_POINT?MAIN
  +--> ?PR?GAME_START?MAIN
  +--> ?PR?BRIGHTNESS_SETTING?MAIN
  +--> ?PR?TIME_SETTING?MAIN
  +--> ?PR?SET_CLOCK?MAIN

?PR?SYSTEMCLOCKINIT?MAIN                     -----    -----      -----    -----      0E6EH    0002H

?PR?SMBINIT?MAIN                             -----    -----      -----    -----      0E6EH    0007H

?PR?GETCLOCKDATA?MAIN                        -----    -----      -----    -----      0EAEH    0002H
  +--> ?PR?_READBYTESFROMREALTIMECLOCK?MAIN
  +--> ?PR?_CONVERTBCDTODECIMAL?MAIN

?PR?_READBYTESFROMREALTIMECLOCK?MAIN         -----    -----      -----    -----      -----    -----
  +--> ?PR?_SMBREAD?MAIN

?PR?_SMBREAD?MAIN                            -----    -----      -----    -----      0EB0H    0006H
  +--> ?PR?_SMBWRITE?MAIN

?PR?_SMBWRITE?MAIN                           -----    -----      -----    -----      0EB6H    0004H

?PR?PRINTF?PRINTF                            0022H.5  0001H.1    0008H    0005H      0F3CH    0028H
  +--> ?PR?PUTCHAR?PUTCHAR

?PR?_DISPLAYTEXT?MAIN                        -----    -----      -----    -----      0EAEH    008EH
  +--> ?CO?MAIN
  +--> ?PR?PRINTF?PRINTF
  +--> ?PR?_SENDCOMMAND?MAIN

?PR?_SENDCOMMAND?MAIN                        -----    -----      -----    -----      0F3CH    0001H

?PR?DISPLAYCLOCK?MAIN                        -----    -----      -----    -----      0E6EH    0040H
  +--> ?PR?GETCLOCKDATA?MAIN
  +--> ?CO?MAIN
  +--> ?PR?PRINTF?PRINTF
  +--> ?PR?_DISPLAYTEXT?MAIN

?PR?_READONEBYTEFROMSLAVE?MAIN               -----    -----      -----    -----      0E6EH    0001H
  +--> ?PR?_SMBREAD?MAIN

?PR?BAR_LOAD?MAIN                            -----    -----      -----    -----      0E6EH    0040H
BL51 BANKED LINKER/LOCATER V6.22                                                      11/27/2017  09:34:22  PAGE 5


  +--> ?CO?MAIN
  +--> ?PR?PRINTF?PRINTF
  +--> ?PR?_SENDCOMMAND?MAIN

?PR?LOGIN_PAGE_LOAD?MAIN                     -----    -----      -----    -----      0E6EH    0040H
  +--> ?CO?MAIN
  +--> ?PR?PRINTF?PRINTF
  +--> ?PR?_SENDCOMMAND?MAIN

?PR?LOGIN_CLEAR_STARS?MAIN                   -----    -----      -----    -----      0E6EH    0040H
  +--> ?CO?MAIN
  +--> ?PR?PRINTF?PRINTF
  +--> ?PR?_SENDCOMMAND?MAIN

?PR?LOGIN_DISP_1_STAR?MAIN                   -----    -----      -----    -----      0E6EH    0040H
  +--> ?CO?MAIN
  +--> ?PR?PRINTF?PRINTF
  +--> ?PR?_SENDCOMMAND?MAIN

?PR?LOGIN_DISP_2_STAR?MAIN                   -----    -----      -----    -----      0E6EH    0040H
  +--> ?CO?MAIN
  +--> ?PR?PRINTF?PRINTF
  +--> ?PR?_SENDCOMMAND?MAIN

?PR?LOGIN_DISP_3_STAR?MAIN                   -----    -----      -----    -----      0E6EH    0040H
  +--> ?CO?MAIN
  +--> ?PR?PRINTF?PRINTF
  +--> ?PR?_SENDCOMMAND?MAIN

?PR?LOGIN_DISP_4_STAR?MAIN                   -----    -----      -----    -----      0E6EH    0040H
  +--> ?CO?MAIN
  +--> ?PR?PRINTF?PRINTF
  +--> ?PR?_SENDCOMMAND?MAIN

?PR?MAIN_PAGE_LOAD?MAIN                      -----    -----      -----    -----      0E6EH    0040H
  +--> ?CO?MAIN
  +--> ?PR?PRINTF?PRINTF
  +--> ?PR?_SENDCOMMAND?MAIN

?PR?TEMP_PAGE_LOAD?MAIN                      -----    -----      -----    -----      0E6EH    0040H
  +--> ?CO?MAIN
  +--> ?PR?PRINTF?PRINTF
  +--> ?PR?_SENDCOMMAND?MAIN

?PR?MOTOR_PAGE_LOAD?MAIN                     -----    -----      -----    -----      0E6EH    0040H
  +--> ?CO?MAIN
  +--> ?PR?PRINTF?PRINTF
  +--> ?PR?_SENDCOMMAND?MAIN

?PR?LASER_PAGE_LOAD?MAIN                     -----    -----      -----    -----      0E6EH    0040H
  +--> ?CO?MAIN
  +--> ?PR?PRINTF?PRINTF
  +--> ?PR?_SENDCOMMAND?MAIN

?PR?SETTING_PAGE_LOAD?MAIN                   -----    -----      -----    -----      0E6EH    0040H
  +--> ?CO?MAIN
  +--> ?PR?PRINTF?PRINTF
BL51 BANKED LINKER/LOCATER V6.22                                                      11/27/2017  09:34:22  PAGE 6


  +--> ?PR?_SENDCOMMAND?MAIN

?PR?BRIGHTNESS_SETTING?MAIN                  -----    -----      -----    -----      0E6EH    0040H
  +--> ?CO?MAIN
  +--> ?PR?PRINTF?PRINTF
  +--> ?PR?_SENDCOMMAND?MAIN

?PR?TIME_SETTING?MAIN                        -----    -----      -----    -----      0E6EH    0040H
  +--> ?CO?MAIN
  +--> ?PR?PRINTF?PRINTF
  +--> ?PR?_SENDCOMMAND?MAIN
  +--> ?PR?SETCLOCK?MAIN

?PR?SETCLOCK?MAIN                            -----    -----      -----    -----      -----    -----
  +--> ?PR?_CONVERTDECIMALTOBCD?MAIN
  +--> ?PR?_WRITEBYTESTOREALTIMECLOCK?MAIN

?PR?_WRITEBYTESTOREALTIMECLOCK?MAIN          -----    -----      -----    -----      -----    -----
  +--> ?PR?_SMBWRITE?MAIN

?PR?SET_CLOCK?MAIN                           -----    -----      -----    -----      0E6EH    0040H
  +--> ?PR?SETCLOCK?MAIN

?C_INITSEG                                   -----    -----      -----    -----      -----    -----
  +--> ?CO?MAIN



UNRESOLVED EXTERNAL SYMBOLS:
   ROOMTEMP



SYMBOL TABLE OF MODULE:  .\Objects\TeamProject (MAIN)

  VALUE           TYPE          NAME
  ----------------------------------

  -------         MODULE        MAIN
  C:0000H         SYMBOL        _ICE_DUMMY_
  X:0011H         PUBLIC        tsByte
  B:0020H.0       PUBLIC        yearUpdated
  D:0080H         PUBLIC        P0
  B:0020H.1       PUBLIC        hoursUpdated
  D:0090H         PUBLIC        P1
  B:00C0H.2       PUBLIC        AA
  D:00FFH         PUBLIC        WDTCN
  D:00A0H         PUBLIC        P2
  D:00B0H         PUBLIC        P3
  X:0012H         PUBLIC        select
  X:0014H         PUBLIC        currentIndex
  X:0015H         PUBLIC        screen
  D:00C8H         PUBLIC        P4
  X:0016H         PUBLIC        dayOfWeek
  D:00E6H         PUBLIC        EIE1
  D:00D8H         PUBLIC        P5
  C:3AEBH         PUBLIC        setting_page_load
BL51 BANKED LINKER/LOCATER V6.22                                                      11/27/2017  09:34:22  PAGE 7


  X:0024H         PUBLIC        userCommand
  C:3B89H         PUBLIC        uart0Init
  D:00E8H         PUBLIC        P6
  D:00E7H         PUBLIC        EIE2
  X:0224H         PUBLIC        numBytesWR
  C:3D2CH         PUBLIC        _writeBytesToRealTimeClock
  D:00F8H         PUBLIC        P7
  B:0020H.2       PUBLIC        SMB_BUSY
  X:0226H         PUBLIC        currentDate
  X:0227H         PUBLIC        roomTemp1
  X:0228H         PUBLIC        minutes
  X:0229H         PUBLIC        roomTemp2
  B:0020H.3       PUBLIC        monthDateYearUpdated
  B:0020H.4       PUBLIC        screenReset
  D:0084H         PUBLIC        SFRPAGE
  C:1A54H         PUBLIC        get_function_code
  X:022AH         PUBLIC        roomTemp3
  B:0020H.5       PUBLIC        tsLastCharGone
  D:00A4H         PUBLIC        P0MDOUT
  X:022BH         PUBLIC        amPm
  D:00A5H         PUBLIC        P1MDOUT
  D:00A8H         PUBLIC        IE
  X:022CH         PUBLIC        century
  D:00A7H         PUBLIC        P3MDOUT
  X:022DH         PUBLIC        clock_value
  X:022FH         PUBLIC        is_in_laser_page
  C:3D86H         PUBLIC        disableWatchdog
  D:009CH         PUBLIC        P4MDOUT
  D:009DH         PUBLIC        P5MDOUT
  X:0231H         PUBLIC        is_in_game
  X:0233H         PUBLIC        minuteIndex
  X:0234H         PUBLIC        currentMonth
  X:0235H         PUBLIC        tsRxBuffer
  D:009EH         PUBLIC        P6MDOUT
  C:2BBDH         PUBLIC        moveDateTimeUp
  D:009FH         PUBLIC        P7MDOUT
  X:0435H         PUBLIC        tsTxBuffer
  C:3BD7H         PUBLIC        _callMacro
  C:3006H         PUBLIC        time_setting
  C:003EH         PUBLIC        resetClock
  C:38E5H         PUBLIC        login_clear_stars
  X:0835H         PUBLIC        Font
  C:0071H         PUBLIC        login_clear_disp
  X:0847H         PUBLIC        hours24
  X:0848H         PUBLIC        lastScreen
  X:0849H         PUBLIC        slaveAddr
  X:084AH         PUBLIC        currentYear
  B:00C0H.3       PUBLIC        SI
  X:084BH         PUBLIC        is_in_main_page
  C:3B2AH         PUBLIC        laser_page_load
  D:00E1H         PUBLIC        XBR0
  D:00E2H         PUBLIC        XBR1
  C:3C1EH         PUBLIC        login_page_load
  D:00E3H         PUBLIC        XBR2
  X:084DH         PUBLIC        stones
  X:084FH         PUBLIC        eepromDataByte
  X:0850H         PUBLIC        date
BL51 BANKED LINKER/LOCATER V6.22                                                      11/27/2017  09:34:22  PAGE 8


  D:00CBH         PUBLIC        RCAP2H
  C:32B2H         PUBLIC        _displayText
  C:3B5AH         PUBLIC        brightness_setting
  C:3D1BH         PUBLIC        setClockControl
  X:0851H         PUBLIC        eepromWriteDone
  C:39DFH         PUBLIC        _showBitmap
  D:00C0H         PUBLIC        SMB0CN
  X:0852H         PUBLIC        slaveReadDone
  D:00CCH         PUBLIC        TMR2
  D:00CAH         PUBLIC        RCAP2L
  C:0076H         PUBLIC        main
  D:00CCH         PUBLIC        TMR3
  B:0020H.6       PUBLIC        splashEnd
  X:0853H         PUBLIC        month
  D:00CFH         PUBLIC        SMB0CR
  X:0854H         PUBLIC        is_in_motor_page
  C:3944H         PUBLIC        main_page_load
  X:0856H         PUBLIC        pageCount
  B:0020H.7       PUBLIC        ackFromScreen
  X:0858H         PUBLIC        point
  X:085AH         PUBLIC        SETTINGS_DATE_X
  C:3CD8H         PUBLIC        _writeOneByteToSlave
  X:085CH         PUBLIC        is_in_temp_page
  C:3CF1H         PUBLIC        game_start
  C:2890H         PUBLIC        getClockData
  X:085EH         PUBLIC        SETTINGS_DATE_Y
  X:0860H         PUBLIC        adjustedSeconds
  X:0861H         PUBLIC        realTimeClockItems
  X:0862H         PUBLIC        startAddr
  C:3D09H         PUBLIC        systemClockInit
  D:00C9H         PUBLIC        TMR2CF
  C:0070H         PUBLIC        update_wait_time
  D:00C9H         PUBLIC        TMR3CF
  X:0864H         PUBLIC        bytesExtra
  X:0866H         PUBLIC        year
  B:0021H.0       PUBLIC        screenChanged
  C:1064H         PUBLIC        smbISR
  C:3D68H         PUBLIC        enableInterrupts
  X:0867H         PUBLIC        eepromReaddone
  X:0868H         PUBLIC        hours
  C:266CH         PUBLIC        enterDateTime
  X:0869H         PUBLIC        slaveWriteDone
  C:3AACH         PUBLIC        motor_page_load
  C:3D59H         PUBLIC        add_point
  D:00C8H         PUBLIC        TMR2CN
  C:0003H         PUBLIC        bar_load
  X:086AH         PUBLIC        timeMode
  D:00C8H         PUBLIC        TMR3CN
  C:387FH         PUBLIC        temp_page_load
  X:086BH         PUBLIC        hourIndex
  C:2D34H         PUBLIC        set_clock
  C:372CH         PUBLIC        setClock
  X:086CH         PUBLIC        day
  B:0021H.1       PUBLIC        secondsUpdated
  X:086DH         PUBLIC        brightness
  D:008AH         PUBLIC        OSCICN
  C:35F5H         PUBLIC        _smbRead
BL51 BANKED LINKER/LOCATER V6.22                                                      11/27/2017  09:34:22  PAGE 9


  C:1563H         PUBLIC        uart0Interrupt
  X:086FH         PUBLIC        sharedDataRx
  X:08EEH         PUBLIC        adjustedMinutes
  B:0021H.2       PUBLIC        tsCommandTransmitted
  B:00C0H.7       PUBLIC        BUSY
  X:08EFH         PUBLIC        sharedDataTx
  B:0021H.3       PUBLIC        tsRxEmpty
  X:096EH         PUBLIC        adjustedAmPm
  C:3C9EH         PUBLIC        timer3ISR
  B:0021H.4       PUBLIC        tsTxEmpty
  X:096FH         PUBLIC        adjustedCentury
  C:3D4AH         PUBLIC        _convertBCDToDecimal
  C:0026H         PUBLIC        _convertDecimalToBCD
  C:3D3BH         PUBLIC        _readBytesFromRealTimeClock
  B:0098H.0       PUBLIC        RI0
  X:0970H         PUBLIC        clockSetupMsg
  B:00C8H.7       PUBLIC        TF3
  B:0098H.1       PUBLIC        TI0
  C:3D8DH         PUBLIC        _changeScreen
  X:0978H         PUBLIC        userID
  X:09B8H         PUBLIC        rtcReadDone
  C:3818H         PUBLIC        _smbWrite
  B:0021H.5       PUBLIC        minutesUpdated
  X:09B9H         PUBLIC        passcode
  X:09C1H         PUBLIC        eepromRx
  X:0BC1H         PUBLIC        is_in_c
  B:0080H.6       PUBLIC        SDA
  X:0BC3H         PUBLIC        eepromPageTx
  B:0021H.6       PUBLIC        amPmUpdated
  X:0BE3H         PUBLIC        eepromTx
  B:0021H.7       PUBLIC        tsCommandReceived
  D:00CAH         PUBLIC        RCAP2
  B:00C8H.2       PUBLIC        TR3
  X:0DE3H         PUBLIC        adjustedDate
  C:3490H         PUBLIC        smbInit
  D:00CAH         PUBLIC        RCAP3
  C:3C3EH         PUBLIC        login_disp_1_star
  C:2EA2H         PUBLIC        scanUserInput
  C:3C5EH         PUBLIC        login_disp_2_star
  C:3A6CH         PUBLIC        portInit
  X:0DE4H         PUBLIC        set_time
  C:3C7EH         PUBLIC        login_disp_3_star
  C:2419H         PUBLIC        login_disp_4_star
  C:3546H         PUBLIC        setClockOnScreen
  D:0099H         PUBLIC        SBUF0
  X:0DE6H         PUBLIC        c
  X:0DE8H         PUBLIC        rtcWriteDone
  B:0080H.7       PUBLIC        SCL
  X:0DE9H         PUBLIC        adjustedMonth
  D:0098H         PUBLIC        SCON0
  C:2A36H         PUBLIC        moveDateTimeDown
  B:00C0H.5       PUBLIC        STA
  C:3167H         PUBLIC        displayClock
  X:0DEAH         PUBLIC        duration
  X:0DECH         PUBLIC        tsRxIn
  B:0022H.0       PUBLIC        SMB_RW
  B:0022H.1       PUBLIC        dateUpdated
BL51 BANKED LINKER/LOCATER V6.22                                                      11/27/2017  09:34:22  PAGE 10


  D:0091H         PUBLIC        SSTA0
  X:0DEEH         PUBLIC        is_locked_out
  C:3D75H         PUBLIC        f_to_c
  C:3D7EH         PUBLIC        c_to_f
  X:0DF0H         PUBLIC        adjustedYear
  X:0DF1H         PUBLIC        tsTxIn
  X:0DF3H         PUBLIC        tsRxOut
  D:00C2H         PUBLIC        SMB0DAT
  X:0DF5H         PUBLIC        dayweek
  X:0DF9H         PUBLIC        adjustedHours
  C:3CBDH         PUBLIC        timer3Init
  X:0DFAH         PUBLIC        tsTxOut
  C:3BFDH         PUBLIC        _readOneByteFromSlave
  C:37AEH         PUBLIC        _sendCommand
  X:0DFCH         PUBLIC        _delay
  X:0DFEH         PUBLIC        eepromPageCounter
  B:00F8H.7       PUBLIC        RHW
  X:0E00H         PUBLIC        numBytesRD
  X:0E02H         PUBLIC        adjustedTimeMode
  X:0E03H         PUBLIC        monthOfYear
  X:0E1DH         PUBLIC        seconds
  C:0039H         PUBLIC        login_attempts
  B:0022H.2       PUBLIC        monthUpdated
  B:00C0H.4       PUBLIC        STO
  X:0E1EH         PUBLIC        attempts
  X:0E20H         PUBLIC        is_in_setting_page
  C:003AH         PUBLIC        locked_page_load
  X:0E22H         PUBLIC        adjustedDay
  D:00C1H         PUBLIC        SMB0STA
  B:0022H.3       PUBLIC        timeUpdated
  -------         PROC          SYSTEMCLOCKINIT
  -------         DO            
  D:0007H         SYMBOL        SFRPAGE_SAVE
  X:0E6EH         SYMBOL        i
  -------         ENDDO         
  C:3D09H         LINE#         156
  C:3D09H         LINE#         157
  C:3D09H         LINE#         158
  C:3D0BH         LINE#         159
  C:3D12H         LINE#         161
  C:3D15H         LINE#         163
  C:3D18H         LINE#         165
  C:3D1AH         LINE#         166
  -------         ENDPROC       SYSTEMCLOCKINIT
  -------         PROC          PORTINIT
  -------         DO            
  D:0007H         SYMBOL        SFRPAGE_SAVE
  -------         ENDDO         
  C:3A6CH         LINE#         168
  C:3A6CH         LINE#         169
  C:3A6CH         LINE#         170
  C:3A6EH         LINE#         172
  C:3A71H         LINE#         174
  C:3A74H         LINE#         175
  C:3A77H         LINE#         176
  C:3A7AH         LINE#         178
  C:3A7DH         LINE#         180
BL51 BANKED LINKER/LOCATER V6.22                                                      11/27/2017  09:34:22  PAGE 11


  C:3A80H         LINE#         182
  C:3A83H         LINE#         184
  C:3A86H         LINE#         186
  C:3A89H         LINE#         188
  C:3A8CH         LINE#         190
  C:3A8FH         LINE#         192
  C:3A92H         LINE#         193
  C:3A95H         LINE#         194
  C:3A98H         LINE#         195
  C:3A9BH         LINE#         196
  C:3A9EH         LINE#         197
  C:3AA1H         LINE#         198
  C:3AA4H         LINE#         199
  C:3AA7H         LINE#         201
  C:3AA9H         LINE#         203
  C:3AABH         LINE#         204
  -------         ENDPROC       PORTINIT
  -------         PROC          ENABLEINTERRUPTS
  C:3D68H         LINE#         206
  C:3D68H         LINE#         207
  C:3D68H         LINE#         208
  C:3D6BH         LINE#         209
  C:3D6EH         LINE#         210
  C:3D71H         LINE#         211
  C:3D74H         LINE#         212
  -------         ENDPROC       ENABLEINTERRUPTS
  -------         PROC          UART0INIT
  -------         DO            
  D:0007H         SYMBOL        SFRPAGE_SAVE
  -------         ENDDO         
  C:3B89H         LINE#         214
  C:3B89H         LINE#         215
  C:3B89H         LINE#         218
  C:3B8BH         LINE#         220
  C:3B8EH         LINE#         221
  C:3B90H         LINE#         222
  C:3B93H         LINE#         223
  C:3B96H         LINE#         224
  C:3B99H         LINE#         225
  C:3B9FH         LINE#         226
  C:3BA2H         LINE#         228
  C:3BA4H         LINE#         229
  C:3BA7H         LINE#         230
  C:3BAAH         LINE#         232
  C:3BADH         LINE#         234
  C:3BAFH         LINE#         235
  -------         ENDPROC       UART0INIT
  -------         PROC          DISABLEWATCHDOG
  C:3D86H         LINE#         237
  C:3D86H         LINE#         238
  C:3D86H         LINE#         239
  C:3D89H         LINE#         240
  C:3D8CH         LINE#         241
  -------         ENDPROC       DISABLEWATCHDOG
  -------         PROC          UART0INTERRUPT
  -------         DO            
  X:0E23H         SYMBOL        SFRPAGE_SAVE
BL51 BANKED LINKER/LOCATER V6.22                                                      11/27/2017  09:34:22  PAGE 12


  D:0012H         SYMBOL        i
  X:0E24H         SYMBOL        txWaitCounter
  -------         ENDDO         
  C:1563H         LINE#         243
  C:1570H         LINE#         245
  C:1576H         LINE#         246
  C:1579H         LINE#         247
  C:1581H         LINE#         249
  C:1584H         LINE#         251
  C:158AH         LINE#         252
  C:158AH         LINE#         253
  C:158CH         LINE#         255
  C:1592H         LINE#         257
  C:15A3H         LINE#         258
  C:15A3H         LINE#         259
  C:15ACH         LINE#         260
  C:15ACH         LINE#         261
  C:15B8H         LINE#         262
  C:15C6H         LINE#         263
  C:15C9H         LINE#         265
  C:15C9H         LINE#         266
  C:15D2H         LINE#         267
  C:15D2H         LINE#         268
  C:15ECH         LINE#         269
  C:15ECH         LINE#         270
  C:15EEH         LINE#         271
  C:15F0H         LINE#         272
  C:15F3H         LINE#         274
  C:15F3H         LINE#         275
  C:15F5H         LINE#         276
  C:15F7H         LINE#         277
  C:15F7H         LINE#         278
  C:15FAH         LINE#         279
  C:15FFH         LINE#         280
  C:15FFH         LINE#         281
  C:160EH         LINE#         282
  C:160EH         LINE#         283
  C:1626H         LINE#         284
  C:162DH         LINE#         289
  C:1641H         LINE#         290
  C:1641H         LINE#         291
  C:1650H         LINE#         292
  C:1650H         LINE#         293
  C:1668H         LINE#         294
  C:166FH         LINE#         295
  C:1681H         LINE#         296
  C:1681H         LINE#         297
  C:1681H         LINE#         298
  C:1684H         LINE#         299
  C:1699H         LINE#         300
  C:1699H         LINE#         301
  C:16A8H         LINE#         302
  C:16A8H         LINE#         303
  C:16C0H         LINE#         304
  C:16C7H         LINE#         305
  C:16D9H         LINE#         306
  C:16D9H         LINE#         307
BL51 BANKED LINKER/LOCATER V6.22                                                      11/27/2017  09:34:22  PAGE 13


  C:16D9H         LINE#         308
  C:16DCH         LINE#         309
  C:16EFH         LINE#         310
  C:16EFH         LINE#         311
  C:16FEH         LINE#         312
  C:16FEH         LINE#         313
  C:1716H         LINE#         314
  C:171DH         LINE#         315
  C:172FH         LINE#         316
  C:172FH         LINE#         317
  C:172FH         LINE#         318
  C:1732H         LINE#         319
  C:1745H         LINE#         320
  C:1745H         LINE#         321
  C:1754H         LINE#         322
  C:1754H         LINE#         323
  C:176CH         LINE#         324
  C:1773H         LINE#         325
  C:1785H         LINE#         326
  C:1785H         LINE#         327
  C:1785H         LINE#         328
  C:1788H         LINE#         329
  C:179BH         LINE#         330
  C:179BH         LINE#         331
  C:17AAH         LINE#         332
  C:17AAH         LINE#         333
  C:17C2H         LINE#         334
  C:17C9H         LINE#         335
  C:17DBH         LINE#         336
  C:17DBH         LINE#         337
  C:17DBH         LINE#         338
  C:17DEH         LINE#         339
  C:17F1H         LINE#         340
  C:17F1H         LINE#         341
  C:1800H         LINE#         342
  C:1800H         LINE#         343
  C:1818H         LINE#         344
  C:181FH         LINE#         345
  C:1831H         LINE#         346
  C:1831H         LINE#         347
  C:1831H         LINE#         348
  C:1834H         LINE#         349
  C:1847H         LINE#         350
  C:1847H         LINE#         351
  C:1856H         LINE#         352
  C:1856H         LINE#         353
  C:186EH         LINE#         354
  C:1875H         LINE#         355
  C:1887H         LINE#         356
  C:1887H         LINE#         357
  C:1887H         LINE#         358
  C:188AH         LINE#         359
  C:189DH         LINE#         360
  C:189DH         LINE#         361
  C:18ACH         LINE#         362
  C:18ACH         LINE#         363
  C:18C4H         LINE#         364
BL51 BANKED LINKER/LOCATER V6.22                                                      11/27/2017  09:34:22  PAGE 14


  C:18CBH         LINE#         365
  C:18DDH         LINE#         366
  C:18DDH         LINE#         367
  C:18DDH         LINE#         368
  C:18DFH         LINE#         369
  C:18F2H         LINE#         370
  C:18F2H         LINE#         371
  C:1901H         LINE#         372
  C:1901H         LINE#         373
  C:1919H         LINE#         374
  C:1920H         LINE#         375
  C:1932H         LINE#         376
  C:1934H         LINE#         377
  C:1936H         LINE#         378
  C:1938H         LINE#         380
  C:1938H         LINE#         381
  C:193AH         LINE#         382
  C:193CH         LINE#         383
  C:193CH         LINE#         385
  C:194DH         LINE#         386
  C:194DH         LINE#         387
  C:1959H         LINE#         388
  C:1960H         LINE#         390
  C:1967H         LINE#         391
  C:196DH         LINE#         392
  C:196DH         LINE#         393
  C:196FH         LINE#         395
  C:196FH         LINE#         396
  C:1985H         LINE#         397
  C:1985H         LINE#         398
  C:1991H         LINE#         399
  C:199FH         LINE#         400
  C:19A1H         LINE#         401
  C:19A8H         LINE#         402
  C:19AEH         LINE#         403
  C:19B0H         LINE#         404
  C:19B0H         LINE#         405
  C:19B0H         LINE#         407
  C:19B6H         LINE#         408
  C:19B6H         LINE#         409
  C:19B8H         LINE#         411
  C:19BEH         LINE#         412
  C:19BEH         LINE#         413
  C:19D1H         LINE#         414
  C:19DFH         LINE#         416
  C:19F5H         LINE#         417
  C:1A10H         LINE#         418
  C:1A10H         LINE#         419
  C:1A12H         LINE#         420
  C:1A12H         LINE#         422
  C:1A1CH         LINE#         424
  C:1A25H         LINE#         425
  C:1A25H         LINE#         426
  C:1A29H         LINE#         427
  C:1A29H         LINE#         429
  C:1A3DH         LINE#         430
  C:1A3DH         LINE#         431
BL51 BANKED LINKER/LOCATER V6.22                                                      11/27/2017  09:34:22  PAGE 15


  C:1A3FH         LINE#         432
  C:1A3FH         LINE#         433
  C:1A41H         LINE#         435
  C:1A41H         LINE#         436
  C:1A43H         LINE#         437
  C:1A43H         LINE#         438
  C:1A43H         LINE#         440
  C:1A49H         LINE#         441
  -------         ENDPROC       UART0INTERRUPT
  C:37A8H         SYMBOL        L?0754
  -------         PROC          L?0753
  -------         ENDPROC       L?0753
  C:37A8H         SYMBOL        L?0754
  -------         PROC          _SENDCOMMAND
  D:0001H         SYMBOL        s
  -------         DO            
  X:0F3CH         SYMBOL        SFRPAGE_SAVE
  -------         ENDDO         
  C:37AEH         LINE#         449
  C:37AEH         LINE#         450
  C:37AEH         LINE#         451
  C:37B4H         LINE#         453
  C:37B9H         LINE#         454
  C:37B9H         LINE#         455
  C:37D0H         LINE#         456
  C:37D0H         LINE#         457
  C:37ECH         LINE#         458
  C:37F5H         LINE#         459
  C:37F5H         LINE#         460
  C:37F9H         LINE#         461
  C:37F9H         LINE#         463
  C:37FCH         LINE#         464
  C:37FCH         LINE#         465
  C:37FEH         LINE#         466
  C:37FEH         LINE#         467
  C:37FEH         LINE#         469
  C:3805H         LINE#         470
  C:3807H         LINE#         472
  C:380AH         LINE#         473
  C:380AH         LINE#         474
  C:380CH         LINE#         475
  C:380FH         LINE#         476
  C:3811H         LINE#         477
  C:3811H         LINE#         479
  C:3817H         LINE#         480
  -------         ENDPROC       _SENDCOMMAND
  C:329EH         SYMBOL        L?0750
  C:32AAH         SYMBOL        L?0751
  C:32ABH         SYMBOL        L?0752
  -------         PROC          L?0749
  -------         ENDPROC       L?0749
  C:329EH         SYMBOL        L?0750
  C:32AAH         SYMBOL        L?0751
  C:32ABH         SYMBOL        L?0752
  -------         PROC          _DISPLAYTEXT
  X:0EAEH         SYMBOL        fg
  X:0EB1H         SYMBOL        bg
BL51 BANKED LINKER/LOCATER V6.22                                                      11/27/2017  09:34:22  PAGE 16


  X:0EB4H         SYMBOL        size
  X:0EB5H         SYMBOL        message
  X:0EB8H         SYMBOL        x
  X:0EBAH         SYMBOL        y
  -------         DO            
  X:0EBCH         SYMBOL        str
  -------         ENDDO         
  C:32B2H         LINE#         488
  C:32BDH         LINE#         489
  C:32BDH         LINE#         492
  C:32FEH         LINE#         493
  C:3307H         LINE#         494
  C:333EH         LINE#         495
  C:3347H         LINE#         496
  C:338FH         LINE#         497
  -------         ENDPROC       _DISPLAYTEXT
  -------         PROC          _SHOWBITMAP
  D:0006H         SYMBOL        index
  X:0F64H         SYMBOL        x
  D:0004H         SYMBOL        y
  -------         DO            
  X:0F66H         SYMBOL        str
  -------         ENDDO         
  C:39DFH         LINE#         506
  C:39EBH         LINE#         507
  C:39EBH         LINE#         510
  C:3A1FH         LINE#         511
  -------         ENDPROC       _SHOWBITMAP
  -------         PROC          _CHANGESCREEN
  D:0007H         SYMBOL        screenIndex
  C:3D8DH         LINE#         520
  C:3D8DH         LINE#         521
  C:3D8DH         LINE#         522
  -------         ENDPROC       _CHANGESCREEN
  -------         PROC          _CALLMACRO
  D:0006H         SYMBOL        macroNumber
  -------         DO            
  X:0FE6H         SYMBOL        str
  -------         ENDDO         
  C:3BD7H         LINE#         531
  C:3BD7H         LINE#         532
  C:3BD7H         LINE#         535
  C:3BF4H         LINE#         536
  -------         ENDPROC       _CALLMACRO
  -------         PROC          SCANUSERINPUT
  -------         DO            
  X:112AH         SYMBOL        i
  -------         ENDDO         
  C:2EA2H         LINE#         545
  C:2EA2H         LINE#         546
  C:2EA2H         LINE#         547
  C:2EA9H         LINE#         549
  C:2EB1H         LINE#         550
  C:2EB1H         LINE#         551
  C:2EB9H         LINE#         552
  C:2EB9H         LINE#         553
  C:2EC9H         LINE#         554
BL51 BANKED LINKER/LOCATER V6.22                                                      11/27/2017  09:34:22  PAGE 17


  C:2EC9H         LINE#         555
  C:2EC9H         LINE#         556
  C:2EC9H         LINE#         557
  C:2ECCH         LINE#         558
  C:2ECCH         LINE#         559
  C:2ECCH         LINE#         560
  C:2ECFH         LINE#         561
  C:2ECFH         LINE#         562
  C:2ECFH         LINE#         563
  C:2ED2H         LINE#         564
  C:2ED2H         LINE#         566
  C:2ED2H         LINE#         567
  C:2ED2H         LINE#         569
  C:2ED2H         LINE#         570
  C:2ED2H         LINE#         572
  C:2ED2H         LINE#         573
  C:2ED2H         LINE#         574
  C:2ED2H         LINE#         575
  C:2ED2H         LINE#         576
  C:2ED2H         LINE#         578
  C:2ED2H         LINE#         579
  C:2ED9H         LINE#         580
  C:2EF0H         LINE#         581
  C:2EF0H         LINE#         582
  C:2EFCH         LINE#         583
  C:2F0AH         LINE#         584
  C:2F0CH         LINE#         585
  C:2F0CH         LINE#         586
  C:2F0CH         LINE#         587
  C:2F14H         LINE#         588
  C:2F14H         LINE#         589
  C:2F1CH         LINE#         590
  C:2F1CH         LINE#         591
  C:2F2CH         LINE#         592
  C:2F2CH         LINE#         593
  C:2F2CH         LINE#         594
  C:2F2CH         LINE#         595
  C:2F2EH         LINE#         596
  C:2F2EH         LINE#         597
  C:2F2EH         LINE#         598
  C:2F30H         LINE#         599
  C:2F30H         LINE#         600
  C:2F30H         LINE#         601
  C:2F32H         LINE#         602
  C:2F32H         LINE#         604
  C:2F32H         LINE#         605
  C:2F32H         LINE#         607
  C:2F32H         LINE#         608
  C:2F32H         LINE#         610
  C:2F32H         LINE#         611
  C:2F32H         LINE#         612
  C:2F32H         LINE#         613
  C:2F32H         LINE#         614
  C:2F32H         LINE#         616
  C:2F32H         LINE#         617
  C:2F39H         LINE#         618
  C:2F50H         LINE#         619
BL51 BANKED LINKER/LOCATER V6.22                                                      11/27/2017  09:34:22  PAGE 18


  C:2F50H         LINE#         620
  C:2F5CH         LINE#         621
  C:2F6AH         LINE#         622
  C:2F6CH         LINE#         623
  C:2F6CH         LINE#         624
  C:2F6CH         LINE#         625
  C:2F74H         LINE#         626
  C:2F74H         LINE#         627
  C:2F7BH         LINE#         628
  C:2F7BH         LINE#         629
  C:2F88H         LINE#         630
  C:2F88H         LINE#         631
  C:2F88H         LINE#         632
  C:2F8AH         LINE#         633
  C:2F8CH         LINE#         634
  C:2F8CH         LINE#         635
  C:2F8EH         LINE#         636
  C:2F90H         LINE#         637
  C:2F90H         LINE#         638
  C:2F95H         LINE#         639
  C:2F97H         LINE#         640
  C:2F97H         LINE#         642
  C:2F97H         LINE#         644
  C:2F97H         LINE#         646
  C:2F97H         LINE#         647
  C:2F97H         LINE#         648
  C:2F97H         LINE#         649
  C:2F97H         LINE#         651
  C:2F97H         LINE#         652
  C:2F9EH         LINE#         653
  C:2FB2H         LINE#         654
  C:2FB2H         LINE#         655
  C:2FBEH         LINE#         656
  C:2FCCH         LINE#         657
  C:2FCEH         LINE#         658
  C:2FCEH         LINE#         659
  C:2FCEH         LINE#         661
  C:2FCEH         LINE#         663
  C:2FCEH         LINE#         665
  C:2FD5H         LINE#         666
  C:2FE9H         LINE#         667
  C:2FE9H         LINE#         668
  C:2FF5H         LINE#         669
  C:3003H         LINE#         670
  C:3005H         LINE#         671
  -------         ENDPROC       SCANUSERINPUT
  -------         PROC          SMBINIT
  -------         DO            
  X:0E6EH         SYMBOL        i
  X:0E70H         SYMBOL        pollingCounter
  X:0E74H         SYMBOL        SFRPAGE_SAVE
  -------         ENDDO         
  C:3490H         LINE#         679
  C:3490H         LINE#         680
  C:3490H         LINE#         682
  C:349AH         LINE#         683
  C:34A0H         LINE#         685
BL51 BANKED LINKER/LOCATER V6.22                                                      11/27/2017  09:34:22  PAGE 19


  C:34A3H         LINE#         686
  C:34BAH         LINE#         687
  C:34BAH         LINE#         688
  C:34BCH         LINE#         689
  C:34DCH         LINE#         690
  C:34DEH         LINE#         691
  C:34F5H         LINE#         692
  C:351BH         LINE#         693
  C:351BH         LINE#         695
  C:351EH         LINE#         697
  C:3521H         LINE#         699
  C:3524H         LINE#         701
  C:352AH         LINE#         703
  C:352CH         LINE#         705
  C:3531H         LINE#         706
  C:3535H         LINE#         707
  C:3539H         LINE#         708
  C:353DH         LINE#         709
  C:3541H         LINE#         710
  C:3545H         LINE#         711
  -------         ENDPROC       SMBINIT
  -------         PROC          TIMER3INIT
  -------         DO            
  D:0007H         SYMBOL        SFRPAGE_SAVE
  -------         ENDDO         
  C:3CBDH         LINE#         719
  C:3CBDH         LINE#         720
  C:3CBDH         LINE#         721
  C:3CBFH         LINE#         723
  C:3CC2H         LINE#         725
  C:3CC5H         LINE#         727
  C:3CC7H         LINE#         729
  C:3CCDH         LINE#         730
  C:3CD3H         LINE#         732
  C:3CD5H         LINE#         734
  C:3CD7H         LINE#         735
  -------         ENDPROC       TIMER3INIT
  -------         PROC          TIMER3ISR
  -------         DO            
  D:0007H         SYMBOL        SFRPAGE_SAVE
  -------         ENDDO         
  C:3C9EH         LINE#         743
  C:3CA5H         LINE#         745
  C:3CA7H         LINE#         747
  C:3CAAH         LINE#         748
  C:3CADH         LINE#         749
  C:3CB0H         LINE#         751
  C:3CB2H         LINE#         752
  C:3CB4H         LINE#         753
  C:3CB6H         LINE#         755
  C:3CB8H         LINE#         756
  -------         ENDPROC       TIMER3ISR
  -------         PROC          _WRITEONEBYTETOSLAVE
  D:0007H         SYMBOL        startAddr
  D:0005H         SYMBOL        content
  C:3CD8H         LINE#         764
  C:3CD8H         LINE#         765
BL51 BANKED LINKER/LOCATER V6.22                                                      11/27/2017  09:34:22  PAGE 20


  C:3CD8H         LINE#         766
  C:3CE4H         LINE#         767
  -------         ENDPROC       _WRITEONEBYTETOSLAVE
  -------         PROC          _READONEBYTEFROMSLAVE
  X:0E6EH         SYMBOL        startAddr
  C:3BFDH         LINE#         776
  C:3C02H         LINE#         777
  C:3C02H         LINE#         778
  C:3C0EH         LINE#         779
  C:3C1DH         LINE#         780
  -------         ENDPROC       _READONEBYTEFROMSLAVE
  -------         PROC          _WRITEBYTESTOREALTIMECLOCK
  D:0007H         SYMBOL        startAddr
  D:0006H         SYMBOL        numBytes
  C:3D2CH         LINE#         788
  C:3D2EH         LINE#         789
  C:3D2EH         LINE#         790
  -------         ENDPROC       _WRITEBYTESTOREALTIMECLOCK
  -------         PROC          _READBYTESFROMREALTIMECLOCK
  D:0007H         SYMBOL        startAddr
  D:0006H         SYMBOL        numBytes
  C:3D3BH         LINE#         799
  C:3D3DH         LINE#         800
  C:3D3DH         LINE#         801
  -------         ENDPROC       _READBYTESFROMREALTIMECLOCK
  -------         PROC          _SMBREAD
  X:0EB0H         SYMBOL        deviceId
  X:0EB1H         SYMBOL        location
  X:0EB3H         SYMBOL        bytes
  -------         DO            
  X:0EB5H         SYMBOL        SFRPAGE_SAVE
  -------         ENDDO         
  C:35F5H         LINE#         810
  C:3606H         LINE#         811
  C:3606H         LINE#         812
  C:360AH         LINE#         814
  C:360DH         LINE#         816
  C:3613H         LINE#         818
  C:3619H         LINE#         820
  C:362AH         LINE#         821
  C:362AH         LINE#         822
  C:362AH         LINE#         823
  C:362AH         LINE#         824
  C:362AH         LINE#         825
  C:3638H         LINE#         826
  C:3638H         LINE#         827
  C:3638H         LINE#         828
  C:3638H         LINE#         829
  C:3638H         LINE#         831
  C:363BH         LINE#         833
  C:3641H         LINE#         834
  C:3649H         LINE#         835
  C:3658H         LINE#         836
  C:3667H         LINE#         838
  C:3669H         LINE#         839
  C:366BH         LINE#         840
  C:366DH         LINE#         842
BL51 BANKED LINKER/LOCATER V6.22                                                      11/27/2017  09:34:22  PAGE 21


  C:3673H         LINE#         844
  C:3679H         LINE#         846
  C:3689H         LINE#         847
  C:3689H         LINE#         848
  C:3689H         LINE#         849
  C:3691H         LINE#         851
  C:3691H         LINE#         852
  C:3699H         LINE#         854
  C:3699H         LINE#         855
  C:369FH         LINE#         856
  C:369FH         LINE#         857
  C:369FH         LINE#         858
  C:369FH         LINE#         859
  C:369FH         LINE#         860
  -------         ENDPROC       _SMBREAD
  -------         PROC          _SMBWRITE
  D:0001H         SYMBOL        deviceId
  D:0004H         SYMBOL        location
  D:0002H         SYMBOL        bytes
  -------         DO            
  X:0EB6H         SYMBOL        i
  X:0EB7H         SYMBOL        pageWrittenDelay
  X:0EB9H         SYMBOL        SFRPAGE_SAVE
  -------         ENDDO         
  C:3818H         LINE#         868
  C:381AH         LINE#         869
  C:381AH         LINE#         870
  C:381FH         LINE#         871
  C:3823H         LINE#         872
  C:3827H         LINE#         874
  C:382AH         LINE#         876
  C:3830H         LINE#         877
  C:3835H         LINE#         878
  C:383FH         LINE#         880
  C:384CH         LINE#         881
  C:384CH         LINE#         882
  C:384CH         LINE#         883
  C:384CH         LINE#         884
  C:3854H         LINE#         885
  C:3856H         LINE#         886
  C:3858H         LINE#         887
  C:385AH         LINE#         888
  C:3862H         LINE#         890
  C:3862H         LINE#         891
  C:386CH         LINE#         892
  C:386EH         LINE#         893
  C:3870H         LINE#         894
  C:3872H         LINE#         895
  C:3878H         LINE#         896
  C:3878H         LINE#         897
  C:3878H         LINE#         898
  C:3878H         LINE#         899
  C:3878H         LINE#         901
  C:387EH         LINE#         902
  -------         ENDPROC       _SMBWRITE
  -------         PROC          SMBISR
  -------         DO            
BL51 BANKED LINKER/LOCATER V6.22                                                      11/27/2017  09:34:22  PAGE 22


  B:0022H.4       SYMBOL        FAIL
  X:0000H         SYMBOL        TxCounter
  X:0002H         SYMBOL        RxCounter
  X:0004H         SYMBOL        slaveCount
  X:0006H         SYMBOL        realTimeClockCount
  X:0008H         SYMBOL        eepromCount
  X:000AH         SYMBOL        eepromAddrDone
  -------         ENDDO         
  C:1064H         LINE#         913
  C:1071H         LINE#         915
  C:1073H         LINE#         923
  C:10B2H         LINE#         924
  C:10B2H         LINE#         928
  C:10B2H         LINE#         933
  C:10B2H         LINE#         934
  C:10B8H         LINE#         935
  C:10BBH         LINE#         936
  C:10C1H         LINE#         937
  C:10C3H         LINE#         939
  C:10CAH         LINE#         940
  C:10D0H         LINE#         941
  C:10D4H         LINE#         943
  C:10D7H         LINE#         949
  C:10D7H         LINE#         950
  C:10DFH         LINE#         951
  C:10DFH         LINE#         952
  C:10ECH         LINE#         953
  C:10ECH         LINE#         954
  C:10EEH         LINE#         955
  C:10F0H         LINE#         956
  C:10F3H         LINE#         958
  C:10F3H         LINE#         959
  C:10F5H         LINE#         960
  C:10FAH         LINE#         961
  C:10FAH         LINE#         962
  C:10FDH         LINE#         963
  C:1105H         LINE#         964
  C:1105H         LINE#         965
  C:110CH         LINE#         966
  C:1111H         LINE#         967
  C:1114H         LINE#         968
  C:1114H         LINE#         969
  C:1114H         LINE#         974
  C:1114H         LINE#         975
  C:111CH         LINE#         976
  C:111CH         LINE#         977
  C:112BH         LINE#         978
  C:112BH         LINE#         979
  C:1137H         LINE#         980
  C:1139H         LINE#         981
  C:113CH         LINE#         983
  C:113CH         LINE#         984
  C:1143H         LINE#         985
  C:1146H         LINE#         986
  C:1146H         LINE#         987
  C:1146H         LINE#         988
  C:1146H         LINE#         989
BL51 BANKED LINKER/LOCATER V6.22                                                      11/27/2017  09:34:22  PAGE 23


  C:1146H         LINE#         990
  C:1148H         LINE#         991
  C:114CH         LINE#         992
  C:114CH         LINE#         993
  C:115BH         LINE#         994
  C:115BH         LINE#         995
  C:1167H         LINE#         996
  C:1169H         LINE#         997
  C:116CH         LINE#         999
  C:116CH         LINE#         1000
  C:1173H         LINE#         1001
  C:1176H         LINE#         1002
  C:1176H         LINE#         1003
  C:1176H         LINE#         1004
  C:1176H         LINE#         1005
  C:1176H         LINE#         1006
  C:1178H         LINE#         1007
  C:1183H         LINE#         1008
  C:1183H         LINE#         1009
  C:1192H         LINE#         1010
  C:1192H         LINE#         1011
  C:119EH         LINE#         1012
  C:11A0H         LINE#         1013
  C:11A3H         LINE#         1015
  C:11A3H         LINE#         1016
  C:11AAH         LINE#         1017
  C:11AEH         LINE#         1018
  C:11AEH         LINE#         1019
  C:11AEH         LINE#         1020
  C:11AEH         LINE#         1021
  C:11AEH         LINE#         1022
  C:11B1H         LINE#         1024
  C:11B1H         LINE#         1026
  C:11B1H         LINE#         1032
  C:11B1H         LINE#         1033
  C:11BAH         LINE#         1034
  C:11BAH         LINE#         1035
  C:11D0H         LINE#         1036
  C:11D0H         LINE#         1037
  C:11E9H         LINE#         1038
  C:11F7H         LINE#         1039
  C:11FAH         LINE#         1041
  C:11FAH         LINE#         1042
  C:11FCH         LINE#         1043
  C:11FEH         LINE#         1044
  C:1201H         LINE#         1045
  C:1201H         LINE#         1046
  C:1204H         LINE#         1047
  C:120CH         LINE#         1048
  C:120CH         LINE#         1049
  C:1222H         LINE#         1050
  C:1222H         LINE#         1051
  C:123BH         LINE#         1052
  C:1249H         LINE#         1053
  C:124CH         LINE#         1055
  C:124CH         LINE#         1056
  C:124EH         LINE#         1057
BL51 BANKED LINKER/LOCATER V6.22                                                      11/27/2017  09:34:22  PAGE 24


  C:1250H         LINE#         1058
  C:1253H         LINE#         1059
  C:1253H         LINE#         1060
  C:1253H         LINE#         1061
  C:1256H         LINE#         1066
  C:1256H         LINE#         1067
  C:125EH         LINE#         1068
  C:125EH         LINE#         1069
  C:126DH         LINE#         1070
  C:126DH         LINE#         1071
  C:1279H         LINE#         1072
  C:127BH         LINE#         1073
  C:127EH         LINE#         1075
  C:127EH         LINE#         1076
  C:1284H         LINE#         1077
  C:1284H         LINE#         1078
  C:1284H         LINE#         1079
  C:1284H         LINE#         1080
  C:1284H         LINE#         1081
  C:1287H         LINE#         1082
  C:128BH         LINE#         1083
  C:128BH         LINE#         1084
  C:129AH         LINE#         1085
  C:129AH         LINE#         1086
  C:12A6H         LINE#         1087
  C:12A8H         LINE#         1088
  C:12ABH         LINE#         1090
  C:12ABH         LINE#         1091
  C:12B1H         LINE#         1092
  C:12B1H         LINE#         1093
  C:12B1H         LINE#         1094
  C:12B1H         LINE#         1095
  C:12B1H         LINE#         1096
  C:12B4H         LINE#         1097
  C:12BFH         LINE#         1098
  C:12BFH         LINE#         1099
  C:12CEH         LINE#         1100
  C:12CEH         LINE#         1101
  C:12DAH         LINE#         1102
  C:12DCH         LINE#         1103
  C:12DFH         LINE#         1105
  C:12DFH         LINE#         1106
  C:12E5H         LINE#         1107
  C:12E5H         LINE#         1108
  C:12E5H         LINE#         1109
  C:12E5H         LINE#         1110
  C:12E5H         LINE#         1111
  C:12E8H         LINE#         1113
  C:12E8H         LINE#         1114
  C:12E8H         LINE#         1121
  C:12E8H         LINE#         1122
  C:12F4H         LINE#         1123
  C:12F4H         LINE#         1124
  C:12F6H         LINE#         1126
  C:12F9H         LINE#         1128
  C:12F9H         LINE#         1129
  C:12FBH         LINE#         1131
BL51 BANKED LINKER/LOCATER V6.22                                                      11/27/2017  09:34:22  PAGE 25


  C:12FBH         LINE#         1132
  C:12FEH         LINE#         1137
  C:12FEH         LINE#         1138
  C:1306H         LINE#         1139
  C:1306H         LINE#         1140
  C:1315H         LINE#         1141
  C:1315H         LINE#         1142
  C:1321H         LINE#         1143
  C:1323H         LINE#         1144
  C:1326H         LINE#         1146
  C:1326H         LINE#         1147
  C:132CH         LINE#         1148
  C:132CH         LINE#         1149
  C:132CH         LINE#         1150
  C:132CH         LINE#         1151
  C:132CH         LINE#         1152
  C:132EH         LINE#         1153
  C:1332H         LINE#         1154
  C:1332H         LINE#         1155
  C:1341H         LINE#         1156
  C:1341H         LINE#         1157
  C:134DH         LINE#         1158
  C:134FH         LINE#         1159
  C:1352H         LINE#         1161
  C:1352H         LINE#         1162
  C:1358H         LINE#         1163
  C:1358H         LINE#         1164
  C:1358H         LINE#         1165
  C:1358H         LINE#         1166
  C:1358H         LINE#         1167
  C:135AH         LINE#         1168
  C:1365H         LINE#         1169
  C:1365H         LINE#         1170
  C:1374H         LINE#         1171
  C:1374H         LINE#         1172
  C:1380H         LINE#         1173
  C:1382H         LINE#         1174
  C:1385H         LINE#         1176
  C:1385H         LINE#         1177
  C:138CH         LINE#         1178
  C:138EH         LINE#         1179
  C:1390H         LINE#         1180
  C:1392H         LINE#         1181
  C:1392H         LINE#         1182
  C:1395H         LINE#         1184
  C:1395H         LINE#         1185
  C:1395H         LINE#         1191
  C:1395H         LINE#         1193
  C:139EH         LINE#         1194
  C:139EH         LINE#         1195
  C:13B4H         LINE#         1196
  C:13B4H         LINE#         1197
  C:13CDH         LINE#         1198
  C:13CFH         LINE#         1199
  C:13DDH         LINE#         1200
  C:13E2H         LINE#         1201
  C:13E5H         LINE#         1203
BL51 BANKED LINKER/LOCATER V6.22                                                      11/27/2017  09:34:22  PAGE 26


  C:13E5H         LINE#         1204
  C:13E7H         LINE#         1205
  C:13EAH         LINE#         1206
  C:13EAH         LINE#         1207
  C:13EDH         LINE#         1208
  C:13F2H         LINE#         1209
  C:13F2H         LINE#         1210
  C:1408H         LINE#         1211
  C:1408H         LINE#         1212
  C:1421H         LINE#         1213
  C:1426H         LINE#         1215
  C:1428H         LINE#         1216
  C:1436H         LINE#         1217
  C:1439H         LINE#         1219
  C:1439H         LINE#         1220
  C:143FH         LINE#         1221
  C:1441H         LINE#         1222
  C:1441H         LINE#         1223
  C:1444H         LINE#         1224
  C:144CH         LINE#         1225
  C:144CH         LINE#         1226
  C:1462H         LINE#         1227
  C:1462H         LINE#         1228
  C:1474H         LINE#         1229
  C:1476H         LINE#         1230
  C:1484H         LINE#         1231
  C:1489H         LINE#         1232
  C:148CH         LINE#         1234
  C:148CH         LINE#         1235
  C:148EH         LINE#         1236
  C:1491H         LINE#         1237
  C:1491H         LINE#         1238
  C:1491H         LINE#         1239
  C:1494H         LINE#         1245
  C:1494H         LINE#         1246
  C:149CH         LINE#         1247
  C:149CH         LINE#         1248
  C:14BDH         LINE#         1249
  C:14BFH         LINE#         1250
  C:14C1H         LINE#         1251
  C:14C3H         LINE#         1252
  C:14C6H         LINE#         1253
  C:14C8H         LINE#         1254
  C:14CCH         LINE#         1255
  C:14CCH         LINE#         1256
  C:14EDH         LINE#         1257
  C:14F3H         LINE#         1259
  C:14F5H         LINE#         1260
  C:14F7H         LINE#         1261
  C:14F9H         LINE#         1262
  C:14FBH         LINE#         1263
  C:1502H         LINE#         1264
  C:1502H         LINE#         1265
  C:1515H         LINE#         1266
  C:1517H         LINE#         1267
  C:1519H         LINE#         1268
  C:151BH         LINE#         1269
BL51 BANKED LINKER/LOCATER V6.22                                                      11/27/2017  09:34:22  PAGE 27


  C:1521H         LINE#         1270
  C:1521H         LINE#         1271
  C:1523H         LINE#         1276
  C:1523H         LINE#         1277
  C:1525H         LINE#         1279
  C:1527H         LINE#         1284
  C:1527H         LINE#         1285
  C:1529H         LINE#         1286
  C:1529H         LINE#         1287
  C:1529H         LINE#         1291
  C:152CH         LINE#         1292
  C:152CH         LINE#         1293
  C:152FH         LINE#         1294
  C:1532H         LINE#         1295
  C:1534H         LINE#         1296
  C:1536H         LINE#         1297
  C:1538H         LINE#         1299
  C:153AH         LINE#         1301
  C:153CH         LINE#         1303
  C:1542H         LINE#         1304
  C:1546H         LINE#         1305
  C:154AH         LINE#         1306
  C:154EH         LINE#         1307
  C:1552H         LINE#         1308
  C:1556H         LINE#         1309
  C:1556H         LINE#         1311
  C:1558H         LINE#         1312
  -------         ENDPROC       SMBISR
  -------         PROC          SETCLOCKCONTROL
  C:3D1BH         LINE#         1321
  C:3D1BH         LINE#         1322
  C:3D1BH         LINE#         1323
  C:3D21H         LINE#         1324
  C:3D25H         LINE#         1325
  -------         ENDPROC       SETCLOCKCONTROL
  -------         PROC          SETCLOCK
  -------         DO            
  D:0007H         SYMBOL        hoursAux
  -------         ENDDO         
  C:372CH         LINE#         1334
  C:372CH         LINE#         1335
  C:372CH         LINE#         1338
  C:3739H         LINE#         1339
  C:3746H         LINE#         1340
  C:3753H         LINE#         1341
  C:3760H         LINE#         1342
  C:376DH         LINE#         1343
  C:377AH         LINE#         1345
  C:3782H         LINE#         1347
  C:3786H         LINE#         1349
  C:378EH         LINE#         1350
  C:378EH         LINE#         1351
  C:3792H         LINE#         1352
  C:3794H         LINE#         1353
  C:3798H         LINE#         1354
  C:3798H         LINE#         1355
  C:379CH         LINE#         1356
BL51 BANKED LINKER/LOCATER V6.22                                                      11/27/2017  09:34:22  PAGE 28


  C:379CH         LINE#         1358
  C:37A1H         LINE#         1360
  -------         ENDPROC       SETCLOCK
  -------         PROC          GETCLOCKDATA
  -------         DO            
  X:000BH         SYMBOL        previousMonth
  X:000CH         SYMBOL        previousDate
  X:000DH         SYMBOL        previousYear
  X:000EH         SYMBOL        previousHours
  X:000FH         SYMBOL        previousMinutes
  X:0010H         SYMBOL        previousSeconds
  X:0EAEH         SYMBOL        currentIndex
  D:0007H         SYMBOL        tempHours
  -------         ENDDO         
  C:2890H         LINE#         1371
  C:2890H         LINE#         1372
  C:2890H         LINE#         1380
  C:2897H         LINE#         1383
  C:289DH         LINE#         1385
  C:28AAH         LINE#         1386
  C:28B7H         LINE#         1388
  C:28BCH         LINE#         1390
  C:28BFH         LINE#         1391
  C:28BFH         LINE#         1392
  C:28C5H         LINE#         1394
  C:28CCH         LINE#         1395
  C:28CCH         LINE#         1396
  C:28CFH         LINE#         1397
  C:28D1H         LINE#         1399
  C:28D1H         LINE#         1400
  C:28D4H         LINE#         1401
  C:28D4H         LINE#         1402
  C:28D6H         LINE#         1404
  C:28D6H         LINE#         1405
  C:28DBH         LINE#         1406
  C:28DBH         LINE#         1408
  C:28E7H         LINE#         1410
  C:28EAH         LINE#         1411
  C:28EAH         LINE#         1412
  C:28F1H         LINE#         1413
  C:28F1H         LINE#         1414
  C:28F2H         LINE#         1415
  C:28F4H         LINE#         1417
  C:28F4H         LINE#         1418
  C:28F8H         LINE#         1419
  C:28F8H         LINE#         1420
  C:28FAH         LINE#         1422
  C:28FAH         LINE#         1423
  C:2904H         LINE#         1424
  C:2904H         LINE#         1425
  C:2907H         LINE#         1426
  C:2909H         LINE#         1428
  C:2909H         LINE#         1429
  C:290EH         LINE#         1430
  C:290EH         LINE#         1431
  C:290EH         LINE#         1433
  C:291BH         LINE#         1434
BL51 BANKED LINKER/LOCATER V6.22                                                      11/27/2017  09:34:22  PAGE 29


  C:2928H         LINE#         1435
  C:2935H         LINE#         1436
  C:2942H         LINE#         1438
  C:2966H         LINE#         1439
  C:2966H         LINE#         1440
  C:2968H         LINE#         1441
  C:2968H         LINE#         1442
  C:298DH         LINE#         1443
  C:298DH         LINE#         1444
  C:298FH         LINE#         1445
  C:298FH         LINE#         1447
  C:2997H         LINE#         1448
  C:2997H         LINE#         1449
  C:29B4H         LINE#         1450
  C:29B6H         LINE#         1451
  C:29BAH         LINE#         1452
  C:29BAH         LINE#         1453
  C:29C1H         LINE#         1454
  C:29C1H         LINE#         1455
  C:29C3H         LINE#         1456
  C:29C3H         LINE#         1458
  C:29DEH         LINE#         1459
  C:29DEH         LINE#         1461
  C:29DEH         LINE#         1463
  C:29F5H         LINE#         1464
  C:2A05H         LINE#         1466
  C:2A0DH         LINE#         1467
  C:2A15H         LINE#         1468
  C:2A1DH         LINE#         1469
  C:2A25H         LINE#         1470
  C:2A2DH         LINE#         1471
  C:2A35H         LINE#         1472
  -------         ENDPROC       GETCLOCKDATA
  -------         PROC          MOVEDATETIMEUP
  -------         DO            
  X:1066H         SYMBOL        str
  -------         ENDDO         
  C:2BBDH         LINE#         1480
  C:2BBDH         LINE#         1481
  C:2BBDH         LINE#         1484
  C:2BC3H         LINE#         1485
  C:2BC3H         LINE#         1486
  C:2BC9H         LINE#         1487
  C:2BCBH         LINE#         1489
  C:2BD1H         LINE#         1490
  C:2BD1H         LINE#         1491
  C:2BD4H         LINE#         1492
  C:2BD4H         LINE#         1494
  C:2C03H         LINE#         1495
  C:2C03H         LINE#         1496
  C:2C06H         LINE#         1497
  C:2C0EH         LINE#         1498
  C:2C0EH         LINE#         1499
  C:2C14H         LINE#         1500
  C:2C16H         LINE#         1502
  C:2C1CH         LINE#         1503
  C:2C1CH         LINE#         1504
BL51 BANKED LINKER/LOCATER V6.22                                                      11/27/2017  09:34:22  PAGE 30


  C:2C1FH         LINE#         1505
  C:2C1FH         LINE#         1507
  C:2C34H         LINE#         1508
  C:2C34H         LINE#         1509
  C:2C37H         LINE#         1510
  C:2C3FH         LINE#         1511
  C:2C3FH         LINE#         1512
  C:2C45H         LINE#         1513
  C:2C47H         LINE#         1515
  C:2C4DH         LINE#         1516
  C:2C4DH         LINE#         1517
  C:2C50H         LINE#         1518
  C:2C50H         LINE#         1520
  C:2C65H         LINE#         1521
  C:2C65H         LINE#         1522
  C:2C68H         LINE#         1523
  C:2C70H         LINE#         1524
  C:2C70H         LINE#         1525
  C:2C76H         LINE#         1526
  C:2C78H         LINE#         1528
  C:2C7EH         LINE#         1529
  C:2C7EH         LINE#         1530
  C:2C81H         LINE#         1531
  C:2C81H         LINE#         1533
  C:2C96H         LINE#         1534
  C:2C96H         LINE#         1535
  C:2C98H         LINE#         1536
  C:2CA0H         LINE#         1537
  C:2CA0H         LINE#         1538
  C:2CA6H         LINE#         1539
  C:2CA8H         LINE#         1541
  C:2CAEH         LINE#         1542
  C:2CAEH         LINE#         1543
  C:2CB0H         LINE#         1544
  C:2CB0H         LINE#         1546
  C:2CC5H         LINE#         1547
  C:2CC5H         LINE#         1548
  C:2CC7H         LINE#         1549
  C:2CCFH         LINE#         1550
  C:2CCFH         LINE#         1551
  C:2CD7H         LINE#         1552
  C:2CD7H         LINE#         1553
  C:2CDAH         LINE#         1554
  C:2CDCH         LINE#         1555
  C:2CE0H         LINE#         1556
  C:2CE0H         LINE#         1557
  C:2CE6H         LINE#         1558
  C:2CE6H         LINE#         1560
  C:2CE6H         LINE#         1562
  C:2CE8H         LINE#         1564
  C:2D07H         LINE#         1565
  C:2D33H         LINE#         1566
  C:2D33H         LINE#         1568
  C:2D33H         LINE#         1569
  -------         ENDPROC       MOVEDATETIMEUP
  -------         PROC          MOVEDATETIMEDOWN
  -------         DO            
BL51 BANKED LINKER/LOCATER V6.22                                                      11/27/2017  09:34:22  PAGE 31


  X:10A6H         SYMBOL        str
  -------         ENDDO         
  C:2A36H         LINE#         1577
  C:2A36H         LINE#         1578
  C:2A36H         LINE#         1581
  C:2A3CH         LINE#         1582
  C:2A3CH         LINE#         1583
  C:2A42H         LINE#         1584
  C:2A44H         LINE#         1586
  C:2A4AH         LINE#         1587
  C:2A4AH         LINE#         1588
  C:2A4DH         LINE#         1589
  C:2A4DH         LINE#         1590
  C:2A7CH         LINE#         1591
  C:2A7CH         LINE#         1592
  C:2A7FH         LINE#         1593
  C:2A87H         LINE#         1594
  C:2A87H         LINE#         1595
  C:2A8DH         LINE#         1596
  C:2A8FH         LINE#         1598
  C:2A95H         LINE#         1599
  C:2A95H         LINE#         1600
  C:2A98H         LINE#         1601
  C:2A98H         LINE#         1603
  C:2AADH         LINE#         1604
  C:2AADH         LINE#         1605
  C:2AB0H         LINE#         1606
  C:2AB8H         LINE#         1607
  C:2AB8H         LINE#         1608
  C:2AC1H         LINE#         1609
  C:2AC1H         LINE#         1610
  C:2AC4H         LINE#         1611
  C:2AC6H         LINE#         1613
  C:2AC6H         LINE#         1614
  C:2ACBH         LINE#         1615
  C:2ACBH         LINE#         1617
  C:2ACDH         LINE#         1619
  C:2AE2H         LINE#         1620
  C:2AE2H         LINE#         1621
  C:2AE5H         LINE#         1622
  C:2AEDH         LINE#         1623
  C:2AEDH         LINE#         1624
  C:2AF6H         LINE#         1625
  C:2AF6H         LINE#         1626
  C:2AF9H         LINE#         1627
  C:2AFBH         LINE#         1629
  C:2AFBH         LINE#         1630
  C:2B01H         LINE#         1631
  C:2B01H         LINE#         1633
  C:2B03H         LINE#         1635
  C:2B18H         LINE#         1636
  C:2B18H         LINE#         1637
  C:2B1AH         LINE#         1638
  C:2B22H         LINE#         1639
  C:2B22H         LINE#         1640
  C:2B2BH         LINE#         1641
  C:2B2BH         LINE#         1642
BL51 BANKED LINKER/LOCATER V6.22                                                      11/27/2017  09:34:22  PAGE 32


  C:2B2EH         LINE#         1643
  C:2B30H         LINE#         1645
  C:2B30H         LINE#         1646
  C:2B36H         LINE#         1647
  C:2B36H         LINE#         1649
  C:2B38H         LINE#         1651
  C:2B4DH         LINE#         1652
  C:2B4DH         LINE#         1653
  C:2B4FH         LINE#         1654
  C:2B57H         LINE#         1655
  C:2B57H         LINE#         1656
  C:2B5FH         LINE#         1657
  C:2B5FH         LINE#         1658
  C:2B62H         LINE#         1659
  C:2B64H         LINE#         1660
  C:2B68H         LINE#         1661
  C:2B68H         LINE#         1662
  C:2B6EH         LINE#         1663
  C:2B6EH         LINE#         1665
  C:2B6EH         LINE#         1667
  C:2B70H         LINE#         1669
  C:2B8FH         LINE#         1670
  C:2BBCH         LINE#         1671
  C:2BBCH         LINE#         1673
  C:2BBCH         LINE#         1674
  -------         ENDPROC       MOVEDATETIMEDOWN
  -------         PROC          ENTERDATETIME
  -------         DO            
  X:10E6H         SYMBOL        str
  -------         ENDDO         
  C:266CH         LINE#         1682
  C:266CH         LINE#         1683
  C:266CH         LINE#         1686
  C:2672H         LINE#         1688
  C:2675H         LINE#         1689
  C:2675H         LINE#         1690
  C:2675H         LINE#         1691
  C:2675H         LINE#         1692
  C:2675H         LINE#         1693
  C:2675H         LINE#         1694
  C:2678H         LINE#         1695
  C:2680H         LINE#         1696
  C:2680H         LINE#         1697
  C:2682H         LINE#         1698
  C:26A1H         LINE#         1699
  C:26B2H         LINE#         1700
  C:26B2H         LINE#         1701
  C:26B5H         LINE#         1702
  C:26BDH         LINE#         1703
  C:26BDH         LINE#         1704
  C:26BFH         LINE#         1705
  C:26DEH         LINE#         1706
  C:26EFH         LINE#         1707
  C:26EFH         LINE#         1708
  C:26F2H         LINE#         1709
  C:26FAH         LINE#         1710
  C:26FAH         LINE#         1711
BL51 BANKED LINKER/LOCATER V6.22                                                      11/27/2017  09:34:22  PAGE 33


  C:26FCH         LINE#         1712
  C:271CH         LINE#         1713
  C:272DH         LINE#         1714
  C:272DH         LINE#         1715
  C:2730H         LINE#         1716
  C:2738H         LINE#         1717
  C:2738H         LINE#         1718
  C:273AH         LINE#         1719
  C:273CH         LINE#         1720
  C:275CH         LINE#         1721
  C:276DH         LINE#         1722
  C:276DH         LINE#         1723
  C:276FH         LINE#         1724
  C:2777H         LINE#         1725
  C:2777H         LINE#         1726
  C:2779H         LINE#         1727
  C:2799H         LINE#         1728
  C:27AEH         LINE#         1729
  C:27AEH         LINE#         1730
  C:27B1H         LINE#         1731
  C:27B9H         LINE#         1732
  C:27B9H         LINE#         1733
  C:27BBH         LINE#         1734
  C:27DBH         LINE#         1735
  C:27F8H         LINE#         1736
  C:27FBH         LINE#         1737
  C:2806H         LINE#         1738
  C:2806H         LINE#         1739
  C:2807H         LINE#         1740
  C:2809H         LINE#         1741
  C:2829H         LINE#         1742
  C:2862H         LINE#         1743
  C:288FH         LINE#         1744
  C:288FH         LINE#         1746
  C:288FH         LINE#         1747
  -------         ENDPROC       ENTERDATETIME
  -------         PROC          SETCLOCKONSCREEN
  -------         DO            
  D:0007H         SYMBOL        hoursAux
  -------         ENDDO         
  C:3546H         LINE#         1755
  C:3546H         LINE#         1756
  C:3546H         LINE#         1759
  C:3549H         LINE#         1760
  C:3549H         LINE#         1761
  C:3556H         LINE#         1762
  C:355DH         LINE#         1763
  C:355FH         LINE#         1764
  C:355FH         LINE#         1766
  C:3562H         LINE#         1767
  C:3562H         LINE#         1768
  C:356FH         LINE#         1769
  C:3576H         LINE#         1770
  C:3578H         LINE#         1771
  C:3578H         LINE#         1773
  C:357BH         LINE#         1774
  C:357BH         LINE#         1775
BL51 BANKED LINKER/LOCATER V6.22                                                      11/27/2017  09:34:22  PAGE 34


  C:3588H         LINE#         1776
  C:358FH         LINE#         1777
  C:3591H         LINE#         1778
  C:3591H         LINE#         1780
  C:3597H         LINE#         1781
  C:3597H         LINE#         1782
  C:359FH         LINE#         1784
  C:35A2H         LINE#         1785
  C:35A2H         LINE#         1786
  C:35ABH         LINE#         1788
  C:35AFH         LINE#         1790
  C:35B3H         LINE#         1791
  C:35B3H         LINE#         1792
  C:35B7H         LINE#         1793
  C:35B9H         LINE#         1794
  C:35C0H         LINE#         1795
  C:35C0H         LINE#         1796
  C:35C4H         LINE#         1797
  C:35C4H         LINE#         1799
  C:35C4H         LINE#         1801
  C:35C6H         LINE#         1802
  C:35C6H         LINE#         1804
  C:35CBH         LINE#         1805
  C:35D2H         LINE#         1806
  C:35D4H         LINE#         1807
  C:35D4H         LINE#         1809
  C:35D7H         LINE#         1810
  C:35D7H         LINE#         1811
  C:35E4H         LINE#         1812
  C:35EBH         LINE#         1813
  C:35EDH         LINE#         1814
  C:35EDH         LINE#         1816
  C:35F2H         LINE#         1818
  -------         ENDPROC       SETCLOCKONSCREEN
  -------         PROC          RESETCLOCK
  C:003EH         LINE#         1829
  C:003EH         LINE#         1830
  C:003EH         LINE#         1831
  C:0043H         LINE#         1832
  C:0047H         LINE#         1833
  C:004BH         LINE#         1834
  C:0051H         LINE#         1835
  C:0057H         LINE#         1836
  C:005BH         LINE#         1837
  C:005FH         LINE#         1838
  C:0064H         LINE#         1839
  C:0068H         LINE#         1840
  C:006DH         LINE#         1842
  -------         ENDPROC       RESETCLOCK
  -------         PROC          _CONVERTDECIMALTOBCD
  D:0007H         SYMBOL        decimal
  -------         DO            
  D:0006H         SYMBOL        bcd
  -------         ENDDO         
  C:0026H         LINE#         1851
  C:0026H         LINE#         1852
  C:0026H         LINE#         1855
BL51 BANKED LINKER/LOCATER V6.22                                                      11/27/2017  09:34:22  PAGE 35


  C:002FH         LINE#         1856
  C:0037H         LINE#         1858
[...]


  C:1CF9H         LINE#         2314
  C:1CFEH         LINE#         2315
  C:1CFEH         LINE#         2316
  C:1D08H         LINE#         2317
  C:1D08H         LINE#         2318
  C:1D19H         LINE#         2319
  C:1D1BH         LINE#         2320
  C:1D20H         LINE#         2321
  C:1D20H         LINE#         2322
  C:1D3BH         LINE#         2323
  C:1D3BH         LINE#         2324
  C:1D3DH         LINE#         2325
  C:1D42H         LINE#         2326
  C:1D42H         LINE#         2327
  C:1D59H         LINE#         2328
  C:1D59H         LINE#         2329
  C:1D5BH         LINE#         2330
  C:1D60H         LINE#         2331
  C:1D60H         LINE#         2332
  C:1D7BH         LINE#         2333
  C:1D7BH         LINE#         2334
  C:1D7DH         LINE#         2335
  C:1D82H         LINE#         2336
  C:1D82H         LINE#         2337
  C:1D9EH         LINE#         2338
  C:1D9EH         LINE#         2339
  C:1DA0H         LINE#         2340
  C:1DA5H         LINE#         2341
  C:1DA5H         LINE#         2342
  C:1DC2H         LINE#         2343
  C:1DC2H         LINE#         2344
  C:1DC4H         LINE#         2345
  C:1DC9H         LINE#         2346
  C:1DC9H         LINE#         2347
  C:1DDEH         LINE#         2348
  C:1DDEH         LINE#         2349
  C:1DE0H         LINE#         2350
  C:1DE5H         LINE#         2351
  C:1DE5H         LINE#         2352
  C:1DFBH         LINE#         2353
  C:1DFBH         LINE#         2354
  C:1DFDH         LINE#         2355
  C:1E02H         LINE#         2356
  C:1E02H         LINE#         2357
  C:1E05H         LINE#         2358
  -------         ENDPROC       GET_FUNCTION_CODE
  -------         PROC          LOGIN_PAGE_LOAD
  -------         DO            
  X:0E6EH         SYMBOL        str
  -------         ENDDO         
  C:3C1EH         LINE#         2363
  C:3C1EH         LINE#         2365
  C:3C35H         LINE#         2366
  -------         ENDPROC       LOGIN_PAGE_LOAD
  -------         PROC          LOGIN_ATTEMPTS
  C:0039H         LINE#         2370
  C:0039H         LINE#         2372
BL51 BANKED LINKER/LOCATER V6.22                                                      11/27/2017  09:34:22  PAGE 42


  -------         ENDPROC       LOGIN_ATTEMPTS
  -------         PROC          LOGIN_CLEAR_STARS
  -------         DO            
  X:0E6EH         SYMBOL        str
  -------         ENDDO         
  C:38E5H         LINE#         2375
  C:38E5H         LINE#         2377
  C:38EEH         LINE#         2378
  C:3905H         LINE#         2379
  C:390CH         LINE#         2380
  C:3910H         LINE#         2381
  C:3914H         LINE#         2382
  C:3918H         LINE#         2383
  C:391EH         LINE#         2384
  C:3924H         LINE#         2385
  C:393BH         LINE#         2386
  -------         ENDPROC       LOGIN_CLEAR_STARS
  -------         PROC          LOGIN_DISP_1_STAR
  -------         DO            
  X:0E6EH         SYMBOL        str
  -------         ENDDO         
  C:3C3EH         LINE#         2390
  C:3C3EH         LINE#         2392
  C:3C55H         LINE#         2393
  -------         ENDPROC       LOGIN_DISP_1_STAR
  -------         PROC          LOGIN_DISP_2_STAR
  -------         DO            
  X:0E6EH         SYMBOL        str
  -------         ENDDO         
  C:3C5EH         LINE#         2397
  C:3C5EH         LINE#         2399
  C:3C75H         LINE#         2400
  -------         ENDPROC       LOGIN_DISP_2_STAR
  -------         PROC          LOGIN_DISP_3_STAR
  -------         DO            
  X:0E6EH         SYMBOL        str
  -------         ENDDO         
  C:3C7EH         LINE#         2404
  C:3C7EH         LINE#         2406
  C:3C95H         LINE#         2407
  -------         ENDPROC       LOGIN_DISP_3_STAR
  -------         PROC          LOGIN_DISP_4_STAR
  -------         DO            
  X:0E6EH         SYMBOL        str
  -------         ENDDO         
  C:2419H         LINE#         2411
  C:2419H         LINE#         2413
  C:2430H         LINE#         2414
  C:2433H         LINE#         2415
  C:246DH         LINE#         2416
  C:246DH         LINE#         2417
  C:247AH         LINE#         2418
  C:247AH         LINE#         2419
  C:247AH         LINE#         2420
  C:247AH         LINE#         2421
  C:247AH         LINE#         2422
  C:247AH         LINE#         2423
BL51 BANKED LINKER/LOCATER V6.22                                                      11/27/2017  09:34:22  PAGE 43


  C:247DH         LINE#         2424
  C:24B7H         LINE#         2425
  C:24B7H         LINE#         2426
  C:24C4H         LINE#         2427
  C:24C4H         LINE#         2428
  C:24C4H         LINE#         2429
  C:24C4H         LINE#         2430
  C:24C4H         LINE#         2431
  C:24C4H         LINE#         2432
  C:24C7H         LINE#         2433
  C:2501H         LINE#         2434
  C:2501H         LINE#         2435
  C:250EH         LINE#         2436
  C:250EH         LINE#         2437
  C:250EH         LINE#         2438
  C:250EH         LINE#         2439
  C:250EH         LINE#         2440
  C:250EH         LINE#         2441
  C:2510H         LINE#         2442
  C:2552H         LINE#         2443
  C:2552H         LINE#         2444
  C:2569H         LINE#         2445
  C:258CH         LINE#         2446
  C:258FH         LINE#         2447
  C:25A4H         LINE#         2448
  C:25A7H         LINE#         2449
  C:25AFH         LINE#         2450
  C:25B0H         LINE#         2452
  C:25B0H         LINE#         2453
  C:25C7H         LINE#         2454
  C:25CAH         LINE#         2455
  C:25DFH         LINE#         2456
  C:25E2H         LINE#         2457
  C:25F7H         LINE#         2458
  C:25FAH         LINE#         2459
  C:2601H         LINE#         2460
  C:2605H         LINE#         2461
  C:2609H         LINE#         2462
  C:260DH         LINE#         2463
  C:261BH         LINE#         2464
  C:262AH         LINE#         2465
  C:262AH         LINE#         2466
  C:2632H         LINE#         2467
  C:2640H         LINE#         2468
  C:2640H         LINE#         2469
  C:2642H         LINE#         2471
  C:2642H         LINE#         2472
  C:2668H         LINE#         2473
  C:266BH         LINE#         2474
  C:266BH         LINE#         2475
  C:266BH         LINE#         2476
  -------         ENDPROC       LOGIN_DISP_4_STAR
  -------         PROC          LOCKED_PAGE_LOAD
  C:003AH         LINE#         2482
  C:003AH         LINE#         2484
  -------         ENDPROC       LOCKED_PAGE_LOAD
  -------         PROC          UPDATE_WAIT_TIME
BL51 BANKED LINKER/LOCATER V6.22                                                      11/27/2017  09:34:22  PAGE 44


  C:0070H         LINE#         2487
  C:0070H         LINE#         2489
  -------         ENDPROC       UPDATE_WAIT_TIME
  -------         PROC          LOGIN_CLEAR_DISP
  C:0071H         LINE#         2492
  C:0071H         LINE#         2494
  -------         ENDPROC       LOGIN_CLEAR_DISP
  -------         PROC          MAIN_PAGE_LOAD
  -------         DO            
  X:0E6EH         SYMBOL        str
  -------         ENDDO         
  C:3944H         LINE#         2497
  C:3944H         LINE#         2498
  C:3944H         LINE#         2500
  C:394BH         LINE#         2501
  C:3951H         LINE#         2502
  C:3957H         LINE#         2503
  C:395DH         LINE#         2504
  C:3963H         LINE#         2505
  C:3969H         LINE#         2506
  C:3980H         LINE#         2507
  C:3989H         LINE#         2508
  C:3991H         LINE#         2509
  -------         ENDPROC       MAIN_PAGE_LOAD
  -------         PROC          TEMP_PAGE_LOAD
  -------         DO            
  X:0E6EH         SYMBOL        str
  -------         ENDDO         
  C:387FH         LINE#         2512
  C:387FH         LINE#         2513
  C:387FH         LINE#         2515
  C:3896H         LINE#         2516
  C:389FH         LINE#         2517
  C:38A7H         LINE#         2518
  C:38AEH         LINE#         2519
  C:38BBH         LINE#         2520
  C:38BBH         LINE#         2521
  C:38C5H         LINE#         2522
  C:38C5H         LINE#         2523
  C:38C7H         LINE#         2525
  C:38C7H         LINE#         2526
  C:38DBH         LINE#         2527
  C:38E4H         LINE#         2528
  C:38E4H         LINE#         2529
  -------         ENDPROC       TEMP_PAGE_LOAD
  -------         PROC          MOTOR_PAGE_LOAD
  -------         DO            
  X:0E6EH         SYMBOL        str
  -------         ENDDO         
  C:3AACH         LINE#         2532
  C:3AACH         LINE#         2533
  C:3AACH         LINE#         2535
  C:3AB3H         LINE#         2536
  C:3ABBH         LINE#         2537
  C:3AD2H         LINE#         2538
  C:3ADBH         LINE#         2539
  C:3AE3H         LINE#         2540
BL51 BANKED LINKER/LOCATER V6.22                                                      11/27/2017  09:34:22  PAGE 45


  C:3AEAH         LINE#         2541
  -------         ENDPROC       MOTOR_PAGE_LOAD
  -------         PROC          LASER_PAGE_LOAD
  -------         DO            
  X:0E6EH         SYMBOL        str
  -------         ENDDO         
  C:3B2AH         LINE#         2544
  C:3B2AH         LINE#         2545
  C:3B2AH         LINE#         2547
  C:3B41H         LINE#         2548
  C:3B4AH         LINE#         2549
  C:3B52H         LINE#         2550
  C:3B59H         LINE#         2552
  -------         ENDPROC       LASER_PAGE_LOAD
  -------         PROC          SETTING_PAGE_LOAD
  -------         DO            
  X:0E6EH         SYMBOL        str
  -------         ENDDO         
  C:3AEBH         LINE#         2555
  C:3AEBH         LINE#         2556
  C:3AEBH         LINE#         2558
  C:3B11H         LINE#         2559
  C:3B1AH         LINE#         2560
  C:3B22H         LINE#         2561
  C:3B29H         LINE#         2562
  -------         ENDPROC       SETTING_PAGE_LOAD
  -------         PROC          C_TO_F
  C:3D7EH         LINE#         2565
  C:3D7EH         LINE#         2566
  C:3D7EH         LINE#         2567
  C:3D85H         LINE#         2568
  -------         ENDPROC       C_TO_F
  -------         PROC          F_TO_C
  C:3D75H         LINE#         2571
  C:3D75H         LINE#         2572
  C:3D75H         LINE#         2573
  C:3D7DH         LINE#         2574
  -------         ENDPROC       F_TO_C
  -------         PROC          ADD_POINT
  C:3D59H         LINE#         2577
  C:3D59H         LINE#         2578
  C:3D59H         LINE#         2579
  C:3D67H         LINE#         2580
  -------         ENDPROC       ADD_POINT
  -------         PROC          GAME_START
  C:3CF1H         LINE#         2583
  C:3CF1H         LINE#         2584
  C:3CF1H         LINE#         2585
  C:3CF8H         LINE#         2586
  C:3D00H         LINE#         2587
  C:3D08H         LINE#         2588
  -------         ENDPROC       GAME_START
  -------         PROC          BRIGHTNESS_SETTING
  -------         DO            
  X:0E6EH         SYMBOL        str
  -------         ENDDO         
  C:3B5AH         LINE#         2591
BL51 BANKED LINKER/LOCATER V6.22                                                      11/27/2017  09:34:22  PAGE 46


  C:3B5AH         LINE#         2592
  C:3B5AH         LINE#         2594
  C:3B80H         LINE#         2595
  -------         ENDPROC       BRIGHTNESS_SETTING
  -------         PROC          TIME_SETTING
  -------         DO            
  X:0E6EH         SYMBOL        str
  -------         ENDDO         
  C:3006H         LINE#         2616
  C:3006H         LINE#         2617
  C:3006H         LINE#         2619
  C:3041H         LINE#         2620
  C:3041H         LINE#         2621
  C:3041H         LINE#         2622
  C:3055H         LINE#         2623
  C:307BH         LINE#         2624
  C:307BH         LINE#         2625
  C:308FH         LINE#         2626
  C:308FH         LINE#         2627
  C:30A6H         LINE#         2628
  C:30A6H         LINE#         2629
  C:30BAH         LINE#         2630
  C:30BAH         LINE#         2631
  C:30CAH         LINE#         2632
  C:30CAH         LINE#         2633
  C:30DDH         LINE#         2634
  C:30DDH         LINE#         2636
  C:30DDH         LINE#         2637
  C:30F0H         LINE#         2638
  C:30F0H         LINE#         2639
  C:3103H         LINE#         2640
  C:3116H         LINE#         2641
  C:3129H         LINE#         2642
  C:3151H         LINE#         2643
  C:3158H         LINE#         2644
  C:3158H         LINE#         2645
  C:315BH         LINE#         2646
  C:315DH         LINE#         2648
  C:315DH         LINE#         2649
  C:3163H         LINE#         2650
  C:3163H         LINE#         2651
  C:3166H         LINE#         2652
  C:3166H         LINE#         2653
  C:3166H         LINE#         2654
  C:3166H         LINE#         2656
  -------         ENDPROC       TIME_SETTING
  -------         PROC          SET_CLOCK
  -------         DO            
  X:0E6EH         SYMBOL        str
  -------         ENDDO         
  C:2D34H         LINE#         2659
  C:2D34H         LINE#         2660
  C:2D34H         LINE#         2662
  C:2D54H         LINE#         2663
  C:2D54H         LINE#         2664
  C:2D54H         LINE#         2665
  C:2D5FH         LINE#         2666
BL51 BANKED LINKER/LOCATER V6.22                                                      11/27/2017  09:34:22  PAGE 47


  C:2D6AH         LINE#         2667
  C:2D75H         LINE#         2668
  C:2D80H         LINE#         2669
  C:2D8BH         LINE#         2670
  C:2D94H         LINE#         2671
  C:2D94H         LINE#         2672
  C:2D94H         LINE#         2673
  C:2D94H         LINE#         2674
  C:2E27H         LINE#         2675
  C:2E9FH         LINE#         2676
  -------         ENDPROC       SET_CLOCK
  -------         ENDMOD        MAIN

  -------         MODULE        ?C?CLDPTR
  C:216BH         PUBLIC        ?C?CLDPTR
  -------         ENDMOD        ?C?CLDPTR

  -------         MODULE        ?C?IMUL
  C:2184H         PUBLIC        ?C?IMUL
  -------         ENDMOD        ?C?IMUL

  -------         MODULE        ?C?UIDIV
  C:2196H         PUBLIC        ?C?UIDIV
  -------         ENDMOD        ?C?UIDIV

  -------         MODULE        ?C?SIDIV
  C:21EBH         PUBLIC        ?C?SIDIV
  -------         ENDMOD        ?C?SIDIV

  -------         MODULE        ?C?ILDIX
  C:2221H         PUBLIC        ?C?ILDIX
  -------         ENDMOD        ?C?ILDIX

  -------         MODULE        ?C?SLDIV
  C:3A28H         PUBLIC        ?C?SLDIV
  -------         ENDMOD        ?C?SLDIV

  -------         MODULE        ?C?ULCMP
  C:2237H         PUBLIC        ?C?ULCMP
  -------         ENDMOD        ?C?ULCMP

  -------         MODULE        ?C?LLDIXDATA
  C:2251H         PUBLIC        ?C?LLDIXDATA
  C:2248H         PUBLIC        ?C?LLDIXDATA1
  C:224AH         PUBLIC        ?C?LLDIXDATA8
  -------         ENDMOD        ?C?LLDIXDATA

  -------         MODULE        ?C?LSTKXDATA
  C:227DH         PUBLIC        ?C?LSTKXDATA
  -------         ENDMOD        ?C?LSTKXDATA

  -------         MODULE        ?C?CCASE
  C:22AEH         PUBLIC        ?C?CCASE
  -------         ENDMOD        ?C?CCASE

  -------         MODULE        PRINTF
  X:0F3CH         PUBLIC        ?_PRINTF517?BYTE
BL51 BANKED LINKER/LOCATER V6.22                                                      11/27/2017  09:34:22  PAGE 48


  X:0F3CH         PUBLIC        ?_PRINTF?BYTE
  X:0F3CH         PUBLIC        ?_SPRINTF517?BYTE
  X:0F3CH         PUBLIC        ?_SPRINTF?BYTE
  C:1E71H         PUBLIC        _PRINTF
  C:1E71H         PUBLIC        _PRINTF517
  C:1E6BH         PUBLIC        _SPRINTF
  C:1E6BH         PUBLIC        _SPRINTF517
  -------         ENDMOD        PRINTF

  -------         MODULE        RAND
  X:1126H         PUBLIC        ?SRAND?BYTE
  C:3992H         PUBLIC        RAND
  C:39D0H         PUBLIC        _SRAND
  -------         ENDMOD        RAND

  -------         MODULE        ?C?CLDOPTR
  C:22D4H         PUBLIC        ?C?CLDOPTR
  -------         ENDMOD        ?C?CLDOPTR

  -------         MODULE        ?C?CSTPTR
  C:2301H         PUBLIC        ?C?CSTPTR
  -------         ENDMOD        ?C?CSTPTR

  -------         MODULE        ?C?ULDIV
  C:234FH         PUBLIC        ?C?ULDIV
  -------         ENDMOD        ?C?ULDIV

  -------         MODULE        ?C?LLDXDATA
  C:23E1H         PUBLIC        ?C?LLDXDATA
  -------         ENDMOD        ?C?LLDXDATA

  -------         MODULE        ?C?LSTXDATA
  C:23EDH         PUBLIC        ?C?LSTXDATA
  -------         ENDMOD        ?C?LSTXDATA

  -------         MODULE        ?C?PLDIXDATA
  C:23F9H         PUBLIC        ?C?PLDIXDATA
  -------         ENDMOD        ?C?PLDIXDATA

  -------         MODULE        ?C?PSTXDATA
  C:2410H         PUBLIC        ?C?PSTXDATA
  -------         ENDMOD        ?C?PSTXDATA

  -------         MODULE        PUTCHAR
  C:3BB0H         PUBLIC        _PUTCHAR
  -------         ENDMOD        PUTCHAR

*** WARNING L16: UNCALLED SEGMENT, IGNORED FOR OVERLAY PROCESS
    SEGMENT: ?PR?_SHOWBITMAP?MAIN

*** WARNING L16: UNCALLED SEGMENT, IGNORED FOR OVERLAY PROCESS
    SEGMENT: ?PR?SCANUSERINPUT?MAIN

*** WARNING L16: UNCALLED SEGMENT, IGNORED FOR OVERLAY PROCESS
    SEGMENT: ?PR?_WRITEONEBYTETOSLAVE?MAIN

*** WARNING L16: UNCALLED SEGMENT, IGNORED FOR OVERLAY PROCESS
BL51 BANKED LINKER/LOCATER V6.22                                                      11/27/2017  09:34:22  PAGE 49


    SEGMENT: ?PR?SETCLOCKCONTROL?MAIN

*** WARNING L16: UNCALLED SEGMENT, IGNORED FOR OVERLAY PROCESS
    SEGMENT: ?PR?MOVEDATETIMEUP?MAIN

*** WARNING L16: UNCALLED SEGMENT, IGNORED FOR OVERLAY PROCESS
    SEGMENT: ?PR?MOVEDATETIMEDOWN?MAIN

*** WARNING L16: UNCALLED SEGMENT, IGNORED FOR OVERLAY PROCESS
    SEGMENT: ?PR?ENTERDATETIME?MAIN

*** WARNING L16: UNCALLED SEGMENT, IGNORED FOR OVERLAY PROCESS
    SEGMENT: ?PR?SETCLOCKONSCREEN?MAIN

*** WARNING L16: UNCALLED SEGMENT, IGNORED FOR OVERLAY PROCESS
    SEGMENT: ?PR?RESETCLOCK?MAIN

*** WARNING L16: UNCALLED SEGMENT, IGNORED FOR OVERLAY PROCESS
    SEGMENT: ?PR?LOCKED_PAGE_LOAD?MAIN

*** WARNING L16: UNCALLED SEGMENT, IGNORED FOR OVERLAY PROCESS
    SEGMENT: ?PR?UPDATE_WAIT_TIME?MAIN

*** WARNING L16: UNCALLED SEGMENT, IGNORED FOR OVERLAY PROCESS
    SEGMENT: ?PR?LOGIN_CLEAR_DISP?MAIN

*** WARNING L1: UNRESOLVED EXTERNAL SYMBOL
    SYMBOL:  ROOMTEMP
    MODULE:  .\Objects\main.obj (MAIN)

*** WARNING L2: REFERENCE MADE TO UNRESOLVED EXTERNAL
    SYMBOL:  ROOMTEMP
    MODULE:  .\Objects\main.obj (MAIN)
    ADDRESS: 0272H

*** WARNING L2: REFERENCE MADE TO UNRESOLVED EXTERNAL
    SYMBOL:  ROOMTEMP
    MODULE:  .\Objects\main.obj (MAIN)
    ADDRESS: 07BAH

*** WARNING L2: REFERENCE MADE TO UNRESOLVED EXTERNAL
    SYMBOL:  ROOMTEMP
    MODULE:  .\Objects\main.obj (MAIN)
    ADDRESS: 0813H

*** WARNING L2: REFERENCE MADE TO UNRESOLVED EXTERNAL
    SYMBOL:  ROOMTEMP
    MODULE:  .\Objects\main.obj (MAIN)
    ADDRESS: 082EH

*** WARNING L2: REFERENCE MADE TO UNRESOLVED EXTERNAL
    SYMBOL:  ROOMTEMP
    MODULE:  .\Objects\main.obj (MAIN)
    ADDRESS: 0841H

*** WARNING L2: REFERENCE MADE TO UNRESOLVED EXTERNAL
    SYMBOL:  ROOMTEMP
BL51 BANKED LINKER/LOCATER V6.22                                                      11/27/2017  09:34:22  PAGE 50


    MODULE:  .\Objects\main.obj (MAIN)
    ADDRESS: 089DH

*** WARNING L2: REFERENCE MADE TO UNRESOLVED EXTERNAL
    SYMBOL:  ROOMTEMP
    MODULE:  .\Objects\main.obj (MAIN)
    ADDRESS: 08B0H

Program Size: data=25.6 xdata=4396 code=15761
LINK/LOCATE RUN COMPLETE.  20 WARNING(S),  0 ERROR(S)
