BL51 BANKED LINKER/LOCATER V6.22                                                        12/03/2017  11:59:50  PAGE 1


BL51 BANKED LINKER/LOCATER V6.22, INVOKED BY:
D:\KEIL_V5\C51\BIN\BL51.EXE .\Objects\main.obj TO .\Objects\TeamProject PRINT (.\Listings\TeamProject.m51) RAMSIZE (256)
>> 


MEMORY MODEL: LARGE


INPUT MODULES INCLUDED:
  .\Objects\main.obj (MAIN)
  D:\KEIL_V5\C51\LIB\C51L.LIB (?C_STARTUP)
  D:\KEIL_V5\C51\LIB\C51L.LIB (?C?CLDPTR)
  D:\KEIL_V5\C51\LIB\C51L.LIB (?C?IMUL)
  D:\KEIL_V5\C51\LIB\C51L.LIB (?C?UIDIV)
  D:\KEIL_V5\C51\LIB\C51L.LIB (?C?SIDIV)
  D:\KEIL_V5\C51\LIB\C51L.LIB (?C?ILDIX)
  D:\KEIL_V5\C51\LIB\C51L.LIB (?C?SLDIV)
  D:\KEIL_V5\C51\LIB\C51L.LIB (?C?ULCMP)
  D:\KEIL_V5\C51\LIB\C51L.LIB (?C?LLDIXDATA)
  D:\KEIL_V5\C51\LIB\C51L.LIB (?C?LSTKXDATA)
  D:\KEIL_V5\C51\LIB\C51L.LIB (?C?CCASE)
  D:\KEIL_V5\C51\LIB\C51L.LIB (PRINTF)
  D:\KEIL_V5\C51\LIB\C51L.LIB (RAND)
  D:\KEIL_V5\C51\LIB\C51L.LIB (?C_INIT)
  D:\KEIL_V5\C51\LIB\C51L.LIB (?C?CLDOPTR)
  D:\KEIL_V5\C51\LIB\C51L.LIB (?C?CSTPTR)
  D:\KEIL_V5\C51\LIB\C51L.LIB (?C?ULDIV)
  D:\KEIL_V5\C51\LIB\C51L.LIB (?C?LLDXDATA)
  D:\KEIL_V5\C51\LIB\C51L.LIB (?C?LSTXDATA)
  D:\KEIL_V5\C51\LIB\C51L.LIB (?C?PLDIXDATA)
  D:\KEIL_V5\C51\LIB\C51L.LIB (?C?PSTXDATA)
  D:\KEIL_V5\C51\LIB\C51L.LIB (PUTCHAR)


LINK MAP OF MODULE:  .\Objects\TeamProject (MAIN)


            TYPE    BASE      LENGTH    RELOCATION   SEGMENT NAME
            -----------------------------------------------------

            * * * * * * *   D A T A   M E M O R Y   * * * * * * *
            REG     0000H     0008H     ABSOLUTE     "REG BANK 0"
            DATA    0008H     0005H     UNIT         _DATA_GROUP_
                    000DH     0003H                  *** GAP ***
            REG     0010H     0008H     ABSOLUTE     "REG BANK 2"
                    0018H     0008H                  *** GAP ***
            DATA    0020H     0002H     BIT_ADDR     ?BA?MAIN
            BIT     0022H.0   0002H.4   UNIT         ?BI?MAIN
            BIT     0024H.4   0001H.2   UNIT         _BIT_GROUP_
                    0025H.6   0000H.2                *** GAP ***
            IDATA   0026H     0001H     UNIT         ?STACK

            * * * * * * *  X D A T A   M E M O R Y  * * * * * * *
            XDATA   0000H     0E3CH     UNIT         ?XD?MAIN
            XDATA   0E3CH     0141H     UNIT         _XDATA_GROUP_
            XDATA   0F7DH     0082H     UNIT         ?XD?_SHOWBITMAP?MAIN
            XDATA   0FFFH     0080H     UNIT         ?XD?_CALLMACRO?MAIN
            XDATA   107FH     0040H     UNIT         ?XD?MOVEDATETIMEUP?MAIN
BL51 BANKED LINKER/LOCATER V6.22                                                      12/03/2017  11:59:50  PAGE 2


            XDATA   10BFH     0040H     UNIT         ?XD?MOVEDATETIMEDOWN?MAIN
            XDATA   10FFH     0040H     UNIT         ?XD?ENTERDATETIME?MAIN
            XDATA   113FH     0004H     UNIT         ?XD?RAND?RAND
            XDATA   1143H     0002H     UNIT         ?XD?SCANUSERINPUT?MAIN

            * * * * * * *   C O D E   M E M O R Y   * * * * * * *
            CODE    0000H     0003H     ABSOLUTE     
            CODE    0003H     0020H     UNIT         ?PR?BAR_LOAD?MAIN
            CODE    0023H     0003H     ABSOLUTE     
            CODE    0026H     0013H     UNIT         ?PR?_CONVERTDECIMALTOBCD?MAIN
            CODE    0039H     0001H     UNIT         ?PR?LOGIN_ATTEMPTS?MAIN
            CODE    003AH     0001H     UNIT         ?PR?LOCKED_PAGE_LOAD?MAIN
            CODE    003BH     0003H     ABSOLUTE     
            CODE    003EH     0032H     UNIT         ?PR?RESETCLOCK?MAIN
            CODE    0070H     0001H     UNIT         ?PR?UPDATE_WAIT_TIME?MAIN
            CODE    0071H     0001H     UNIT         ?PR?LOGIN_CLEAR_DISP?MAIN
                    0072H     0001H                  *** GAP ***
            CODE    0073H     0003H     ABSOLUTE     
            CODE    0076H     0A4CH     UNIT         ?PR?MAIN?MAIN
            CODE    0AC2H     06B6H     UNIT         ?CO?MAIN
            CODE    1178H     04FFH     UNIT         ?PR?SMBISR?MAIN
            CODE    1677H     04F1H     UNIT         ?PR?UART0INTERRUPT?MAIN
            CODE    1B68H     0456H     UNIT         ?PR?GET_FUNCTION_CODE?MAIN
            CODE    1FBEH     0365H     UNIT         ?PR?PRINTF?PRINTF
            CODE    2323H     02AEH     UNIT         ?C?LIB_CODE
            CODE    25D1H     0254H     UNIT         ?PR?LOGIN_DISP_4_STAR?MAIN
            CODE    2825H     0224H     UNIT         ?PR?ENTERDATETIME?MAIN
            CODE    2A49H     01A6H     UNIT         ?PR?GETCLOCKDATA?MAIN
            CODE    2BEFH     0187H     UNIT         ?PR?MOVEDATETIMEDOWN?MAIN
            CODE    2D76H     0177H     UNIT         ?PR?MOVEDATETIMEUP?MAIN
            CODE    2EEDH     016EH     UNIT         ?PR?SET_CLOCK?MAIN
            CODE    305BH     0164H     UNIT         ?PR?SCANUSERINPUT?MAIN
            CODE    31BFH     0161H     UNIT         ?PR?TIME_SETTING?MAIN
            CODE    3320H     014BH     UNIT         ?PR?CONTRAST_SETTING?MAIN
            CODE    346BH     0136H     UNIT         ?PR?DISPLAYCLOCK?MAIN
            CODE    35A1H     0120H     UNIT         ?C_INITSEG
            CODE    36C1H     00FBH     UNIT         ?PR?_DISPLAYTEXT?MAIN
            CODE    37BCH     00B6H     UNIT         ?PR?SMBINIT?MAIN
            CODE    3872H     00AFH     UNIT         ?PR?SETCLOCKONSCREEN?MAIN
            CODE    3921H     00ABH     UNIT         ?PR?_SMBREAD?MAIN
            CODE    39CCH     008CH     UNIT         ?C_C51STARTUP
            CODE    3A58H     007CH     UNIT         ?PR?SETCLOCK?MAIN
            CODE    3AD4H     0070H     UNIT         ?PR?_SENDCOMMAND?MAIN
            CODE    3B44H     0067H     UNIT         ?PR?_SMBWRITE?MAIN
            CODE    3BABH     0066H     UNIT         ?PR?TEMP_PAGE_LOAD?MAIN
            CODE    3C11H     0061H     UNIT         ?PR?LOGIN_CLEAR_STARS?MAIN
            CODE    3C72H     0058H     UNIT         ?PR?LOGIN_PAGE_LOAD?MAIN
            CODE    3CCAH     004EH     UNIT         ?PR?MAIN_PAGE_LOAD?MAIN
            CODE    3D18H     004EH     UNIT         ?PR?SETTING_PAGE_LOAD?MAIN
            CODE    3D66H     004DH     UNIT         ?PR?RAND?RAND
            CODE    3DB3H     0049H     UNIT         ?PR?_SHOWBITMAP?MAIN
            CODE    3DFCH     0044H     UNIT         ?C?LDIV
            CODE    3E40H     0040H     UNIT         ?PR?PORTINIT?MAIN
            CODE    3E80H     003EH     UNIT         ?PR?MOTOR_PAGE_LOAD?MAIN
            CODE    3EBEH     0030H     UNIT         ?PR?LASER_PAGE_LOAD?MAIN
            CODE    3EEEH     002FH     UNIT         ?PR?BRIGHTNESS_SETTING?MAIN
            CODE    3F1DH     0027H     UNIT         ?PR?UART0INIT?MAIN
BL51 BANKED LINKER/LOCATER V6.22                                                      12/03/2017  11:59:50  PAGE 3


            CODE    3F44H     0027H     UNIT         ?PR?PUTCHAR?PUTCHAR
            CODE    3F6BH     0026H     UNIT         ?PR?_CALLMACRO?MAIN
            CODE    3F91H     0021H     UNIT         ?PR?_READONEBYTEFROMSLAVE?MAIN
            CODE    3FB2H     0020H     UNIT         ?PR?LOGIN_DISP_1_STAR?MAIN
            CODE    3FD2H     0020H     UNIT         ?PR?LOGIN_DISP_2_STAR?MAIN
            CODE    3FF2H     0020H     UNIT         ?PR?LOGIN_DISP_3_STAR?MAIN
            CODE    4012H     001FH     UNIT         ?PR?TIMER3ISR?MAIN
            CODE    4031H     001BH     UNIT         ?PR?TIMER3INIT?MAIN
            CODE    404CH     0019H     UNIT         ?PR?_WRITEONEBYTETOSLAVE?MAIN
            CODE    4065H     0018H     UNIT         ?PR?GAME_START?MAIN
            CODE    407DH     0012H     UNIT         ?PR?SYSTEMCLOCKINIT?MAIN
            CODE    408FH     0011H     UNIT         ?PR?SETCLOCKCONTROL?MAIN
            CODE    40A0H     000FH     UNIT         ?PR?CHECKSLAVEFLAGS?MAIN
            CODE    40AFH     000FH     UNIT         ?PR?_WRITEBYTESTOREALTIMECLOCK?MAIN
            CODE    40BEH     000FH     UNIT         ?PR?_READBYTESFROMREALTIMECLOCK?MAIN
            CODE    40CDH     000FH     UNIT         ?PR?_CONVERTBCDTODECIMAL?MAIN
            CODE    40DCH     000FH     UNIT         ?PR?ADD_POINT?MAIN
            CODE    40EBH     000DH     UNIT         ?PR?ENABLEINTERRUPTS?MAIN
            CODE    40F8H     0009H     UNIT         ?PR?F_TO_C?MAIN
            CODE    4101H     0008H     UNIT         ?PR?C_TO_F?MAIN
            CODE    4109H     0007H     UNIT         ?PR?DISABLEWATCHDOG?MAIN
            CODE    4110H     0005H     UNIT         ?PR?_CHANGESCREEN?MAIN



OVERLAY MAP OF MODULE:   .\Objects\TeamProject (MAIN)


SEGMENT                                         BIT_GROUP          DATA_GROUP          XDATA_GROUP
  +--> CALLED SEGMENT                        START    LENGTH     START    LENGTH     START    LENGTH
----------------------------------------------------------------------------------------------------
?PR?UART0INTERRUPT?MAIN                      -----    -----      -----    -----      0E3CH    0005H

*** NEW ROOT ***************************************************

?PR?SMBISR?MAIN                              0024H.4  0000H.1    -----    -----      -----    -----

*** NEW ROOT ***************************************************

?C_C51STARTUP                                -----    -----      -----    -----      -----    -----
  +--> ?PR?MAIN?MAIN
  +--> ?C_INITSEG

?PR?MAIN?MAIN                                -----    -----      -----    -----      0E41H    0046H
  +--> ?PR?DISABLEWATCHDOG?MAIN
  +--> ?PR?SYSTEMCLOCKINIT?MAIN
  +--> ?PR?PORTINIT?MAIN
  +--> ?PR?ENABLEINTERRUPTS?MAIN
  +--> ?PR?UART0INIT?MAIN
  +--> ?PR?SMBINIT?MAIN
  +--> ?PR?TIMER3INIT?MAIN
  +--> ?PR?CONTRAST_SETTING?MAIN
  +--> ?PR?GETCLOCKDATA?MAIN
  +--> ?CO?MAIN
  +--> ?PR?PRINTF?PRINTF
  +--> ?PR?_DISPLAYTEXT?MAIN
  +--> ?PR?DISPLAYCLOCK?MAIN
BL51 BANKED LINKER/LOCATER V6.22                                                      12/03/2017  11:59:50  PAGE 4


  +--> ?PR?_SENDCOMMAND?MAIN
  +--> ?PR?_READONEBYTEFROMSLAVE?MAIN
  +--> ?PR?RAND?RAND
  +--> ?PR?CHECKSLAVEFLAGS?MAIN
  +--> ?PR?GET_FUNCTION_CODE?MAIN
  +--> ?PR?BAR_LOAD?MAIN
  +--> ?PR?LOGIN_PAGE_LOAD?MAIN
  +--> ?PR?LOGIN_ATTEMPTS?MAIN
  +--> ?PR?LOGIN_CLEAR_STARS?MAIN
  +--> ?PR?LOGIN_DISP_1_STAR?MAIN
  +--> ?PR?LOGIN_DISP_2_STAR?MAIN
  +--> ?PR?LOGIN_DISP_3_STAR?MAIN
  +--> ?PR?LOGIN_DISP_4_STAR?MAIN
  +--> ?PR?MAIN_PAGE_LOAD?MAIN
  +--> ?PR?TEMP_PAGE_LOAD?MAIN
  +--> ?PR?MOTOR_PAGE_LOAD?MAIN
  +--> ?PR?LASER_PAGE_LOAD?MAIN
  +--> ?PR?SETTING_PAGE_LOAD?MAIN
  +--> ?PR?C_TO_F?MAIN
  +--> ?PR?F_TO_C?MAIN
  +--> ?PR?ADD_POINT?MAIN
  +--> ?PR?GAME_START?MAIN
  +--> ?PR?BRIGHTNESS_SETTING?MAIN
  +--> ?PR?TIME_SETTING?MAIN
  +--> ?PR?SET_CLOCK?MAIN

?PR?SYSTEMCLOCKINIT?MAIN                     -----    -----      -----    -----      0E87H    0002H

?PR?SMBINIT?MAIN                             -----    -----      -----    -----      0E87H    0007H

?PR?CONTRAST_SETTING?MAIN                    -----    -----      -----    -----      0E87H    0040H
  +--> ?CO?MAIN
  +--> ?PR?PRINTF?PRINTF

?PR?PRINTF?PRINTF                            0024H.5  0001H.1    0008H    0005H      0F55H    0028H
  +--> ?PR?PUTCHAR?PUTCHAR

?PR?GETCLOCKDATA?MAIN                        -----    -----      -----    -----      0EC7H    0002H
  +--> ?PR?_READBYTESFROMREALTIMECLOCK?MAIN
  +--> ?PR?_CONVERTBCDTODECIMAL?MAIN

?PR?_READBYTESFROMREALTIMECLOCK?MAIN         -----    -----      -----    -----      -----    -----
  +--> ?PR?_SMBREAD?MAIN

?PR?_SMBREAD?MAIN                            -----    -----      -----    -----      0EC9H    0006H
  +--> ?PR?_SMBWRITE?MAIN

?PR?_SMBWRITE?MAIN                           -----    -----      -----    -----      0ECFH    0004H

?PR?_DISPLAYTEXT?MAIN                        -----    -----      -----    -----      0EC7H    008EH
  +--> ?CO?MAIN
  +--> ?PR?PRINTF?PRINTF
  +--> ?PR?_SENDCOMMAND?MAIN

?PR?_SENDCOMMAND?MAIN                        -----    -----      -----    -----      0F55H    0001H

?PR?DISPLAYCLOCK?MAIN                        -----    -----      -----    -----      0E87H    0040H
BL51 BANKED LINKER/LOCATER V6.22                                                      12/03/2017  11:59:50  PAGE 5


  +--> ?PR?GETCLOCKDATA?MAIN
  +--> ?CO?MAIN
  +--> ?PR?PRINTF?PRINTF
  +--> ?PR?_DISPLAYTEXT?MAIN

?PR?_READONEBYTEFROMSLAVE?MAIN               -----    -----      -----    -----      0E87H    0001H
  +--> ?PR?_SMBREAD?MAIN

?PR?CHECKSLAVEFLAGS?MAIN                     -----    -----      -----    -----      -----    -----
  +--> ?PR?_READONEBYTEFROMSLAVE?MAIN

?PR?BAR_LOAD?MAIN                            -----    -----      -----    -----      0E87H    0040H
  +--> ?CO?MAIN
  +--> ?PR?PRINTF?PRINTF
  +--> ?PR?_SENDCOMMAND?MAIN

?PR?LOGIN_PAGE_LOAD?MAIN                     -----    -----      -----    -----      0E87H    0040H
  +--> ?CO?MAIN
  +--> ?PR?PRINTF?PRINTF
  +--> ?PR?_SENDCOMMAND?MAIN

?PR?LOGIN_CLEAR_STARS?MAIN                   -----    -----      -----    -----      0E87H    0040H
  +--> ?CO?MAIN
  +--> ?PR?PRINTF?PRINTF
  +--> ?PR?_SENDCOMMAND?MAIN

?PR?LOGIN_DISP_1_STAR?MAIN                   -----    -----      -----    -----      0E87H    0040H
  +--> ?CO?MAIN
  +--> ?PR?PRINTF?PRINTF
  +--> ?PR?_SENDCOMMAND?MAIN

?PR?LOGIN_DISP_2_STAR?MAIN                   -----    -----      -----    -----      0E87H    0040H
  +--> ?CO?MAIN
  +--> ?PR?PRINTF?PRINTF
  +--> ?PR?_SENDCOMMAND?MAIN

?PR?LOGIN_DISP_3_STAR?MAIN                   -----    -----      -----    -----      0E87H    0040H
  +--> ?CO?MAIN
  +--> ?PR?PRINTF?PRINTF
  +--> ?PR?_SENDCOMMAND?MAIN

?PR?LOGIN_DISP_4_STAR?MAIN                   -----    -----      -----    -----      0E87H    0040H
  +--> ?CO?MAIN
  +--> ?PR?PRINTF?PRINTF
  +--> ?PR?_SENDCOMMAND?MAIN

?PR?MAIN_PAGE_LOAD?MAIN                      -----    -----      -----    -----      0E87H    0040H
  +--> ?CO?MAIN
  +--> ?PR?PRINTF?PRINTF
  +--> ?PR?_SENDCOMMAND?MAIN

?PR?TEMP_PAGE_LOAD?MAIN                      -----    -----      -----    -----      0E87H    0040H
  +--> ?CO?MAIN
  +--> ?PR?PRINTF?PRINTF
  +--> ?PR?_SENDCOMMAND?MAIN

?PR?MOTOR_PAGE_LOAD?MAIN                     -----    -----      -----    -----      0E87H    0040H
BL51 BANKED LINKER/LOCATER V6.22                                                      12/03/2017  11:59:50  PAGE 6


  +--> ?CO?MAIN
  +--> ?PR?PRINTF?PRINTF
  +--> ?PR?_SENDCOMMAND?MAIN

?PR?LASER_PAGE_LOAD?MAIN                     -----    -----      -----    -----      0E87H    0040H
  +--> ?CO?MAIN
  +--> ?PR?PRINTF?PRINTF
  +--> ?PR?_SENDCOMMAND?MAIN

?PR?SETTING_PAGE_LOAD?MAIN                   -----    -----      -----    -----      0E87H    0040H
  +--> ?CO?MAIN
  +--> ?PR?PRINTF?PRINTF
  +--> ?PR?_SENDCOMMAND?MAIN

?PR?BRIGHTNESS_SETTING?MAIN                  -----    -----      -----    -----      0E87H    0040H
  +--> ?CO?MAIN
  +--> ?PR?PRINTF?PRINTF
  +--> ?PR?_SENDCOMMAND?MAIN

?PR?TIME_SETTING?MAIN                        -----    -----      -----    -----      0E87H    0040H
  +--> ?CO?MAIN
  +--> ?PR?PRINTF?PRINTF
  +--> ?PR?_SENDCOMMAND?MAIN
  +--> ?PR?SETCLOCK?MAIN

?PR?SETCLOCK?MAIN                            -----    -----      -----    -----      -----    -----
  +--> ?PR?_CONVERTDECIMALTOBCD?MAIN
  +--> ?PR?_WRITEBYTESTOREALTIMECLOCK?MAIN

?PR?_WRITEBYTESTOREALTIMECLOCK?MAIN          -----    -----      -----    -----      -----    -----
  +--> ?PR?_SMBWRITE?MAIN

?PR?SET_CLOCK?MAIN                           -----    -----      -----    -----      0E87H    0040H
  +--> ?PR?SETCLOCK?MAIN

?C_INITSEG                                   -----    -----      -----    -----      -----    -----
  +--> ?CO?MAIN



UNRESOLVED EXTERNAL SYMBOLS:
   ROOMTEMP



SYMBOL TABLE OF MODULE:  .\Objects\TeamProject (MAIN)

  VALUE           TYPE          NAME
  ----------------------------------

  -------         MODULE        MAIN
  C:0000H         SYMBOL        _ICE_DUMMY_
  X:0011H         PUBLIC        tsByte
  B:0022H.0       PUBLIC        yearUpdated
  D:0080H         PUBLIC        P0
  B:0022H.1       PUBLIC        hoursUpdated
  D:0090H         PUBLIC        P1
BL51 BANKED LINKER/LOCATER V6.22                                                      12/03/2017  11:59:50  PAGE 7


  B:00C0H.2       PUBLIC        AA
  D:00FFH         PUBLIC        WDTCN
  D:00A0H         PUBLIC        P2
  B:0020H.3       PUBLIC        roomTempSensorErr
  B:0020H.1       PUBLIC        airFlowSensorErr
  D:00B0H         PUBLIC        P3
  X:0012H         PUBLIC        select
  X:0014H         PUBLIC        currentIndex
  X:0015H         PUBLIC        screen
  D:00C8H         PUBLIC        P4
  X:0016H         PUBLIC        dayOfWeek
  D:00E6H         PUBLIC        EIE1
  D:00D8H         PUBLIC        P5
  C:3D18H         PUBLIC        setting_page_load
  X:0024H         PUBLIC        userCommand
  C:3F1DH         PUBLIC        uart0Init
  D:00E8H         PUBLIC        P6
  D:00E7H         PUBLIC        EIE2
  X:0224H         PUBLIC        numBytesWR
  C:40AFH         PUBLIC        _writeBytesToRealTimeClock
  D:00F8H         PUBLIC        P7
  B:0022H.2       PUBLIC        SMB_BUSY
  X:0226H         PUBLIC        currentDate
  X:0227H         PUBLIC        roomTemp1
  X:0228H         PUBLIC        minutes
  X:0229H         PUBLIC        roomTemp2
  B:0021H.1       PUBLIC        hiRoomTemp
  B:0022H.3       PUBLIC        monthDateYearUpdated
  B:0022H.4       PUBLIC        screenReset
  D:0084H         PUBLIC        SFRPAGE
  C:1B68H         PUBLIC        get_function_code
  X:022AH         PUBLIC        roomTemp3
  B:0022H.5       PUBLIC        tsLastCharGone
  D:00A4H         PUBLIC        P0MDOUT
  B:0021H.5       PUBLIC        lowAirFlow
  X:022BH         PUBLIC        amPm
  D:00A5H         PUBLIC        P1MDOUT
  D:00A8H         PUBLIC        IE
  X:022CH         PUBLIC        century
  D:00A7H         PUBLIC        P3MDOUT
  X:022DH         PUBLIC        clock_value
  X:022FH         PUBLIC        is_in_laser_page
  C:4109H         PUBLIC        disableWatchdog
  D:009CH         PUBLIC        P4MDOUT
  D:009DH         PUBLIC        P5MDOUT
  X:0231H         PUBLIC        is_in_game
  X:0233H         PUBLIC        minuteIndex
  X:0234H         PUBLIC        currentMonth
  X:0235H         PUBLIC        tsRxBuffer
  D:009EH         PUBLIC        P6MDOUT
  C:2D76H         PUBLIC        moveDateTimeUp
  D:009FH         PUBLIC        P7MDOUT
  X:0435H         PUBLIC        tsTxBuffer
  C:3F6BH         PUBLIC        _callMacro
  C:31BFH         PUBLIC        time_setting
  C:003EH         PUBLIC        resetClock
  C:3C11H         PUBLIC        login_clear_stars
BL51 BANKED LINKER/LOCATER V6.22                                                      12/03/2017  11:59:50  PAGE 8


  X:0835H         PUBLIC        Font
  C:0071H         PUBLIC        login_clear_disp
  X:0847H         PUBLIC        hours24
  X:0848H         PUBLIC        lastScreen
  X:0849H         PUBLIC        slaveAddr
  B:0021H.6       PUBLIC        reserved6
  X:084AH         PUBLIC        currentYear
  B:00C0H.3       PUBLIC        SI
  X:084BH         PUBLIC        is_in_main_page
  C:3EBEH         PUBLIC        laser_page_load
  B:0021H.7       PUBLIC        reserved7
  D:00E1H         PUBLIC        XBR0
  D:00E2H         PUBLIC        XBR1
  C:3C72H         PUBLIC        login_page_load
  D:00E3H         PUBLIC        XBR2
  X:084DH         PUBLIC        stones
  X:084FH         PUBLIC        eepromDataByte
  X:0850H         PUBLIC        date
  B:0020H.4       PUBLIC        waterInTempSensorErr
  D:00CBH         PUBLIC        RCAP2H
  C:36D6H         PUBLIC        _displayText
  C:3EEEH         PUBLIC        brightness_setting
  C:408FH         PUBLIC        setClockControl
  X:0851H         PUBLIC        eepromWriteDone
  B:0020H.5       PUBLIC        waterOutTempSensorErr
  C:3DB3H         PUBLIC        _showBitmap
  D:00C0H         PUBLIC        SMB0CN
  X:0852H         PUBLIC        slaveReadDone
  D:00CCH         PUBLIC        TMR2
  D:00CAH         PUBLIC        RCAP2L
  C:0076H         PUBLIC        main
  D:00CCH         PUBLIC        TMR3
  B:0022H.6       PUBLIC        splashEnd
  B:0020H.2       PUBLIC        pressureSensorErr
  X:0853H         PUBLIC        month
  D:00CFH         PUBLIC        SMB0CR
  X:0854H         PUBLIC        is_in_motor_page
  C:3CCAH         PUBLIC        main_page_load
  B:0021H.2       PUBLIC        hiWaterInTemp
  X:0856H         PUBLIC        pageCount
  B:0021H.3       PUBLIC        hiWaterOutTemp
  B:0022H.7       PUBLIC        ackFromScreen
  X:0858H         PUBLIC        point
  X:085AH         PUBLIC        SETTINGS_DATE_X
  C:404CH         PUBLIC        _writeOneByteToSlave
  X:085CH         PUBLIC        is_in_temp_page
  C:4065H         PUBLIC        game_start
  C:2A49H         PUBLIC        getClockData
  X:085EH         PUBLIC        SETTINGS_DATE_Y
  X:0860H         PUBLIC        adjustedSeconds
  X:0861H         PUBLIC        realTimeClockItems
  X:0862H         PUBLIC        startAddr
  C:407DH         PUBLIC        systemClockInit
  D:00C9H         PUBLIC        TMR2CF
  C:0070H         PUBLIC        update_wait_time
  D:00C9H         PUBLIC        TMR3CF
  X:0864H         PUBLIC        bytesExtra
BL51 BANKED LINKER/LOCATER V6.22                                                      12/03/2017  11:59:50  PAGE 9


  X:0866H         PUBLIC        year
  B:0023H.0       PUBLIC        screenChanged
  C:1178H         PUBLIC        smbISR
  C:40EBH         PUBLIC        enableInterrupts
  X:0867H         PUBLIC        eepromReaddone
  X:0868H         PUBLIC        hours
  C:2825H         PUBLIC        enterDateTime
  X:0869H         PUBLIC        slaveWriteDone
  C:3E80H         PUBLIC        motor_page_load
  C:40DCH         PUBLIC        add_point
  D:00C8H         PUBLIC        TMR2CN
  C:0003H         PUBLIC        bar_load
  X:086AH         PUBLIC        timeMode
  D:00C8H         PUBLIC        TMR3CN
  B:0021H.0       PUBLIC        lowWaterPressure
  C:3BABH         PUBLIC        temp_page_load
  X:086BH         PUBLIC        hourIndex
  C:2EEDH         PUBLIC        set_clock
  C:3A58H         PUBLIC        setClock
  D:0021H         PUBLIC        slaveFlags0
  X:086CH         PUBLIC        day
  D:0020H         PUBLIC        slaveFlags1
  B:0023H.1       PUBLIC        secondsUpdated
  X:086DH         PUBLIC        brightness
  D:008AH         PUBLIC        OSCICN
  C:3921H         PUBLIC        _smbRead
  C:1677H         PUBLIC        uart0Interrupt
  X:086FH         PUBLIC        sharedDataRx
  X:08EEH         PUBLIC        adjustedMinutes
  B:0023H.2       PUBLIC        tsCommandTransmitted
  B:00C0H.7       PUBLIC        BUSY
  X:08EFH         PUBLIC        sharedDataTx
  B:0023H.3       PUBLIC        tsRxEmpty
  X:096EH         PUBLIC        adjustedAmPm
  C:4012H         PUBLIC        timer3ISR
  B:0023H.4       PUBLIC        tsTxEmpty
  X:096FH         PUBLIC        adjustedCentury
  C:40CDH         PUBLIC        _convertBCDToDecimal
  C:0026H         PUBLIC        _convertDecimalToBCD
  C:40BEH         PUBLIC        _readBytesFromRealTimeClock
  B:0098H.0       PUBLIC        RI0
  X:0970H         PUBLIC        clockSetupMsg
  B:00C8H.7       PUBLIC        TF3
  B:0098H.1       PUBLIC        TI0
  C:4110H         PUBLIC        _changeScreen
  X:0978H         PUBLIC        userID
  X:09B8H         PUBLIC        rtcReadDone
  C:3B44H         PUBLIC        _smbWrite
  B:0020H.6       PUBLIC        slaveRestarted
  B:0023H.5       PUBLIC        minutesUpdated
  X:09B9H         PUBLIC        passcode
  C:3320H         PUBLIC        contrast_setting
  X:09C1H         PUBLIC        eepromRx
  X:0BC1H         PUBLIC        is_in_c
  B:0080H.6       PUBLIC        SDA
  X:0BC3H         PUBLIC        eepromPageTx
  B:0023H.6       PUBLIC        amPmUpdated
BL51 BANKED LINKER/LOCATER V6.22                                                      12/03/2017  11:59:50  PAGE 10


  X:0BE3H         PUBLIC        eepromTx
  B:0023H.7       PUBLIC        tsCommandReceived
  D:00CAH         PUBLIC        RCAP2
  B:00C8H.2       PUBLIC        TR3
  X:0DE3H         PUBLIC        adjustedDate
  C:37BCH         PUBLIC        smbInit
  D:00CAH         PUBLIC        RCAP3
  B:0020H.7       PUBLIC        slaveWatchdogReset
  C:3FB2H         PUBLIC        login_disp_1_star
  C:305BH         PUBLIC        scanUserInput
  C:3FD2H         PUBLIC        login_disp_2_star
  X:0DE4H         PUBLIC        SETTINGS_DATE_BG
  C:3E40H         PUBLIC        portInit
  X:0DEBH         PUBLIC        set_time
  C:3FF2H         PUBLIC        login_disp_3_star
  C:25D1H         PUBLIC        login_disp_4_star
  C:3872H         PUBLIC        setClockOnScreen
  D:0099H         PUBLIC        SBUF0
  X:0DEDH         PUBLIC        c
  X:0DEFH         PUBLIC        SETTINGS_DATE_FG
  X:0DF6H         PUBLIC        rtcWriteDone
  B:0080H.7       PUBLIC        SCL
  X:0DF7H         PUBLIC        adjustedMonth
  D:0098H         PUBLIC        SCON0
  B:0021H.4       PUBLIC        hiLaserTemp
  C:2BEFH         PUBLIC        moveDateTimeDown
  B:00C0H.5       PUBLIC        STA
  C:346BH         PUBLIC        displayClock
  X:0DF8H         PUBLIC        duration
  X:0DFAH         PUBLIC        tsRxIn
  X:0DFCH         PUBLIC        xyz
  B:0024H.0       PUBLIC        SMB_RW
  B:0024H.1       PUBLIC        dateUpdated
  D:0091H         PUBLIC        SSTA0
  X:0DFEH         PUBLIC        is_locked_out
  C:40F8H         PUBLIC        f_to_c
  C:4101H         PUBLIC        c_to_f
  X:0E00H         PUBLIC        adjustedYear
  X:0E01H         PUBLIC        tsTxIn
  X:0E03H         PUBLIC        tsRxOut
  D:00C2H         PUBLIC        SMB0DAT
  X:0E05H         PUBLIC        dayweek
  X:0E09H         PUBLIC        adjustedHours
  C:4031H         PUBLIC        timer3Init
  X:0E0AH         PUBLIC        tsTxOut
  C:3F91H         PUBLIC        _readOneByteFromSlave
  C:40A0H         PUBLIC        checkSlaveFlags
  C:3ADAH         PUBLIC        _sendCommand
  X:0E0CH         PUBLIC        _delay
  X:0E0EH         PUBLIC        eepromPageCounter
  B:00F8H.7       PUBLIC        RHW
  X:0E10H         PUBLIC        contrast
  X:0E12H         PUBLIC        numBytesRD
  X:0E14H         PUBLIC        SETTINGS_TIME_FG
  X:0E1BH         PUBLIC        adjustedTimeMode
  X:0E1CH         PUBLIC        monthOfYear
  X:0E36H         PUBLIC        seconds
BL51 BANKED LINKER/LOCATER V6.22                                                      12/03/2017  11:59:50  PAGE 11


  C:0039H         PUBLIC        login_attempts
  B:0024H.2       PUBLIC        monthUpdated
  B:0020H.0       PUBLIC        waterPumpErr
  B:00C0H.4       PUBLIC        STO
  X:0E37H         PUBLIC        attempts
  X:0E39H         PUBLIC        is_in_setting_page
  C:003AH         PUBLIC        locked_page_load
  X:0E3BH         PUBLIC        adjustedDay
  D:00C1H         PUBLIC        SMB0STA
  B:0024H.3       PUBLIC        timeUpdated
  -------         PROC          SYSTEMCLOCKINIT
  -------         DO            
  D:0007H         SYMBOL        SFRPAGE_SAVE
  X:0E87H         SYMBOL        i
  -------         ENDDO         
  C:407DH         LINE#         160
  C:407DH         LINE#         161
  C:407DH         LINE#         162
  C:407FH         LINE#         163
  C:4086H         LINE#         165
  C:4089H         LINE#         167
  C:408CH         LINE#         169
  C:408EH         LINE#         170
  -------         ENDPROC       SYSTEMCLOCKINIT
  -------         PROC          PORTINIT
  -------         DO            
  D:0007H         SYMBOL        SFRPAGE_SAVE
  -------         ENDDO         
  C:3E40H         LINE#         172
  C:3E40H         LINE#         173
  C:3E40H         LINE#         174
  C:3E42H         LINE#         176
  C:3E45H         LINE#         178
  C:3E48H         LINE#         179
  C:3E4BH         LINE#         180
  C:3E4EH         LINE#         182
  C:3E51H         LINE#         184
  C:3E54H         LINE#         186
  C:3E57H         LINE#         188
  C:3E5AH         LINE#         190
  C:3E5DH         LINE#         192
  C:3E60H         LINE#         194
  C:3E63H         LINE#         196
  C:3E66H         LINE#         197
  C:3E69H         LINE#         198
  C:3E6CH         LINE#         199
  C:3E6FH         LINE#         200
  C:3E72H         LINE#         201
  C:3E75H         LINE#         202
  C:3E78H         LINE#         203
  C:3E7BH         LINE#         205
  C:3E7DH         LINE#         207
  C:3E7FH         LINE#         208
  -------         ENDPROC       PORTINIT
  -------         PROC          ENABLEINTERRUPTS
  C:40EBH         LINE#         210
  C:40EBH         LINE#         211
BL51 BANKED LINKER/LOCATER V6.22                                                      12/03/2017  11:59:50  PAGE 12


  C:40EBH         LINE#         212
  C:40EEH         LINE#         213
  C:40F1H         LINE#         214
  C:40F4H         LINE#         215
  C:40F7H         LINE#         216
  -------         ENDPROC       ENABLEINTERRUPTS
  -------         PROC          UART0INIT
  -------         DO            
  D:0007H         SYMBOL        SFRPAGE_SAVE
  -------         ENDDO         
  C:3F1DH         LINE#         218
  C:3F1DH         LINE#         219
  C:3F1DH         LINE#         222
  C:3F1FH         LINE#         224
  C:3F22H         LINE#         225
  C:3F24H         LINE#         226
  C:3F27H         LINE#         227
  C:3F2AH         LINE#         228
  C:3F2DH         LINE#         229
  C:3F33H         LINE#         230
  C:3F36H         LINE#         232
  C:3F38H         LINE#         233
  C:3F3BH         LINE#         234
  C:3F3EH         LINE#         236
  C:3F41H         LINE#         238
  C:3F43H         LINE#         239
  -------         ENDPROC       UART0INIT
  -------         PROC          DISABLEWATCHDOG
  C:4109H         LINE#         241
  C:4109H         LINE#         242
  C:4109H         LINE#         243
  C:410CH         LINE#         244
  C:410FH         LINE#         245
  -------         ENDPROC       DISABLEWATCHDOG
  -------         PROC          UART0INTERRUPT
  -------         DO            
  X:0E3CH         SYMBOL        SFRPAGE_SAVE
  D:0012H         SYMBOL        i
  X:0E3DH         SYMBOL        txWaitCounter
  -------         ENDDO         
  C:1677H         LINE#         247
  C:1684H         LINE#         249
  C:168AH         LINE#         250
  C:168DH         LINE#         251
  C:1695H         LINE#         253
  C:1698H         LINE#         255
  C:169EH         LINE#         256
  C:169EH         LINE#         257
  C:16A0H         LINE#         259
  C:16A6H         LINE#         261
  C:16B7H         LINE#         262
  C:16B7H         LINE#         263
  C:16C0H         LINE#         264
  C:16C0H         LINE#         265
  C:16CCH         LINE#         266
  C:16DAH         LINE#         267
  C:16DDH         LINE#         269
BL51 BANKED LINKER/LOCATER V6.22                                                      12/03/2017  11:59:50  PAGE 13


  C:16DDH         LINE#         270
  C:16E6H         LINE#         271
  C:16E6H         LINE#         272
  C:1700H         LINE#         273
  C:1700H         LINE#         274
  C:1702H         LINE#         275
  C:1704H         LINE#         276
  C:1707H         LINE#         278
  C:1707H         LINE#         279
  C:1709H         LINE#         280
  C:170BH         LINE#         281
  C:170BH         LINE#         282
  C:170EH         LINE#         283
  C:1713H         LINE#         284
  C:1713H         LINE#         285
  C:1722H         LINE#         286
  C:1722H         LINE#         287
  C:173AH         LINE#         288
  C:1741H         LINE#         293
  C:1755H         LINE#         294
  C:1755H         LINE#         295
  C:1764H         LINE#         296
  C:1764H         LINE#         297
  C:177CH         LINE#         298
  C:1783H         LINE#         299
  C:1795H         LINE#         300
  C:1795H         LINE#         301
  C:1795H         LINE#         302
  C:1798H         LINE#         303
  C:17ADH         LINE#         304
  C:17ADH         LINE#         305
  C:17BCH         LINE#         306
  C:17BCH         LINE#         307
  C:17D4H         LINE#         308
  C:17DBH         LINE#         309
  C:17EDH         LINE#         310
  C:17EDH         LINE#         311
  C:17EDH         LINE#         312
  C:17F0H         LINE#         313
  C:1803H         LINE#         314
  C:1803H         LINE#         315
  C:1812H         LINE#         316
  C:1812H         LINE#         317
  C:182AH         LINE#         318
  C:1831H         LINE#         319
  C:1843H         LINE#         320
  C:1843H         LINE#         321
  C:1843H         LINE#         322
  C:1846H         LINE#         323
  C:1859H         LINE#         324
  C:1859H         LINE#         325
  C:1868H         LINE#         326
  C:1868H         LINE#         327
  C:1880H         LINE#         328
  C:1887H         LINE#         329
  C:1899H         LINE#         330
  C:1899H         LINE#         331
BL51 BANKED LINKER/LOCATER V6.22                                                      12/03/2017  11:59:50  PAGE 14


  C:1899H         LINE#         332
  C:189CH         LINE#         333
  C:18AFH         LINE#         334
  C:18AFH         LINE#         335
  C:18BEH         LINE#         336
  C:18BEH         LINE#         337
  C:18D6H         LINE#         338
  C:18DDH         LINE#         339
  C:18EFH         LINE#         340
  C:18EFH         LINE#         341
  C:18EFH         LINE#         342
  C:18F2H         LINE#         343
  C:1905H         LINE#         344
  C:1905H         LINE#         345
  C:1914H         LINE#         346
  C:1914H         LINE#         347
  C:192CH         LINE#         348
  C:1933H         LINE#         349
  C:1945H         LINE#         350
  C:1945H         LINE#         351
  C:1945H         LINE#         352
  C:1948H         LINE#         353
  C:195BH         LINE#         354
  C:195BH         LINE#         355
  C:196AH         LINE#         356
  C:196AH         LINE#         357
  C:1982H         LINE#         358
  C:1989H         LINE#         359
  C:199BH         LINE#         360
  C:199BH         LINE#         361
  C:199BH         LINE#         362
  C:199EH         LINE#         363
  C:19B1H         LINE#         364
  C:19B1H         LINE#         365
  C:19C0H         LINE#         366
  C:19C0H         LINE#         367
  C:19D8H         LINE#         368
  C:19DFH         LINE#         369
  C:19F1H         LINE#         370
  C:19F1H         LINE#         371
  C:19F1H         LINE#         372
  C:19F3H         LINE#         373
  C:1A06H         LINE#         374
  C:1A06H         LINE#         375
  C:1A15H         LINE#         376
  C:1A15H         LINE#         377
  C:1A2DH         LINE#         378
  C:1A34H         LINE#         379
  C:1A46H         LINE#         380
  C:1A48H         LINE#         381
  C:1A4AH         LINE#         382
  C:1A4CH         LINE#         384
  C:1A4CH         LINE#         385
  C:1A4EH         LINE#         386
  C:1A50H         LINE#         387
  C:1A50H         LINE#         389
  C:1A61H         LINE#         390
BL51 BANKED LINKER/LOCATER V6.22                                                      12/03/2017  11:59:50  PAGE 15


  C:1A61H         LINE#         391
  C:1A6DH         LINE#         392
  C:1A74H         LINE#         394
  C:1A7BH         LINE#         395
  C:1A81H         LINE#         396
  C:1A81H         LINE#         397
  C:1A83H         LINE#         399
  C:1A83H         LINE#         400
  C:1A99H         LINE#         401
  C:1A99H         LINE#         402
  C:1AA5H         LINE#         403
  C:1AB3H         LINE#         404
  C:1AB5H         LINE#         405
  C:1ABCH         LINE#         406
  C:1AC2H         LINE#         407
  C:1AC4H         LINE#         408
  C:1AC4H         LINE#         409
  C:1AC4H         LINE#         411
  C:1ACAH         LINE#         412
  C:1ACAH         LINE#         413
  C:1ACCH         LINE#         415
  C:1AD2H         LINE#         416
  C:1AD2H         LINE#         417
  C:1AE5H         LINE#         418
  C:1AF3H         LINE#         420
  C:1B09H         LINE#         421
  C:1B24H         LINE#         422
  C:1B24H         LINE#         423
  C:1B26H         LINE#         424
  C:1B26H         LINE#         426
  C:1B30H         LINE#         428
  C:1B39H         LINE#         429
  C:1B39H         LINE#         430
  C:1B3DH         LINE#         431
  C:1B3DH         LINE#         433
  C:1B51H         LINE#         434
  C:1B51H         LINE#         435
  C:1B53H         LINE#         436
  C:1B53H         LINE#         437
  C:1B55H         LINE#         439
  C:1B55H         LINE#         440
  C:1B57H         LINE#         441
  C:1B57H         LINE#         442
  C:1B57H         LINE#         444
  C:1B5DH         LINE#         445
  -------         ENDPROC       UART0INTERRUPT
  -------         PROC          CHECKSLAVEFLAGS
  C:40A0H         LINE#         468
  C:40A0H         LINE#         469
  C:40A0H         LINE#         470
  C:40A7H         LINE#         471
  C:40AEH         LINE#         472
  -------         ENDPROC       CHECKSLAVEFLAGS
  C:3AD4H         SYMBOL        L?0788
  -------         PROC          L?0787
  -------         ENDPROC       L?0787
  C:3AD4H         SYMBOL        L?0788
BL51 BANKED LINKER/LOCATER V6.22                                                      12/03/2017  11:59:50  PAGE 16


  -------         PROC          _SENDCOMMAND
  D:0001H         SYMBOL        s
  -------         DO            
  X:0F55H         SYMBOL        SFRPAGE_SAVE
  -------         ENDDO         
  C:3ADAH         LINE#         481
  C:3ADAH         LINE#         482
  C:3ADAH         LINE#         483
  C:3AE0H         LINE#         485
  C:3AE5H         LINE#         486
  C:3AE5H         LINE#         487
  C:3AFCH         LINE#         488
  C:3AFCH         LINE#         489
  C:3B18H         LINE#         490
  C:3B21H         LINE#         491
  C:3B21H         LINE#         492
  C:3B25H         LINE#         493
  C:3B25H         LINE#         495
  C:3B28H         LINE#         496
  C:3B28H         LINE#         497
  C:3B2AH         LINE#         498
  C:3B2AH         LINE#         499
  C:3B2AH         LINE#         501
  C:3B31H         LINE#         502
  C:3B33H         LINE#         504
  C:3B36H         LINE#         505
  C:3B36H         LINE#         506
  C:3B38H         LINE#         507
  C:3B3BH         LINE#         508
  C:3B3DH         LINE#         509
  C:3B3DH         LINE#         511
  C:3B43H         LINE#         512
  -------         ENDPROC       _SENDCOMMAND
  C:36C2H         SYMBOL        L?0784
  C:36CEH         SYMBOL        L?0785
  C:36CFH         SYMBOL        L?0786
  -------         PROC          L?0783
  -------         ENDPROC       L?0783
  C:36C2H         SYMBOL        L?0784
  C:36CEH         SYMBOL        L?0785
  C:36CFH         SYMBOL        L?0786
  -------         PROC          _DISPLAYTEXT
  X:0EC7H         SYMBOL        fg
  X:0ECAH         SYMBOL        bg
  X:0ECDH         SYMBOL        size
  X:0ECEH         SYMBOL        message
  X:0ED1H         SYMBOL        x
  X:0ED3H         SYMBOL        y
  -------         DO            
  X:0ED5H         SYMBOL        str
  -------         ENDDO         
  C:36D6H         LINE#         520
  C:36E1H         LINE#         521
  C:36E1H         LINE#         524
  C:3722H         LINE#         525
  C:372BH         LINE#         526
  C:3762H         LINE#         527
BL51 BANKED LINKER/LOCATER V6.22                                                      12/03/2017  11:59:50  PAGE 17


  C:376BH         LINE#         528
  C:37B3H         LINE#         529
  -------         ENDPROC       _DISPLAYTEXT
  -------         PROC          _SHOWBITMAP
  D:0006H         SYMBOL        index
  X:0F7DH         SYMBOL        x
  D:0004H         SYMBOL        y
  -------         DO            
  X:0F7FH         SYMBOL        str
  -------         ENDDO         
  C:3DB3H         LINE#         538
  C:3DBFH         LINE#         539
  C:3DBFH         LINE#         542
  C:3DF3H         LINE#         543
  -------         ENDPROC       _SHOWBITMAP
  -------         PROC          _CHANGESCREEN
  D:0007H         SYMBOL        screenIndex
  C:4110H         LINE#         552
  C:4110H         LINE#         553
  C:4110H         LINE#         554
  -------         ENDPROC       _CHANGESCREEN
  -------         PROC          _CALLMACRO
  D:0006H         SYMBOL        macroNumber
  -------         DO            
  X:0FFFH         SYMBOL        str
  -------         ENDDO         
  C:3F6BH         LINE#         563
  C:3F6BH         LINE#         564
  C:3F6BH         LINE#         567
  C:3F88H         LINE#         568
  -------         ENDPROC       _CALLMACRO
  -------         PROC          SCANUSERINPUT
  -------         DO            
  X:1143H         SYMBOL        i
  -------         ENDDO         
  C:305BH         LINE#         577
  C:305BH         LINE#         578
  C:305BH         LINE#         579
  C:3062H         LINE#         581
  C:306AH         LINE#         582
  C:306AH         LINE#         583
  C:3072H         LINE#         584
  C:3072H         LINE#         585
  C:3082H         LINE#         586
  C:3082H         LINE#         587
  C:3082H         LINE#         588
  C:3082H         LINE#         589
  C:3085H         LINE#         590
  C:3085H         LINE#         591
  C:3085H         LINE#         592
  C:3088H         LINE#         593
  C:3088H         LINE#         594
  C:3088H         LINE#         595
  C:308BH         LINE#         596
  C:308BH         LINE#         598
  C:308BH         LINE#         599
  C:308BH         LINE#         601
BL51 BANKED LINKER/LOCATER V6.22                                                      12/03/2017  11:59:50  PAGE 18


  C:308BH         LINE#         602
  C:308BH         LINE#         604
  C:308BH         LINE#         605
  C:308BH         LINE#         606
  C:308BH         LINE#         607
  C:308BH         LINE#         608
  C:308BH         LINE#         610
  C:308BH         LINE#         611
  C:3092H         LINE#         612
  C:30A9H         LINE#         613
  C:30A9H         LINE#         614
  C:30B5H         LINE#         615
  C:30C3H         LINE#         616
  C:30C5H         LINE#         617
  C:30C5H         LINE#         618
  C:30C5H         LINE#         619
  C:30CDH         LINE#         620
  C:30CDH         LINE#         621
  C:30D5H         LINE#         622
  C:30D5H         LINE#         623
  C:30E5H         LINE#         624
  C:30E5H         LINE#         625
  C:30E5H         LINE#         626
  C:30E5H         LINE#         627
  C:30E7H         LINE#         628
  C:30E7H         LINE#         629
  C:30E7H         LINE#         630
  C:30E9H         LINE#         631
  C:30E9H         LINE#         632
  C:30E9H         LINE#         633
  C:30EBH         LINE#         634
  C:30EBH         LINE#         636
  C:30EBH         LINE#         637
  C:30EBH         LINE#         639
  C:30EBH         LINE#         640
  C:30EBH         LINE#         642
  C:30EBH         LINE#         643
  C:30EBH         LINE#         644
  C:30EBH         LINE#         645
  C:30EBH         LINE#         646
  C:30EBH         LINE#         648
  C:30EBH         LINE#         649
  C:30F2H         LINE#         650
  C:3109H         LINE#         651
  C:3109H         LINE#         652
  C:3115H         LINE#         653
  C:3123H         LINE#         654
  C:3125H         LINE#         655
  C:3125H         LINE#         656
  C:3125H         LINE#         657
  C:312DH         LINE#         658
  C:312DH         LINE#         659
  C:3134H         LINE#         660
  C:3134H         LINE#         661
  C:3141H         LINE#         662
  C:3141H         LINE#         663
  C:3141H         LINE#         664
BL51 BANKED LINKER/LOCATER V6.22                                                      12/03/2017  11:59:50  PAGE 19


  C:3143H         LINE#         665
  C:3145H         LINE#         666
  C:3145H         LINE#         667
  C:3147H         LINE#         668
  C:3149H         LINE#         669
  C:3149H         LINE#         670
  C:314EH         LINE#         671
  C:3150H         LINE#         672
  C:3150H         LINE#         674
  C:3150H         LINE#         676
  C:3150H         LINE#         678
  C:3150H         LINE#         679
  C:3150H         LINE#         680
  C:3150H         LINE#         681
  C:3150H         LINE#         683
  C:3150H         LINE#         684
  C:3157H         LINE#         685
  C:316BH         LINE#         686
  C:316BH         LINE#         687
  C:3177H         LINE#         688
  C:3185H         LINE#         689
  C:3187H         LINE#         690
  C:3187H         LINE#         691
  C:3187H         LINE#         693
  C:3187H         LINE#         695
  C:3187H         LINE#         697
  C:318EH         LINE#         698
  C:31A2H         LINE#         699
  C:31A2H         LINE#         700
  C:31AEH         LINE#         701
  C:31BCH         LINE#         702
  C:31BEH         LINE#         703
  -------         ENDPROC       SCANUSERINPUT
  -------         PROC          SMBINIT
  -------         DO            
  X:0E87H         SYMBOL        i
  X:0E89H         SYMBOL        pollingCounter
  X:0E8DH         SYMBOL        SFRPAGE_SAVE
  -------         ENDDO         
  C:37BCH         LINE#         711
  C:37BCH         LINE#         712
  C:37BCH         LINE#         714
  C:37C6H         LINE#         715
  C:37CCH         LINE#         717
  C:37CFH         LINE#         718
  C:37E6H         LINE#         719
  C:37E6H         LINE#         720
  C:37E8H         LINE#         721
  C:3808H         LINE#         722
  C:380AH         LINE#         723
  C:3821H         LINE#         724
  C:3847H         LINE#         725
  C:3847H         LINE#         727
  C:384AH         LINE#         729
  C:384DH         LINE#         731
  C:3850H         LINE#         733
  C:3856H         LINE#         735
BL51 BANKED LINKER/LOCATER V6.22                                                      12/03/2017  11:59:50  PAGE 20


  C:3858H         LINE#         737
  C:385DH         LINE#         738
  C:3861H         LINE#         739
  C:3865H         LINE#         740
  C:3869H         LINE#         741
  C:386DH         LINE#         742
  C:3871H         LINE#         743
  -------         ENDPROC       SMBINIT
  -------         PROC          TIMER3INIT
  -------         DO            
  D:0007H         SYMBOL        SFRPAGE_SAVE
  -------         ENDDO         
  C:4031H         LINE#         751
  C:4031H         LINE#         752
  C:4031H         LINE#         753
  C:4033H         LINE#         755
  C:4036H         LINE#         757
  C:4039H         LINE#         759
  C:403BH         LINE#         761
  C:4041H         LINE#         762
  C:4047H         LINE#         764
  C:4049H         LINE#         766
  C:404BH         LINE#         767
  -------         ENDPROC       TIMER3INIT
  -------         PROC          TIMER3ISR
  -------         DO            
  D:0007H         SYMBOL        SFRPAGE_SAVE
  -------         ENDDO         
  C:4012H         LINE#         775
  C:4019H         LINE#         777
  C:401BH         LINE#         779
  C:401EH         LINE#         780
  C:4021H         LINE#         781
  C:4024H         LINE#         783
  C:4026H         LINE#         784
  C:4028H         LINE#         785
  C:402AH         LINE#         787
  C:402CH         LINE#         788
  -------         ENDPROC       TIMER3ISR
  -------         PROC          _WRITEONEBYTETOSLAVE
  D:0007H         SYMBOL        startAddr
  D:0005H         SYMBOL        content
  C:404CH         LINE#         796
  C:404CH         LINE#         797
  C:404CH         LINE#         798
  C:4058H         LINE#         799
  -------         ENDPROC       _WRITEONEBYTETOSLAVE
  -------         PROC          _READONEBYTEFROMSLAVE
  X:0E87H         SYMBOL        startAddr
  C:3F91H         LINE#         808
  C:3F96H         LINE#         809
  C:3F96H         LINE#         810
  C:3FA2H         LINE#         811
  C:3FB1H         LINE#         812
  -------         ENDPROC       _READONEBYTEFROMSLAVE
  -------         PROC          _WRITEBYTESTOREALTIMECLOCK
  D:0007H         SYMBOL        startAddr
BL51 BANKED LINKER/LOCATER V6.22                                                      12/03/2017  11:59:50  PAGE 21


  D:0006H         SYMBOL        numBytes
  C:40AFH         LINE#         820
  C:40B1H         LINE#         821
  C:40B1H         LINE#         822
  -------         ENDPROC       _WRITEBYTESTOREALTIMECLOCK
  -------         PROC          _READBYTESFROMREALTIMECLOCK
  D:0007H         SYMBOL        startAddr
  D:0006H         SYMBOL        numBytes
  C:40BEH         LINE#         831
  C:40C0H         LINE#         832
  C:40C0H         LINE#         833
  -------         ENDPROC       _READBYTESFROMREALTIMECLOCK
  -------         PROC          _SMBREAD
  X:0EC9H         SYMBOL        deviceId
  X:0ECAH         SYMBOL        location
  X:0ECCH         SYMBOL        bytes
  -------         DO            
  X:0ECEH         SYMBOL        SFRPAGE_SAVE
  -------         ENDDO         
  C:3921H         LINE#         842
  C:3932H         LINE#         843
  C:3932H         LINE#         844
  C:3936H         LINE#         846
  C:3939H         LINE#         848
  C:393FH         LINE#         850
  C:3945H         LINE#         852
  C:3956H         LINE#         853
  C:3956H         LINE#         854
  C:3956H         LINE#         855
  C:3956H         LINE#         856
  C:3956H         LINE#         857
  C:3964H         LINE#         858
  C:3964H         LINE#         859
  C:3964H         LINE#         860
  C:3964H         LINE#         861
  C:3964H         LINE#         863
  C:3967H         LINE#         865
  C:396DH         LINE#         866
  C:3975H         LINE#         867
  C:3984H         LINE#         868
  C:3993H         LINE#         870
  C:3995H         LINE#         871
  C:3997H         LINE#         872
  C:3999H         LINE#         874
  C:399FH         LINE#         876
  C:39A5H         LINE#         878
  C:39B5H         LINE#         879
  C:39B5H         LINE#         880
  C:39B5H         LINE#         881
  C:39BDH         LINE#         883
  C:39BDH         LINE#         884
  C:39C5H         LINE#         886
  C:39C5H         LINE#         887
  C:39CBH         LINE#         888
  C:39CBH         LINE#         889
  C:39CBH         LINE#         890
  C:39CBH         LINE#         891
BL51 BANKED LINKER/LOCATER V6.22                                                      12/03/2017  11:59:50  PAGE 22


  C:39CBH         LINE#         892
  -------         ENDPROC       _SMBREAD
  -------         PROC          _SMBWRITE
  D:0001H         SYMBOL        deviceId
  D:0004H         SYMBOL        location
  D:0002H         SYMBOL        bytes
  -------         DO            
  X:0ECFH         SYMBOL        i
  X:0ED0H         SYMBOL        pageWrittenDelay
  X:0ED2H         SYMBOL        SFRPAGE_SAVE
  -------         ENDDO         
  C:3B44H         LINE#         900
  C:3B46H         LINE#         901
  C:3B46H         LINE#         902
  C:3B4BH         LINE#         903
  C:3B4FH         LINE#         904
  C:3B53H         LINE#         906
  C:3B56H         LINE#         908
  C:3B5CH         LINE#         909
  C:3B61H         LINE#         910
  C:3B6BH         LINE#         912
  C:3B78H         LINE#         913
  C:3B78H         LINE#         914
  C:3B78H         LINE#         915
  C:3B78H         LINE#         916
  C:3B80H         LINE#         917
  C:3B82H         LINE#         918
  C:3B84H         LINE#         919
  C:3B86H         LINE#         920
  C:3B8EH         LINE#         922
  C:3B8EH         LINE#         923
  C:3B98H         LINE#         924
  C:3B9AH         LINE#         925
  C:3B9CH         LINE#         926
  C:3B9EH         LINE#         927
  C:3BA4H         LINE#         928
  C:3BA4H         LINE#         929
  C:3BA4H         LINE#         930
  C:3BA4H         LINE#         931
  C:3BA4H         LINE#         933
  C:3BAAH         LINE#         934
  -------         ENDPROC       _SMBWRITE
  -------         PROC          SMBISR
  -------         DO            
  B:0024H.4       SYMBOL        FAIL
  X:0000H         SYMBOL        TxCounter
  X:0002H         SYMBOL        RxCounter
  X:0004H         SYMBOL        slaveCount
  X:0006H         SYMBOL        realTimeClockCount
  X:0008H         SYMBOL        eepromCount
  X:000AH         SYMBOL        eepromAddrDone
  -------         ENDDO         
  C:1178H         LINE#         945
  C:1185H         LINE#         947
  C:1187H         LINE#         955
  C:11C6H         LINE#         956
  C:11C6H         LINE#         960
BL51 BANKED LINKER/LOCATER V6.22                                                      12/03/2017  11:59:50  PAGE 23


  C:11C6H         LINE#         965
  C:11C6H         LINE#         966
  C:11CCH         LINE#         967
  C:11CFH         LINE#         968
  C:11D5H         LINE#         969
  C:11D7H         LINE#         971
  C:11DEH         LINE#         972
  C:11E4H         LINE#         973
  C:11E8H         LINE#         975
  C:11EBH         LINE#         981
  C:11EBH         LINE#         982
  C:11F3H         LINE#         983
  C:11F3H         LINE#         984
  C:1200H         LINE#         985
  C:1200H         LINE#         986
  C:1202H         LINE#         987
  C:1204H         LINE#         988
  C:1207H         LINE#         990
  C:1207H         LINE#         991
  C:1209H         LINE#         992
  C:120EH         LINE#         993
  C:120EH         LINE#         994
  C:1211H         LINE#         995
  C:1219H         LINE#         996
  C:1219H         LINE#         997
  C:1220H         LINE#         998
  C:1225H         LINE#         999
  C:1228H         LINE#         1000
  C:1228H         LINE#         1001
  C:1228H         LINE#         1006
  C:1228H         LINE#         1007
  C:1230H         LINE#         1008
  C:1230H         LINE#         1009
  C:123FH         LINE#         1010
  C:123FH         LINE#         1011
  C:124BH         LINE#         1012
  C:124DH         LINE#         1013
  C:1250H         LINE#         1015
  C:1250H         LINE#         1016
  C:1257H         LINE#         1017
  C:125AH         LINE#         1018
  C:125AH         LINE#         1019
  C:125AH         LINE#         1020
  C:125AH         LINE#         1021
  C:125AH         LINE#         1022
  C:125CH         LINE#         1023
  C:1260H         LINE#         1024
  C:1260H         LINE#         1025
  C:126FH         LINE#         1026
  C:126FH         LINE#         1027
  C:127BH         LINE#         1028
  C:127DH         LINE#         1029
  C:1280H         LINE#         1031
  C:1280H         LINE#         1032
  C:1287H         LINE#         1033
  C:128AH         LINE#         1034
  C:128AH         LINE#         1035
BL51 BANKED LINKER/LOCATER V6.22                                                      12/03/2017  11:59:50  PAGE 24


  C:128AH         LINE#         1036
  C:128AH         LINE#         1037
  C:128AH         LINE#         1038
  C:128CH         LINE#         1039
  C:1297H         LINE#         1040
  C:1297H         LINE#         1041
  C:12A6H         LINE#         1042
  C:12A6H         LINE#         1043
  C:12B2H         LINE#         1044
  C:12B4H         LINE#         1045
  C:12B7H         LINE#         1047
  C:12B7H         LINE#         1048
  C:12BEH         LINE#         1049
  C:12C2H         LINE#         1050
  C:12C2H         LINE#         1051
  C:12C2H         LINE#         1052
  C:12C2H         LINE#         1053
  C:12C2H         LINE#         1054
  C:12C5H         LINE#         1056
  C:12C5H         LINE#         1058
  C:12C5H         LINE#         1064
  C:12C5H         LINE#         1065
  C:12CEH         LINE#         1066
  C:12CEH         LINE#         1067
  C:12E4H         LINE#         1068
  C:12E4H         LINE#         1069
  C:12FDH         LINE#         1070
  C:130BH         LINE#         1071
  C:130EH         LINE#         1073
  C:130EH         LINE#         1074
  C:1310H         LINE#         1075
  C:1312H         LINE#         1076
  C:1315H         LINE#         1077
  C:1315H         LINE#         1078
  C:1318H         LINE#         1079
  C:1320H         LINE#         1080
  C:1320H         LINE#         1081
  C:1336H         LINE#         1082
  C:1336H         LINE#         1083
  C:134FH         LINE#         1084
  C:135DH         LINE#         1085
  C:1360H         LINE#         1087
  C:1360H         LINE#         1088
  C:1362H         LINE#         1089
  C:1364H         LINE#         1090
  C:1367H         LINE#         1091
  C:1367H         LINE#         1092
  C:1367H         LINE#         1093
  C:136AH         LINE#         1098
  C:136AH         LINE#         1099
  C:1372H         LINE#         1100
  C:1372H         LINE#         1101
  C:1381H         LINE#         1102
  C:1381H         LINE#         1103
  C:138DH         LINE#         1104
  C:138FH         LINE#         1105
  C:1392H         LINE#         1107
BL51 BANKED LINKER/LOCATER V6.22                                                      12/03/2017  11:59:50  PAGE 25


  C:1392H         LINE#         1108
  C:1398H         LINE#         1109
  C:1398H         LINE#         1110
  C:1398H         LINE#         1111
  C:1398H         LINE#         1112
  C:1398H         LINE#         1113
  C:139BH         LINE#         1114
  C:139FH         LINE#         1115
  C:139FH         LINE#         1116
  C:13AEH         LINE#         1117
  C:13AEH         LINE#         1118
  C:13BAH         LINE#         1119
  C:13BCH         LINE#         1120
  C:13BFH         LINE#         1122
  C:13BFH         LINE#         1123
  C:13C5H         LINE#         1124
  C:13C5H         LINE#         1125
  C:13C5H         LINE#         1126
  C:13C5H         LINE#         1127
  C:13C5H         LINE#         1128
  C:13C8H         LINE#         1129
  C:13D3H         LINE#         1130
  C:13D3H         LINE#         1131
  C:13E2H         LINE#         1132
  C:13E2H         LINE#         1133
  C:13EEH         LINE#         1134
  C:13F0H         LINE#         1135
  C:13F3H         LINE#         1137
  C:13F3H         LINE#         1138
  C:13F9H         LINE#         1139
  C:13F9H         LINE#         1140
  C:13F9H         LINE#         1141
  C:13F9H         LINE#         1142
  C:13F9H         LINE#         1143
  C:13FCH         LINE#         1145
  C:13FCH         LINE#         1146
  C:13FCH         LINE#         1153
  C:13FCH         LINE#         1154
  C:1408H         LINE#         1155
  C:1408H         LINE#         1156
  C:140AH         LINE#         1158
  C:140DH         LINE#         1160
  C:140DH         LINE#         1161
  C:140FH         LINE#         1163
  C:140FH         LINE#         1164
  C:1412H         LINE#         1169
  C:1412H         LINE#         1170
  C:141AH         LINE#         1171
  C:141AH         LINE#         1172
  C:1429H         LINE#         1173
  C:1429H         LINE#         1174
  C:1435H         LINE#         1175
  C:1437H         LINE#         1176
  C:143AH         LINE#         1178
  C:143AH         LINE#         1179
  C:1440H         LINE#         1180
  C:1440H         LINE#         1181
BL51 BANKED LINKER/LOCATER V6.22                                                      12/03/2017  11:59:50  PAGE 26


  C:1440H         LINE#         1182
  C:1440H         LINE#         1183
  C:1440H         LINE#         1184
  C:1442H         LINE#         1185
  C:1446H         LINE#         1186
  C:1446H         LINE#         1187
  C:1455H         LINE#         1188
  C:1455H         LINE#         1189
  C:1461H         LINE#         1190
  C:1463H         LINE#         1191
  C:1466H         LINE#         1193
  C:1466H         LINE#         1194
  C:146CH         LINE#         1195
  C:146CH         LINE#         1196
  C:146CH         LINE#         1197
  C:146CH         LINE#         1198
  C:146CH         LINE#         1199
  C:146EH         LINE#         1200
  C:1479H         LINE#         1201
  C:1479H         LINE#         1202
  C:1488H         LINE#         1203
  C:1488H         LINE#         1204
  C:1494H         LINE#         1205
  C:1496H         LINE#         1206
  C:1499H         LINE#         1208
  C:1499H         LINE#         1209
  C:14A0H         LINE#         1210
  C:14A2H         LINE#         1211
  C:14A4H         LINE#         1212
  C:14A6H         LINE#         1213
  C:14A6H         LINE#         1214
  C:14A9H         LINE#         1216
  C:14A9H         LINE#         1217
  C:14A9H         LINE#         1223
  C:14A9H         LINE#         1225
  C:14B2H         LINE#         1226
  C:14B2H         LINE#         1227
  C:14C8H         LINE#         1228
  C:14C8H         LINE#         1229
  C:14E1H         LINE#         1230
  C:14E3H         LINE#         1231
  C:14F1H         LINE#         1232
  C:14F6H         LINE#         1233
  C:14F9H         LINE#         1235
  C:14F9H         LINE#         1236
  C:14FBH         LINE#         1237
  C:14FEH         LINE#         1238
  C:14FEH         LINE#         1239
  C:1501H         LINE#         1240
  C:1506H         LINE#         1241
  C:1506H         LINE#         1242
  C:151CH         LINE#         1243
  C:151CH         LINE#         1244
  C:1535H         LINE#         1245
  C:153AH         LINE#         1247
  C:153CH         LINE#         1248
  C:154AH         LINE#         1249
BL51 BANKED LINKER/LOCATER V6.22                                                      12/03/2017  11:59:50  PAGE 27


  C:154DH         LINE#         1251
  C:154DH         LINE#         1252
  C:1553H         LINE#         1253
  C:1555H         LINE#         1254
  C:1555H         LINE#         1255
  C:1558H         LINE#         1256
  C:1560H         LINE#         1257
  C:1560H         LINE#         1258
  C:1576H         LINE#         1259
  C:1576H         LINE#         1260
  C:1588H         LINE#         1261
  C:158AH         LINE#         1262
  C:1598H         LINE#         1263
  C:159DH         LINE#         1264
  C:15A0H         LINE#         1266
  C:15A0H         LINE#         1267
  C:15A2H         LINE#         1268
  C:15A5H         LINE#         1269
  C:15A5H         LINE#         1270
  C:15A5H         LINE#         1271
  C:15A8H         LINE#         1277
  C:15A8H         LINE#         1278
  C:15B0H         LINE#         1279
  C:15B0H         LINE#         1280
  C:15D1H         LINE#         1281
  C:15D3H         LINE#         1282
  C:15D5H         LINE#         1283
  C:15D7H         LINE#         1284
  C:15DAH         LINE#         1285
  C:15DCH         LINE#         1286
  C:15E0H         LINE#         1287
  C:15E0H         LINE#         1288
  C:1601H         LINE#         1289
  C:1607H         LINE#         1291
  C:1609H         LINE#         1292
  C:160BH         LINE#         1293
  C:160DH         LINE#         1294
  C:160FH         LINE#         1295
  C:1616H         LINE#         1296
  C:1616H         LINE#         1297
  C:1629H         LINE#         1298
  C:162BH         LINE#         1299
  C:162DH         LINE#         1300
  C:162FH         LINE#         1301
  C:1635H         LINE#         1302
  C:1635H         LINE#         1303
  C:1637H         LINE#         1308
  C:1637H         LINE#         1309
  C:1639H         LINE#         1311
  C:163BH         LINE#         1316
  C:163BH         LINE#         1317
  C:163DH         LINE#         1318
  C:163DH         LINE#         1319
  C:163DH         LINE#         1323
  C:1640H         LINE#         1324
  C:1640H         LINE#         1325
  C:1643H         LINE#         1326
BL51 BANKED LINKER/LOCATER V6.22                                                      12/03/2017  11:59:50  PAGE 28


  C:1646H         LINE#         1327
  C:1648H         LINE#         1328
  C:164AH         LINE#         1329
  C:164CH         LINE#         1331
  C:164EH         LINE#         1333
  C:1650H         LINE#         1335
  C:1656H         LINE#         1336
  C:165AH         LINE#         1337
  C:165EH         LINE#         1338
  C:1662H         LINE#         1339
  C:1666H         LINE#         1340
  C:166AH         LINE#         1341
  C:166AH         LINE#         1343
  C:166CH         LINE#         1344
  -------         ENDPROC       SMBISR
  -------         PROC          SETCLOCKCONTROL
  C:408FH         LINE#         1353
  C:408FH         LINE#         1354
  C:408FH         LINE#         1355
  C:4095H         LINE#         1356
  C:4099H         LINE#         1357
  -------         ENDPROC       SETCLOCKCONTROL
  -------         PROC          SETCLOCK
  -------         DO            
  D:0007H         SYMBOL        hoursAux
  -------         ENDDO         
  C:3A58H         LINE#         1366
  C:3A58H         LINE#         1367
  C:3A58H         LINE#         1370
  C:3A65H         LINE#         1371
  C:3A72H         LINE#         1372
  C:3A7FH         LINE#         1373
  C:3A8CH         LINE#         1374
  C:3A99H         LINE#         1375
  C:3AA6H         LINE#         1377
  C:3AAEH         LINE#         1379
  C:3AB2H         LINE#         1381
  C:3ABAH         LINE#         1382
  C:3ABAH         LINE#         1383
  C:3ABEH         LINE#         1384
  C:3AC0H         LINE#         1385
  C:3AC4H         LINE#         1386
  C:3AC4H         LINE#         1387
  C:3AC8H         LINE#         1388
  C:3AC8H         LINE#         1390
  C:3ACDH         LINE#         1392
  -------         ENDPROC       SETCLOCK
  -------         PROC          GETCLOCKDATA
  -------         DO            
  X:000BH         SYMBOL        previousMonth
  X:000CH         SYMBOL        previousDate
  X:000DH         SYMBOL        previousYear
  X:000EH         SYMBOL        previousHours
  X:000FH         SYMBOL        previousMinutes
  X:0010H         SYMBOL        previousSeconds
  X:0EC7H         SYMBOL        currentIndex
  D:0007H         SYMBOL        tempHours
BL51 BANKED LINKER/LOCATER V6.22                                                      12/03/2017  11:59:50  PAGE 29


  -------         ENDDO         
  C:2A49H         LINE#         1403
  C:2A49H         LINE#         1404
  C:2A49H         LINE#         1412
  C:2A50H         LINE#         1415
  C:2A56H         LINE#         1417
  C:2A63H         LINE#         1418
  C:2A70H         LINE#         1420
  C:2A75H         LINE#         1422
  C:2A78H         LINE#         1423
  C:2A78H         LINE#         1424
  C:2A7EH         LINE#         1426
  C:2A85H         LINE#         1427
  C:2A85H         LINE#         1428
  C:2A88H         LINE#         1429
  C:2A8AH         LINE#         1431
  C:2A8AH         LINE#         1432
  C:2A8DH         LINE#         1433
  C:2A8DH         LINE#         1434
  C:2A8FH         LINE#         1436
  C:2A8FH         LINE#         1437
  C:2A94H         LINE#         1438
  C:2A94H         LINE#         1440
  C:2AA0H         LINE#         1442
  C:2AA3H         LINE#         1443
  C:2AA3H         LINE#         1444
  C:2AAAH         LINE#         1445
  C:2AAAH         LINE#         1446
  C:2AABH         LINE#         1447
  C:2AADH         LINE#         1449
  C:2AADH         LINE#         1450
  C:2AB1H         LINE#         1451
  C:2AB1H         LINE#         1452
  C:2AB3H         LINE#         1454
  C:2AB3H         LINE#         1455
  C:2ABDH         LINE#         1456
  C:2ABDH         LINE#         1457
  C:2AC0H         LINE#         1458
  C:2AC2H         LINE#         1460
  C:2AC2H         LINE#         1461
  C:2AC7H         LINE#         1462
  C:2AC7H         LINE#         1463
  C:2AC7H         LINE#         1465
  C:2AD4H         LINE#         1466
  C:2AE1H         LINE#         1467
  C:2AEEH         LINE#         1468
  C:2AFBH         LINE#         1470
  C:2B1FH         LINE#         1471
  C:2B1FH         LINE#         1472
  C:2B21H         LINE#         1473
  C:2B21H         LINE#         1474
  C:2B46H         LINE#         1475
  C:2B46H         LINE#         1476
  C:2B48H         LINE#         1477
  C:2B48H         LINE#         1479
  C:2B50H         LINE#         1480
  C:2B50H         LINE#         1481
BL51 BANKED LINKER/LOCATER V6.22                                                      12/03/2017  11:59:50  PAGE 30


  C:2B6DH         LINE#         1482
  C:2B6FH         LINE#         1483
  C:2B73H         LINE#         1484
  C:2B73H         LINE#         1485
  C:2B7AH         LINE#         1486
  C:2B7AH         LINE#         1487
  C:2B7CH         LINE#         1488
  C:2B7CH         LINE#         1490
  C:2B97H         LINE#         1491
  C:2B97H         LINE#         1493
  C:2B97H         LINE#         1495
  C:2BAEH         LINE#         1496
  C:2BBEH         LINE#         1498
  C:2BC6H         LINE#         1499
  C:2BCEH         LINE#         1500
  C:2BD6H         LINE#         1501
  C:2BDEH         LINE#         1502
  C:2BE6H         LINE#         1503
  C:2BEEH         LINE#         1504
  -------         ENDPROC       GETCLOCKDATA
  -------         PROC          MOVEDATETIMEUP
  -------         DO            
  X:107FH         SYMBOL        str
  -------         ENDDO         
  C:2D76H         LINE#         1512
  C:2D76H         LINE#         1513
  C:2D76H         LINE#         1516
  C:2D7CH         LINE#         1517
  C:2D7CH         LINE#         1518
  C:2D82H         LINE#         1519
  C:2D84H         LINE#         1521
  C:2D8AH         LINE#         1522
  C:2D8AH         LINE#         1523
  C:2D8DH         LINE#         1524
  C:2D8DH         LINE#         1526
  C:2DBCH         LINE#         1527
  C:2DBCH         LINE#         1528
  C:2DBFH         LINE#         1529
  C:2DC7H         LINE#         1530
  C:2DC7H         LINE#         1531
  C:2DCDH         LINE#         1532
  C:2DCFH         LINE#         1534
  C:2DD5H         LINE#         1535
  C:2DD5H         LINE#         1536
  C:2DD8H         LINE#         1537
  C:2DD8H         LINE#         1539
  C:2DEDH         LINE#         1540
  C:2DEDH         LINE#         1541
  C:2DF0H         LINE#         1542
  C:2DF8H         LINE#         1543
  C:2DF8H         LINE#         1544
  C:2DFEH         LINE#         1545
  C:2E00H         LINE#         1547
  C:2E06H         LINE#         1548
  C:2E06H         LINE#         1549
  C:2E09H         LINE#         1550
  C:2E09H         LINE#         1552
BL51 BANKED LINKER/LOCATER V6.22                                                      12/03/2017  11:59:50  PAGE 31


  C:2E1EH         LINE#         1553
  C:2E1EH         LINE#         1554
  C:2E21H         LINE#         1555
  C:2E29H         LINE#         1556
  C:2E29H         LINE#         1557
  C:2E2FH         LINE#         1558
  C:2E31H         LINE#         1560
  C:2E37H         LINE#         1561
  C:2E37H         LINE#         1562
  C:2E3AH         LINE#         1563
  C:2E3AH         LINE#         1565
  C:2E4FH         LINE#         1566
  C:2E4FH         LINE#         1567
  C:2E51H         LINE#         1568
  C:2E59H         LINE#         1569
  C:2E59H         LINE#         1570
  C:2E5FH         LINE#         1571
  C:2E61H         LINE#         1573
  C:2E67H         LINE#         1574
  C:2E67H         LINE#         1575
  C:2E69H         LINE#         1576
  C:2E69H         LINE#         1578
  C:2E7EH         LINE#         1579
  C:2E7EH         LINE#         1580
  C:2E80H         LINE#         1581
  C:2E88H         LINE#         1582
  C:2E88H         LINE#         1583
  C:2E90H         LINE#         1584
  C:2E90H         LINE#         1585
  C:2E93H         LINE#         1586
  C:2E95H         LINE#         1587
  C:2E99H         LINE#         1588
  C:2E99H         LINE#         1589
  C:2E9FH         LINE#         1590
  C:2E9FH         LINE#         1592
  C:2E9FH         LINE#         1594
  C:2EA1H         LINE#         1596
  C:2EC0H         LINE#         1597
  C:2EECH         LINE#         1598
  C:2EECH         LINE#         1600
  C:2EECH         LINE#         1601
  -------         ENDPROC       MOVEDATETIMEUP
  -------         PROC          MOVEDATETIMEDOWN
  -------         DO            
  X:10BFH         SYMBOL        str
  -------         ENDDO         
  C:2BEFH         LINE#         1609
  C:2BEFH         LINE#         1610
  C:2BEFH         LINE#         1613
  C:2BF5H         LINE#         1614
  C:2BF5H         LINE#         1615
  C:2BFBH         LINE#         1616
  C:2BFDH         LINE#         1618
  C:2C03H         LINE#         1619
  C:2C03H         LINE#         1620
  C:2C06H         LINE#         1621
  C:2C06H         LINE#         1622
BL51 BANKED LINKER/LOCATER V6.22                                                      12/03/2017  11:59:50  PAGE 32


  C:2C35H         LINE#         1623
  C:2C35H         LINE#         1624
  C:2C38H         LINE#         1625
  C:2C40H         LINE#         1626
  C:2C40H         LINE#         1627
  C:2C46H         LINE#         1628
  C:2C48H         LINE#         1630
  C:2C4EH         LINE#         1631
  C:2C4EH         LINE#         1632
  C:2C51H         LINE#         1633
  C:2C51H         LINE#         1635
  C:2C66H         LINE#         1636
  C:2C66H         LINE#         1637
  C:2C69H         LINE#         1638
  C:2C71H         LINE#         1639
  C:2C71H         LINE#         1640
  C:2C7AH         LINE#         1641
  C:2C7AH         LINE#         1642
  C:2C7DH         LINE#         1643
  C:2C7FH         LINE#         1645
  C:2C7FH         LINE#         1646
  C:2C84H         LINE#         1647
  C:2C84H         LINE#         1649
  C:2C86H         LINE#         1651
  C:2C9BH         LINE#         1652
  C:2C9BH         LINE#         1653
  C:2C9EH         LINE#         1654
  C:2CA6H         LINE#         1655
  C:2CA6H         LINE#         1656
  C:2CAFH         LINE#         1657
  C:2CAFH         LINE#         1658
  C:2CB2H         LINE#         1659
  C:2CB4H         LINE#         1661
  C:2CB4H         LINE#         1662
  C:2CBAH         LINE#         1663
  C:2CBAH         LINE#         1665
  C:2CBCH         LINE#         1667
  C:2CD1H         LINE#         1668
  C:2CD1H         LINE#         1669
  C:2CD3H         LINE#         1670
  C:2CDBH         LINE#         1671
  C:2CDBH         LINE#         1672
  C:2CE4H         LINE#         1673
  C:2CE4H         LINE#         1674
  C:2CE7H         LINE#         1675
  C:2CE9H         LINE#         1677
  C:2CE9H         LINE#         1678
  C:2CEFH         LINE#         1679
  C:2CEFH         LINE#         1681
  C:2CF1H         LINE#         1683
  C:2D06H         LINE#         1684
  C:2D06H         LINE#         1685
  C:2D08H         LINE#         1686
  C:2D10H         LINE#         1687
  C:2D10H         LINE#         1688
  C:2D18H         LINE#         1689
  C:2D18H         LINE#         1690
BL51 BANKED LINKER/LOCATER V6.22                                                      12/03/2017  11:59:50  PAGE 33


  C:2D1BH         LINE#         1691
  C:2D1DH         LINE#         1692
  C:2D21H         LINE#         1693
  C:2D21H         LINE#         1694
  C:2D27H         LINE#         1695
  C:2D27H         LINE#         1697
  C:2D27H         LINE#         1699
  C:2D29H         LINE#         1701
  C:2D48H         LINE#         1702
  C:2D75H         LINE#         1703
  C:2D75H         LINE#         1705
  C:2D75H         LINE#         1706
  -------         ENDPROC       MOVEDATETIMEDOWN
  -------         PROC          ENTERDATETIME
  -------         DO            
  X:10FFH         SYMBOL        str
  -------         ENDDO         
  C:2825H         LINE#         1714
  C:2825H         LINE#         1715
  C:2825H         LINE#         1718
  C:282BH         LINE#         1720
  C:282EH         LINE#         1721
  C:282EH         LINE#         1722
  C:282EH         LINE#         1723
  C:282EH         LINE#         1724
  C:282EH         LINE#         1725
  C:282EH         LINE#         1726
  C:2831H         LINE#         1727
  C:2839H         LINE#         1728
  C:2839H         LINE#         1729
  C:283BH         LINE#         1730
  C:285AH         LINE#         1731
  C:286BH         LINE#         1732
  C:286BH         LINE#         1733
  C:286EH         LINE#         1734
  C:2876H         LINE#         1735
  C:2876H         LINE#         1736
  C:2878H         LINE#         1737
  C:2897H         LINE#         1738
  C:28A8H         LINE#         1739
  C:28A8H         LINE#         1740
  C:28ABH         LINE#         1741
  C:28B3H         LINE#         1742
  C:28B3H         LINE#         1743
  C:28B5H         LINE#         1744
  C:28D5H         LINE#         1745
  C:28E6H         LINE#         1746
  C:28E6H         LINE#         1747
  C:28E9H         LINE#         1748
  C:28F1H         LINE#         1749
  C:28F1H         LINE#         1750
  C:28F3H         LINE#         1751
  C:28F5H         LINE#         1752
  C:2915H         LINE#         1753
  C:2926H         LINE#         1754
  C:2926H         LINE#         1755
  C:2928H         LINE#         1756
BL51 BANKED LINKER/LOCATER V6.22                                                      12/03/2017  11:59:50  PAGE 34


  C:2930H         LINE#         1757
  C:2930H         LINE#         1758
  C:2932H         LINE#         1759
  C:2952H         LINE#         1760
  C:2967H         LINE#         1761
  C:2967H         LINE#         1762
  C:296AH         LINE#         1763
  C:2972H         LINE#         1764
  C:2972H         LINE#         1765
  C:2974H         LINE#         1766
  C:2994H         LINE#         1767
  C:29B1H         LINE#         1768
  C:29B4H         LINE#         1769
  C:29BFH         LINE#         1770
  C:29BFH         LINE#         1771
  C:29C0H         LINE#         1772
  C:29C2H         LINE#         1773
  C:29E2H         LINE#         1774
  C:2A1BH         LINE#         1775
  C:2A48H         LINE#         1776
  C:2A48H         LINE#         1778
  C:2A48H         LINE#         1779
  -------         ENDPROC       ENTERDATETIME
  -------         PROC          SETCLOCKONSCREEN
  -------         DO            
  D:0007H         SYMBOL        hoursAux
  -------         ENDDO         
  C:3872H         LINE#         1787
  C:3872H         LINE#         1788
  C:3872H         LINE#         1791
  C:3875H         LINE#         1792
  C:3875H         LINE#         1793
  C:3882H         LINE#         1794
  C:3889H         LINE#         1795
  C:388BH         LINE#         1796
  C:388BH         LINE#         1798
  C:388EH         LINE#         1799
  C:388EH         LINE#         1800
  C:389BH         LINE#         1801
  C:38A2H         LINE#         1802
  C:38A4H         LINE#         1803
  C:38A4H         LINE#         1805
  C:38A7H         LINE#         1806
  C:38A7H         LINE#         1807
  C:38B4H         LINE#         1808
  C:38BBH         LINE#         1809
  C:38BDH         LINE#         1810
  C:38BDH         LINE#         1812
  C:38C3H         LINE#         1813
  C:38C3H         LINE#         1814
  C:38CBH         LINE#         1816
  C:38CEH         LINE#         1817
[...]
  C:1F9DH         LINE#         2445
  C:1F9DH         LINE#         2446
  C:1FB3H         LINE#         2447
  C:1FB3H         LINE#         2448
  C:1FB5H         LINE#         2449
  C:1FBAH         LINE#         2450
  C:1FBAH         LINE#         2451
  C:1FBDH         LINE#         2452
  -------         ENDPROC       GET_FUNCTION_CODE
  -------         PROC          LOGIN_PAGE_LOAD
  -------         DO            
  X:0E87H         SYMBOL        str
  -------         ENDDO         
  C:3C72H         LINE#         2457
  C:3C72H         LINE#         2459
  C:3C89H         LINE#         2460
  C:3C91H         LINE#         2461
  C:3C95H         LINE#         2462
  C:3C99H         LINE#         2463
  C:3C9DH         LINE#         2464
  C:3CA4H         LINE#         2465
  C:3CAAH         LINE#         2466
  C:3CC1H         LINE#         2467
  -------         ENDPROC       LOGIN_PAGE_LOAD
  -------         PROC          LOGIN_ATTEMPTS
  C:0039H         LINE#         2471
  C:0039H         LINE#         2473
  -------         ENDPROC       LOGIN_ATTEMPTS
  -------         PROC          LOGIN_CLEAR_STARS
  -------         DO            
  X:0E87H         SYMBOL        str
  -------         ENDDO         
  C:3C11H         LINE#         2476
  C:3C11H         LINE#         2478
  C:3C1AH         LINE#         2479
  C:3C31H         LINE#         2480
  C:3C39H         LINE#         2481
  C:3C3DH         LINE#         2482
  C:3C41H         LINE#         2483
  C:3C45H         LINE#         2484
  C:3C4CH         LINE#         2485
  C:3C52H         LINE#         2486
  C:3C69H         LINE#         2487
  -------         ENDPROC       LOGIN_CLEAR_STARS
BL51 BANKED LINKER/LOCATER V6.22                                                      12/03/2017  11:59:50  PAGE 44


  -------         PROC          LOGIN_DISP_1_STAR
  -------         DO            
  X:0E87H         SYMBOL        str
  -------         ENDDO         
  C:3FB2H         LINE#         2491
  C:3FB2H         LINE#         2493
  C:3FC9H         LINE#         2494
  -------         ENDPROC       LOGIN_DISP_1_STAR
  -------         PROC          LOGIN_DISP_2_STAR
  -------         DO            
  X:0E87H         SYMBOL        str
  -------         ENDDO         
  C:3FD2H         LINE#         2498
  C:3FD2H         LINE#         2500
  C:3FE9H         LINE#         2501
  -------         ENDPROC       LOGIN_DISP_2_STAR
  -------         PROC          LOGIN_DISP_3_STAR
  -------         DO            
  X:0E87H         SYMBOL        str
  -------         ENDDO         
  C:3FF2H         LINE#         2505
  C:3FF2H         LINE#         2507
  C:4009H         LINE#         2508
  -------         ENDPROC       LOGIN_DISP_3_STAR
  -------         PROC          LOGIN_DISP_4_STAR
  -------         DO            
  X:0E87H         SYMBOL        str
  -------         ENDDO         
  C:25D1H         LINE#         2512
  C:25D1H         LINE#         2514
  C:25E8H         LINE#         2515
  C:25EBH         LINE#         2516
  C:2625H         LINE#         2517
  C:2625H         LINE#         2518
  C:2632H         LINE#         2519
  C:2632H         LINE#         2520
  C:2632H         LINE#         2521
  C:2632H         LINE#         2522
  C:2632H         LINE#         2523
  C:2632H         LINE#         2524
  C:2635H         LINE#         2525
  C:266FH         LINE#         2526
  C:266FH         LINE#         2527
  C:267CH         LINE#         2528
  C:267CH         LINE#         2529
  C:267CH         LINE#         2530
  C:267CH         LINE#         2531
  C:267CH         LINE#         2532
  C:267CH         LINE#         2533
  C:267FH         LINE#         2534
  C:26B9H         LINE#         2535
  C:26B9H         LINE#         2536
  C:26C6H         LINE#         2537
  C:26C6H         LINE#         2538
  C:26C6H         LINE#         2539
  C:26C6H         LINE#         2540
  C:26C6H         LINE#         2541
BL51 BANKED LINKER/LOCATER V6.22                                                      12/03/2017  11:59:50  PAGE 45


  C:26C6H         LINE#         2542
  C:26C8H         LINE#         2543
  C:270AH         LINE#         2544
  C:270AH         LINE#         2545
  C:2721H         LINE#         2546
  C:2744H         LINE#         2547
  C:2747H         LINE#         2548
  C:275CH         LINE#         2549
  C:275FH         LINE#         2550
  C:2767H         LINE#         2551
  C:2768H         LINE#         2553
  C:2768H         LINE#         2554
  C:277FH         LINE#         2555
  C:2782H         LINE#         2556
  C:2797H         LINE#         2557
  C:279AH         LINE#         2558
  C:27AFH         LINE#         2559
  C:27B2H         LINE#         2560
  C:27BAH         LINE#         2561
  C:27BEH         LINE#         2562
  C:27C2H         LINE#         2563
  C:27C6H         LINE#         2564
  C:27D4H         LINE#         2565
  C:27E3H         LINE#         2566
  C:27E3H         LINE#         2567
  C:27EBH         LINE#         2568
  C:27F9H         LINE#         2569
  C:27F9H         LINE#         2570
  C:27FBH         LINE#         2572
  C:27FBH         LINE#         2573
  C:2821H         LINE#         2574
  C:2824H         LINE#         2575
  C:2824H         LINE#         2576
  C:2824H         LINE#         2577
  -------         ENDPROC       LOGIN_DISP_4_STAR
  -------         PROC          LOCKED_PAGE_LOAD
  C:003AH         LINE#         2583
  C:003AH         LINE#         2585
  -------         ENDPROC       LOCKED_PAGE_LOAD
  -------         PROC          UPDATE_WAIT_TIME
  C:0070H         LINE#         2588
  C:0070H         LINE#         2590
  -------         ENDPROC       UPDATE_WAIT_TIME
  -------         PROC          LOGIN_CLEAR_DISP
  C:0071H         LINE#         2593
  C:0071H         LINE#         2595
  -------         ENDPROC       LOGIN_CLEAR_DISP
  -------         PROC          MAIN_PAGE_LOAD
  -------         DO            
  X:0E87H         SYMBOL        str
  -------         ENDDO         
  C:3CCAH         LINE#         2598
  C:3CCAH         LINE#         2599
  C:3CCAH         LINE#         2601
  C:3CD1H         LINE#         2602
  C:3CD7H         LINE#         2603
  C:3CDDH         LINE#         2604
BL51 BANKED LINKER/LOCATER V6.22                                                      12/03/2017  11:59:50  PAGE 46


  C:3CE3H         LINE#         2605
  C:3CE9H         LINE#         2606
  C:3CEFH         LINE#         2607
  C:3D06H         LINE#         2608
  C:3D0FH         LINE#         2609
  C:3D17H         LINE#         2610
  -------         ENDPROC       MAIN_PAGE_LOAD
  -------         PROC          TEMP_PAGE_LOAD
  -------         DO            
  X:0E87H         SYMBOL        str
  -------         ENDDO         
  C:3BABH         LINE#         2613
  C:3BABH         LINE#         2614
  C:3BABH         LINE#         2616
  C:3BB2H         LINE#         2617
  C:3BC9H         LINE#         2618
  C:3BD2H         LINE#         2619
  C:3BDAH         LINE#         2620
  C:3BE7H         LINE#         2621
  C:3BE7H         LINE#         2622
  C:3BF1H         LINE#         2623
  C:3BF1H         LINE#         2624
  C:3BF3H         LINE#         2626
  C:3BF3H         LINE#         2627
  C:3C07H         LINE#         2628
  C:3C10H         LINE#         2629
  C:3C10H         LINE#         2630
  -------         ENDPROC       TEMP_PAGE_LOAD
  -------         PROC          MOTOR_PAGE_LOAD
  -------         DO            
  X:0E87H         SYMBOL        str
  -------         ENDDO         
  C:3E80H         LINE#         2633
  C:3E80H         LINE#         2634
  C:3E80H         LINE#         2636
  C:3E87H         LINE#         2637
  C:3E8DH         LINE#         2638
  C:3E95H         LINE#         2639
  C:3EACH         LINE#         2640
  C:3EB5H         LINE#         2641
  C:3EBDH         LINE#         2642
  -------         ENDPROC       MOTOR_PAGE_LOAD
  -------         PROC          LASER_PAGE_LOAD
  -------         DO            
  X:0E87H         SYMBOL        str
  -------         ENDDO         
  C:3EBEH         LINE#         2645
  C:3EBEH         LINE#         2646
  C:3EBEH         LINE#         2648
  C:3EC5H         LINE#         2649
  C:3EDCH         LINE#         2650
  C:3EE5H         LINE#         2651
  C:3EEDH         LINE#         2653
  -------         ENDPROC       LASER_PAGE_LOAD
  -------         PROC          SETTING_PAGE_LOAD
  -------         DO            
  X:0E87H         SYMBOL        str
BL51 BANKED LINKER/LOCATER V6.22                                                      12/03/2017  11:59:50  PAGE 47


  -------         ENDDO         
  C:3D18H         LINE#         2656
  C:3D18H         LINE#         2657
  C:3D18H         LINE#         2659
  C:3D1FH         LINE#         2660
  C:3D54H         LINE#         2661
  C:3D5DH         LINE#         2662
  C:3D65H         LINE#         2663
  -------         ENDPROC       SETTING_PAGE_LOAD
  -------         PROC          C_TO_F
  C:4101H         LINE#         2666
  C:4101H         LINE#         2667
  C:4101H         LINE#         2668
  C:4108H         LINE#         2669
  -------         ENDPROC       C_TO_F
  -------         PROC          F_TO_C
  C:40F8H         LINE#         2672
  C:40F8H         LINE#         2673
  C:40F8H         LINE#         2674
  C:4100H         LINE#         2675
  -------         ENDPROC       F_TO_C
  -------         PROC          ADD_POINT
  C:40DCH         LINE#         2678
  C:40DCH         LINE#         2679
  C:40DCH         LINE#         2680
  C:40EAH         LINE#         2681
  -------         ENDPROC       ADD_POINT
  -------         PROC          GAME_START
  C:4065H         LINE#         2684
  C:4065H         LINE#         2685
  C:4065H         LINE#         2686
  C:406CH         LINE#         2687
  C:4074H         LINE#         2688
  C:407CH         LINE#         2689
  -------         ENDPROC       GAME_START
  -------         PROC          BRIGHTNESS_SETTING
  -------         DO            
  X:0E87H         SYMBOL        str
  -------         ENDDO         
  C:3EEEH         LINE#         2692
  C:3EEEH         LINE#         2693
  C:3EEEH         LINE#         2695
  C:3F14H         LINE#         2696
  -------         ENDPROC       BRIGHTNESS_SETTING
  -------         PROC          TIME_SETTING
  -------         DO            
  X:0E87H         SYMBOL        str
  -------         ENDDO         
  C:31BFH         LINE#         2717
  C:31BFH         LINE#         2718
  C:31BFH         LINE#         2720
  C:31FAH         LINE#         2721
  C:31FAH         LINE#         2722
  C:31FAH         LINE#         2723
  C:320EH         LINE#         2724
  C:3234H         LINE#         2725
  C:3234H         LINE#         2726
BL51 BANKED LINKER/LOCATER V6.22                                                      12/03/2017  11:59:50  PAGE 48


  C:3248H         LINE#         2727
  C:3248H         LINE#         2728
  C:325FH         LINE#         2729
  C:325FH         LINE#         2730
  C:3273H         LINE#         2731
  C:3273H         LINE#         2732
  C:3283H         LINE#         2733
  C:3283H         LINE#         2734
  C:3296H         LINE#         2735
  C:3296H         LINE#         2737
  C:3296H         LINE#         2738
  C:32A9H         LINE#         2739
  C:32A9H         LINE#         2740
  C:32BCH         LINE#         2741
  C:32CFH         LINE#         2742
  C:32E2H         LINE#         2743
  C:330AH         LINE#         2744
  C:3311H         LINE#         2745
  C:3311H         LINE#         2746
  C:3314H         LINE#         2747
  C:3316H         LINE#         2749
  C:3316H         LINE#         2750
  C:331CH         LINE#         2751
  C:331CH         LINE#         2752
  C:331FH         LINE#         2753
  C:331FH         LINE#         2754
  C:331FH         LINE#         2755
  C:331FH         LINE#         2757
  -------         ENDPROC       TIME_SETTING
  -------         PROC          SET_CLOCK
  -------         DO            
  X:0E87H         SYMBOL        str
  -------         ENDDO         
  C:2EEDH         LINE#         2760
  C:2EEDH         LINE#         2761
  C:2EEDH         LINE#         2763
  C:2F0DH         LINE#         2764
  C:2F0DH         LINE#         2765
  C:2F0DH         LINE#         2766
  C:2F18H         LINE#         2767
  C:2F23H         LINE#         2768
  C:2F2EH         LINE#         2769
  C:2F39H         LINE#         2770
  C:2F44H         LINE#         2771
  C:2F4DH         LINE#         2772
  C:2F4DH         LINE#         2773
  C:2F4DH         LINE#         2774
  C:2F4DH         LINE#         2775
  C:2FE0H         LINE#         2776
  C:3058H         LINE#         2777
  -------         ENDPROC       SET_CLOCK
  -------         PROC          CONTRAST_SETTING
  -------         DO            
  X:0E87H         SYMBOL        str
  -------         ENDDO         
  C:3320H         LINE#         2781
  C:3320H         LINE#         2782
BL51 BANKED LINKER/LOCATER V6.22                                                      12/03/2017  11:59:50  PAGE 49


  C:3320H         LINE#         2784
  C:3332H         LINE#         2785
  C:3332H         LINE#         2786
  C:334FH         LINE#         2787
  C:3375H         LINE#         2788
  C:3382H         LINE#         2789
  C:3385H         LINE#         2790
  C:339CH         LINE#         2791
  C:339CH         LINE#         2792
  C:33B4H         LINE#         2793
  C:33DAH         LINE#         2794
  C:33E7H         LINE#         2795
  C:33E9H         LINE#         2797
  C:33E9H         LINE#         2798
  C:340AH         LINE#         2799
  C:3430H         LINE#         2800
  C:346AH         LINE#         2801
  C:346AH         LINE#         2802
  -------         ENDPROC       CONTRAST_SETTING
  -------         ENDMOD        MAIN

  -------         MODULE        ?C?CLDPTR
  C:2323H         PUBLIC        ?C?CLDPTR
  -------         ENDMOD        ?C?CLDPTR

  -------         MODULE        ?C?IMUL
  C:233CH         PUBLIC        ?C?IMUL
  -------         ENDMOD        ?C?IMUL

  -------         MODULE        ?C?UIDIV
  C:234EH         PUBLIC        ?C?UIDIV
  -------         ENDMOD        ?C?UIDIV

  -------         MODULE        ?C?SIDIV
  C:23A3H         PUBLIC        ?C?SIDIV
  -------         ENDMOD        ?C?SIDIV

  -------         MODULE        ?C?ILDIX
  C:23D9H         PUBLIC        ?C?ILDIX
  -------         ENDMOD        ?C?ILDIX

  -------         MODULE        ?C?SLDIV
  C:3DFCH         PUBLIC        ?C?SLDIV
  -------         ENDMOD        ?C?SLDIV

  -------         MODULE        ?C?ULCMP
  C:23EFH         PUBLIC        ?C?ULCMP
  -------         ENDMOD        ?C?ULCMP

  -------         MODULE        ?C?LLDIXDATA
  C:2409H         PUBLIC        ?C?LLDIXDATA
  C:2400H         PUBLIC        ?C?LLDIXDATA1
  C:2402H         PUBLIC        ?C?LLDIXDATA8
  -------         ENDMOD        ?C?LLDIXDATA

  -------         MODULE        ?C?LSTKXDATA
  C:2435H         PUBLIC        ?C?LSTKXDATA
BL51 BANKED LINKER/LOCATER V6.22                                                      12/03/2017  11:59:50  PAGE 50


  -------         ENDMOD        ?C?LSTKXDATA

  -------         MODULE        ?C?CCASE
  C:2466H         PUBLIC        ?C?CCASE
  -------         ENDMOD        ?C?CCASE

  -------         MODULE        PRINTF
  X:0F55H         PUBLIC        ?_PRINTF517?BYTE
  X:0F55H         PUBLIC        ?_PRINTF?BYTE
  X:0F55H         PUBLIC        ?_SPRINTF517?BYTE
  X:0F55H         PUBLIC        ?_SPRINTF?BYTE
  C:2029H         PUBLIC        _PRINTF
  C:2029H         PUBLIC        _PRINTF517
  C:2023H         PUBLIC        _SPRINTF
  C:2023H         PUBLIC        _SPRINTF517
  -------         ENDMOD        PRINTF

  -------         MODULE        RAND
  X:113FH         PUBLIC        ?SRAND?BYTE
  C:3D66H         PUBLIC        RAND
  C:3DA4H         PUBLIC        _SRAND
  -------         ENDMOD        RAND

  -------         MODULE        ?C?CLDOPTR
  C:248CH         PUBLIC        ?C?CLDOPTR
  -------         ENDMOD        ?C?CLDOPTR

  -------         MODULE        ?C?CSTPTR
  C:24B9H         PUBLIC        ?C?CSTPTR
  -------         ENDMOD        ?C?CSTPTR

  -------         MODULE        ?C?ULDIV
  C:2507H         PUBLIC        ?C?ULDIV
  -------         ENDMOD        ?C?ULDIV

  -------         MODULE        ?C?LLDXDATA
  C:2599H         PUBLIC        ?C?LLDXDATA
  -------         ENDMOD        ?C?LLDXDATA

  -------         MODULE        ?C?LSTXDATA
  C:25A5H         PUBLIC        ?C?LSTXDATA
  -------         ENDMOD        ?C?LSTXDATA

  -------         MODULE        ?C?PLDIXDATA
  C:25B1H         PUBLIC        ?C?PLDIXDATA
  -------         ENDMOD        ?C?PLDIXDATA

  -------         MODULE        ?C?PSTXDATA
  C:25C8H         PUBLIC        ?C?PSTXDATA
  -------         ENDMOD        ?C?PSTXDATA

  -------         MODULE        PUTCHAR
  C:3F44H         PUBLIC        _PUTCHAR
  -------         ENDMOD        PUTCHAR

*** WARNING L16: UNCALLED SEGMENT, IGNORED FOR OVERLAY PROCESS
    SEGMENT: ?PR?_SHOWBITMAP?MAIN
BL51 BANKED LINKER/LOCATER V6.22                                                      12/03/2017  11:59:50  PAGE 51



*** WARNING L16: UNCALLED SEGMENT, IGNORED FOR OVERLAY PROCESS
    SEGMENT: ?PR?SCANUSERINPUT?MAIN

*** WARNING L16: UNCALLED SEGMENT, IGNORED FOR OVERLAY PROCESS
    SEGMENT: ?PR?_WRITEONEBYTETOSLAVE?MAIN

*** WARNING L16: UNCALLED SEGMENT, IGNORED FOR OVERLAY PROCESS
    SEGMENT: ?PR?SETCLOCKCONTROL?MAIN

*** WARNING L16: UNCALLED SEGMENT, IGNORED FOR OVERLAY PROCESS
    SEGMENT: ?PR?MOVEDATETIMEUP?MAIN

*** WARNING L16: UNCALLED SEGMENT, IGNORED FOR OVERLAY PROCESS
    SEGMENT: ?PR?MOVEDATETIMEDOWN?MAIN

*** WARNING L16: UNCALLED SEGMENT, IGNORED FOR OVERLAY PROCESS
    SEGMENT: ?PR?ENTERDATETIME?MAIN

*** WARNING L16: UNCALLED SEGMENT, IGNORED FOR OVERLAY PROCESS
    SEGMENT: ?PR?SETCLOCKONSCREEN?MAIN

*** WARNING L16: UNCALLED SEGMENT, IGNORED FOR OVERLAY PROCESS
    SEGMENT: ?PR?RESETCLOCK?MAIN

*** WARNING L16: UNCALLED SEGMENT, IGNORED FOR OVERLAY PROCESS
    SEGMENT: ?PR?LOCKED_PAGE_LOAD?MAIN

*** WARNING L16: UNCALLED SEGMENT, IGNORED FOR OVERLAY PROCESS
    SEGMENT: ?PR?UPDATE_WAIT_TIME?MAIN

*** WARNING L16: UNCALLED SEGMENT, IGNORED FOR OVERLAY PROCESS
    SEGMENT: ?PR?LOGIN_CLEAR_DISP?MAIN

*** WARNING L1: UNRESOLVED EXTERNAL SYMBOL
    SYMBOL:  ROOMTEMP
    MODULE:  .\Objects\main.obj (MAIN)

*** WARNING L2: REFERENCE MADE TO UNRESOLVED EXTERNAL
    SYMBOL:  ROOMTEMP
    MODULE:  .\Objects\main.obj (MAIN)
    ADDRESS: 0301H

*** WARNING L2: REFERENCE MADE TO UNRESOLVED EXTERNAL
    SYMBOL:  ROOMTEMP
    MODULE:  .\Objects\main.obj (MAIN)
    ADDRESS: 085DH

*** WARNING L2: REFERENCE MADE TO UNRESOLVED EXTERNAL
    SYMBOL:  ROOMTEMP
    MODULE:  .\Objects\main.obj (MAIN)
    ADDRESS: 0882H

*** WARNING L2: REFERENCE MADE TO UNRESOLVED EXTERNAL
    SYMBOL:  ROOMTEMP
    MODULE:  .\Objects\main.obj (MAIN)
    ADDRESS: 08E8H
BL51 BANKED LINKER/LOCATER V6.22                                                      12/03/2017  11:59:50  PAGE 52



*** WARNING L2: REFERENCE MADE TO UNRESOLVED EXTERNAL
    SYMBOL:  ROOMTEMP
    MODULE:  .\Objects\main.obj (MAIN)
    ADDRESS: 08FAH

*** WARNING L2: REFERENCE MADE TO UNRESOLVED EXTERNAL
    SYMBOL:  ROOMTEMP
    MODULE:  .\Objects\main.obj (MAIN)
    ADDRESS: 090DH

*** WARNING L2: REFERENCE MADE TO UNRESOLVED EXTERNAL
    SYMBOL:  ROOMTEMP
    MODULE:  .\Objects\main.obj (MAIN)
    ADDRESS: 0932H

*** WARNING L2: REFERENCE MADE TO UNRESOLVED EXTERNAL
    SYMBOL:  ROOMTEMP
    MODULE:  .\Objects\main.obj (MAIN)
    ADDRESS: 098CH

*** WARNING L2: REFERENCE MADE TO UNRESOLVED EXTERNAL
    SYMBOL:  ROOMTEMP
    MODULE:  .\Objects\main.obj (MAIN)
    ADDRESS: 09AEH

Program Size: data=27.6 xdata=4421 code=16660
LINK/LOCATE RUN COMPLETE.  22 WARNING(S),  0 ERROR(S)
