BL51 BANKED LINKER/LOCATER V6.22                                                        12/04/2017  23:21:46  PAGE 1


BL51 BANKED LINKER/LOCATER V6.22, INVOKED BY:
D:\KEIL_V5\C51\BIN\BL51.EXE .\Objects\main.obj TO .\Objects\TeamProject PRINT (.\Listings\TeamProject.m51) RAMSIZE (256)
>> 


MEMORY MODEL: LARGE


INPUT MODULES INCLUDED:
  .\Objects\main.obj (MAIN)
  D:\KEIL_V5\C51\LIB\C51L.LIB (?C_STARTUP)
  D:\KEIL_V5\C51\LIB\C51L.LIB (?C?CLDPTR)
  D:\KEIL_V5\C51\LIB\C51L.LIB (?C?IMUL)
  D:\KEIL_V5\C51\LIB\C51L.LIB (?C?UIDIV)
  D:\KEIL_V5\C51\LIB\C51L.LIB (?C?SIDIV)
  D:\KEIL_V5\C51\LIB\C51L.LIB (?C?ILDIX)
  D:\KEIL_V5\C51\LIB\C51L.LIB (?C?SLDIV)
  D:\KEIL_V5\C51\LIB\C51L.LIB (?C?ULCMP)
  D:\KEIL_V5\C51\LIB\C51L.LIB (?C?LLDIXDATA)
  D:\KEIL_V5\C51\LIB\C51L.LIB (?C?LSTKXDATA)
  D:\KEIL_V5\C51\LIB\C51L.LIB (?C?CCASE)
  D:\KEIL_V5\C51\LIB\C51L.LIB (PRINTF)
  D:\KEIL_V5\C51\LIB\C51L.LIB (RAND)
  D:\KEIL_V5\C51\LIB\C51L.LIB (?C_INIT)
  D:\KEIL_V5\C51\LIB\C51L.LIB (?C?CLDOPTR)
  D:\KEIL_V5\C51\LIB\C51L.LIB (?C?CSTPTR)
  D:\KEIL_V5\C51\LIB\C51L.LIB (?C?ULDIV)
  D:\KEIL_V5\C51\LIB\C51L.LIB (?C?LLDXDATA)
  D:\KEIL_V5\C51\LIB\C51L.LIB (?C?LSTXDATA)
  D:\KEIL_V5\C51\LIB\C51L.LIB (?C?PLDIXDATA)
  D:\KEIL_V5\C51\LIB\C51L.LIB (?C?PSTXDATA)
  D:\KEIL_V5\C51\LIB\C51L.LIB (PUTCHAR)


LINK MAP OF MODULE:  .\Objects\TeamProject (MAIN)


            TYPE    BASE      LENGTH    RELOCATION   SEGMENT NAME
            -----------------------------------------------------

            * * * * * * *   D A T A   M E M O R Y   * * * * * * *
            REG     0000H     0008H     ABSOLUTE     "REG BANK 0"
            DATA    0008H     0005H     UNIT         _DATA_GROUP_
                    000DH     0003H                  *** GAP ***
            REG     0010H     0008H     ABSOLUTE     "REG BANK 2"
                    0018H     0008H                  *** GAP ***
            DATA    0020H     0002H     BIT_ADDR     ?BA?MAIN
            BIT     0022H.0   0002H.4   UNIT         ?BI?MAIN
            BIT     0024H.4   0001H.2   UNIT         _BIT_GROUP_
                    0025H.6   0000H.2                *** GAP ***
            IDATA   0026H     0001H     UNIT         ?STACK

            * * * * * * *  X D A T A   M E M O R Y  * * * * * * *
            XDATA   0000H     0E3CH     UNIT         ?XD?MAIN
            XDATA   0E3CH     0141H     UNIT         _XDATA_GROUP_
            XDATA   0F7DH     0082H     UNIT         ?XD?_SHOWBITMAP?MAIN
            XDATA   0FFFH     0080H     UNIT         ?XD?_CALLMACRO?MAIN
            XDATA   107FH     0040H     UNIT         ?XD?MOVEDATETIMEUP?MAIN
BL51 BANKED LINKER/LOCATER V6.22                                                      12/04/2017  23:21:46  PAGE 2


            XDATA   10BFH     0040H     UNIT         ?XD?MOVEDATETIMEDOWN?MAIN
            XDATA   10FFH     0040H     UNIT         ?XD?ENTERDATETIME?MAIN
            XDATA   113FH     0004H     UNIT         ?XD?RAND?RAND
            XDATA   1143H     0002H     UNIT         ?XD?SCANUSERINPUT?MAIN

            * * * * * * *   C O D E   M E M O R Y   * * * * * * *
            CODE    0000H     0003H     ABSOLUTE     
            CODE    0003H     0020H     UNIT         ?PR?BAR_LOAD?MAIN
            CODE    0023H     0003H     ABSOLUTE     
            CODE    0026H     0013H     UNIT         ?PR?_CONVERTDECIMALTOBCD?MAIN
            CODE    0039H     0001H     UNIT         ?PR?LOGIN_ATTEMPTS?MAIN
            CODE    003AH     0001H     UNIT         ?PR?LOCKED_PAGE_LOAD?MAIN
            CODE    003BH     0003H     ABSOLUTE     
            CODE    003EH     0032H     UNIT         ?PR?RESETCLOCK?MAIN
            CODE    0070H     0001H     UNIT         ?PR?UPDATE_WAIT_TIME?MAIN
            CODE    0071H     0001H     UNIT         ?PR?LOGIN_CLEAR_DISP?MAIN
                    0072H     0001H                  *** GAP ***
            CODE    0073H     0003H     ABSOLUTE     
            CODE    0076H     0B7CH     UNIT         ?PR?MAIN?MAIN
            CODE    0BF2H     06E7H     UNIT         ?CO?MAIN
            CODE    12D9H     04FFH     UNIT         ?PR?SMBISR?MAIN
            CODE    17D8H     04F1H     UNIT         ?PR?UART0INTERRUPT?MAIN
            CODE    1CC9H     0456H     UNIT         ?PR?GET_FUNCTION_CODE?MAIN
            CODE    211FH     0365H     UNIT         ?PR?PRINTF?PRINTF
            CODE    2484H     02B9H     UNIT         ?PR?ENTERDATETIME?MAIN
            CODE    273DH     02AEH     UNIT         ?C?LIB_CODE
            CODE    29EBH     0283H     UNIT         ?PR?LOGIN_DISP_4_STAR?MAIN
            CODE    2C6EH     01A6H     UNIT         ?PR?GETCLOCKDATA?MAIN
            CODE    2E14H     018EH     UNIT         ?PR?MOVEDATETIMEDOWN?MAIN
            CODE    2FA2H     017FH     UNIT         ?PR?MOVEDATETIMEUP?MAIN
            CODE    3121H     016EH     UNIT         ?PR?SET_CLOCK?MAIN
            CODE    328FH     0164H     UNIT         ?PR?SCANUSERINPUT?MAIN
            CODE    33F3H     0161H     UNIT         ?PR?TIME_SETTING?MAIN
            CODE    3554H     014BH     UNIT         ?PR?CONTRAST_SETTING?MAIN
            CODE    369FH     0136H     UNIT         ?PR?DISPLAYCLOCK?MAIN
            CODE    37D5H     0120H     UNIT         ?C_INITSEG
            CODE    38F5H     0118H     UNIT         ?PR?_DISPLAYTEXT?MAIN
            CODE    3A0DH     00B6H     UNIT         ?PR?SMBINIT?MAIN
            CODE    3AC3H     00AFH     UNIT         ?PR?SETCLOCKONSCREEN?MAIN
            CODE    3B72H     00ABH     UNIT         ?PR?_SMBREAD?MAIN
            CODE    3C1DH     009DH     UNIT         ?PR?LOGIN_CLEAR_STARS?MAIN
            CODE    3CBAH     0094H     UNIT         ?PR?LOGIN_PAGE_LOAD?MAIN
            CODE    3D4EH     008CH     UNIT         ?C_C51STARTUP
            CODE    3DDAH     007CH     UNIT         ?PR?SETCLOCK?MAIN
            CODE    3E56H     0070H     UNIT         ?PR?_SENDCOMMAND?MAIN
            CODE    3EC6H     0067H     UNIT         ?PR?_SMBWRITE?MAIN
            CODE    3F2DH     0066H     UNIT         ?PR?TEMP_PAGE_LOAD?MAIN
            CODE    3F93H     004EH     UNIT         ?PR?MAIN_PAGE_LOAD?MAIN
            CODE    3FE1H     004EH     UNIT         ?PR?SETTING_PAGE_LOAD?MAIN
            CODE    402FH     004DH     UNIT         ?PR?RAND?RAND
            CODE    407CH     0049H     UNIT         ?PR?_SHOWBITMAP?MAIN
            CODE    40C5H     0044H     UNIT         ?C?LDIV
            CODE    4109H     0040H     UNIT         ?PR?PORTINIT?MAIN
            CODE    4149H     003EH     UNIT         ?PR?MOTOR_PAGE_LOAD?MAIN
            CODE    4187H     0030H     UNIT         ?PR?LASER_PAGE_LOAD?MAIN
            CODE    41B7H     002FH     UNIT         ?PR?BRIGHTNESS_SETTING?MAIN
            CODE    41E6H     0027H     UNIT         ?PR?UART0INIT?MAIN
BL51 BANKED LINKER/LOCATER V6.22                                                      12/04/2017  23:21:46  PAGE 3


            CODE    420DH     0027H     UNIT         ?PR?PUTCHAR?PUTCHAR
            CODE    4234H     0026H     UNIT         ?PR?_CALLMACRO?MAIN
            CODE    425AH     0021H     UNIT         ?PR?_READONEBYTEFROMSLAVE?MAIN
            CODE    427BH     0020H     UNIT         ?PR?LOGIN_DISP_1_STAR?MAIN
            CODE    429BH     0020H     UNIT         ?PR?LOGIN_DISP_2_STAR?MAIN
            CODE    42BBH     0020H     UNIT         ?PR?LOGIN_DISP_3_STAR?MAIN
            CODE    42DBH     001FH     UNIT         ?PR?TIMER3ISR?MAIN
            CODE    42FAH     001BH     UNIT         ?PR?TIMER3INIT?MAIN
            CODE    4315H     0019H     UNIT         ?PR?_WRITEONEBYTETOSLAVE?MAIN
            CODE    432EH     0018H     UNIT         ?PR?GAME_START?MAIN
            CODE    4346H     0012H     UNIT         ?PR?SYSTEMCLOCKINIT?MAIN
            CODE    4358H     0011H     UNIT         ?PR?SETCLOCKCONTROL?MAIN
            CODE    4369H     000FH     UNIT         ?PR?CHECKSLAVEFLAGS?MAIN
            CODE    4378H     000FH     UNIT         ?PR?_WRITEBYTESTOREALTIMECLOCK?MAIN
            CODE    4387H     000FH     UNIT         ?PR?_READBYTESFROMREALTIMECLOCK?MAIN
            CODE    4396H     000FH     UNIT         ?PR?_CONVERTBCDTODECIMAL?MAIN
            CODE    43A5H     000FH     UNIT         ?PR?ADD_POINT?MAIN
            CODE    43B4H     000DH     UNIT         ?PR?ENABLEINTERRUPTS?MAIN
            CODE    43C1H     0009H     UNIT         ?PR?F_TO_C?MAIN
            CODE    43CAH     0008H     UNIT         ?PR?C_TO_F?MAIN
            CODE    43D2H     0007H     UNIT         ?PR?DISABLEWATCHDOG?MAIN
            CODE    43D9H     0005H     UNIT         ?PR?_CHANGESCREEN?MAIN



OVERLAY MAP OF MODULE:   .\Objects\TeamProject (MAIN)


SEGMENT                                         BIT_GROUP          DATA_GROUP          XDATA_GROUP
  +--> CALLED SEGMENT                        START    LENGTH     START    LENGTH     START    LENGTH
----------------------------------------------------------------------------------------------------
?PR?UART0INTERRUPT?MAIN                      -----    -----      -----    -----      0E3CH    0005H

*** NEW ROOT ***************************************************

?PR?SMBISR?MAIN                              0024H.4  0000H.1    -----    -----      -----    -----

*** NEW ROOT ***************************************************

?C_C51STARTUP                                -----    -----      -----    -----      -----    -----
  +--> ?PR?MAIN?MAIN
  +--> ?C_INITSEG

?PR?MAIN?MAIN                                -----    -----      -----    -----      0E41H    0046H
  +--> ?PR?DISABLEWATCHDOG?MAIN
  +--> ?PR?SYSTEMCLOCKINIT?MAIN
  +--> ?PR?PORTINIT?MAIN
  +--> ?PR?ENABLEINTERRUPTS?MAIN
  +--> ?PR?UART0INIT?MAIN
  +--> ?PR?SMBINIT?MAIN
  +--> ?PR?TIMER3INIT?MAIN
  +--> ?PR?CONTRAST_SETTING?MAIN
  +--> ?PR?GETCLOCKDATA?MAIN
  +--> ?CO?MAIN
  +--> ?PR?PRINTF?PRINTF
  +--> ?PR?_DISPLAYTEXT?MAIN
  +--> ?PR?DISPLAYCLOCK?MAIN
BL51 BANKED LINKER/LOCATER V6.22                                                      12/04/2017  23:21:46  PAGE 4


  +--> ?PR?_SENDCOMMAND?MAIN
  +--> ?PR?_READONEBYTEFROMSLAVE?MAIN
  +--> ?PR?RAND?RAND
  +--> ?PR?CHECKSLAVEFLAGS?MAIN
  +--> ?PR?GET_FUNCTION_CODE?MAIN
  +--> ?PR?BAR_LOAD?MAIN
  +--> ?PR?LOGIN_PAGE_LOAD?MAIN
  +--> ?PR?LOGIN_ATTEMPTS?MAIN
  +--> ?PR?LOGIN_CLEAR_STARS?MAIN
  +--> ?PR?LOGIN_DISP_1_STAR?MAIN
  +--> ?PR?LOGIN_DISP_2_STAR?MAIN
  +--> ?PR?LOGIN_DISP_3_STAR?MAIN
  +--> ?PR?LOGIN_DISP_4_STAR?MAIN
  +--> ?PR?MAIN_PAGE_LOAD?MAIN
  +--> ?PR?TEMP_PAGE_LOAD?MAIN
  +--> ?PR?MOTOR_PAGE_LOAD?MAIN
  +--> ?PR?LASER_PAGE_LOAD?MAIN
  +--> ?PR?SETTING_PAGE_LOAD?MAIN
  +--> ?PR?C_TO_F?MAIN
  +--> ?PR?F_TO_C?MAIN
  +--> ?PR?ADD_POINT?MAIN
  +--> ?PR?GAME_START?MAIN
  +--> ?PR?BRIGHTNESS_SETTING?MAIN
  +--> ?PR?TIME_SETTING?MAIN
  +--> ?PR?SET_CLOCK?MAIN

?PR?SYSTEMCLOCKINIT?MAIN                     -----    -----      -----    -----      0E87H    0002H

?PR?SMBINIT?MAIN                             -----    -----      -----    -----      0E87H    0007H

?PR?CONTRAST_SETTING?MAIN                    -----    -----      -----    -----      0E87H    0040H
  +--> ?CO?MAIN
  +--> ?PR?PRINTF?PRINTF

?PR?PRINTF?PRINTF                            0024H.5  0001H.1    0008H    0005H      0F55H    0028H
  +--> ?PR?PUTCHAR?PUTCHAR

?PR?GETCLOCKDATA?MAIN                        -----    -----      -----    -----      0EC7H    0002H
  +--> ?PR?_READBYTESFROMREALTIMECLOCK?MAIN
  +--> ?PR?_CONVERTBCDTODECIMAL?MAIN

?PR?_READBYTESFROMREALTIMECLOCK?MAIN         -----    -----      -----    -----      -----    -----
  +--> ?PR?_SMBREAD?MAIN

?PR?_SMBREAD?MAIN                            -----    -----      -----    -----      0EC9H    0006H
  +--> ?PR?_SMBWRITE?MAIN

?PR?_SMBWRITE?MAIN                           -----    -----      -----    -----      0ECFH    0004H

?PR?_DISPLAYTEXT?MAIN                        -----    -----      -----    -----      0EC7H    008EH
  +--> ?CO?MAIN
  +--> ?PR?PRINTF?PRINTF
  +--> ?PR?_SENDCOMMAND?MAIN

?PR?_SENDCOMMAND?MAIN                        -----    -----      -----    -----      0F55H    0001H

?PR?DISPLAYCLOCK?MAIN                        -----    -----      -----    -----      0E87H    0040H
BL51 BANKED LINKER/LOCATER V6.22                                                      12/04/2017  23:21:46  PAGE 5


  +--> ?PR?GETCLOCKDATA?MAIN
  +--> ?CO?MAIN
  +--> ?PR?PRINTF?PRINTF
  +--> ?PR?_DISPLAYTEXT?MAIN

?PR?_READONEBYTEFROMSLAVE?MAIN               -----    -----      -----    -----      0E87H    0001H
  +--> ?PR?_SMBREAD?MAIN

?PR?CHECKSLAVEFLAGS?MAIN                     -----    -----      -----    -----      -----    -----
  +--> ?PR?_READONEBYTEFROMSLAVE?MAIN

?PR?BAR_LOAD?MAIN                            -----    -----      -----    -----      0E87H    0040H
  +--> ?CO?MAIN
  +--> ?PR?PRINTF?PRINTF
  +--> ?PR?_SENDCOMMAND?MAIN

?PR?LOGIN_PAGE_LOAD?MAIN                     -----    -----      -----    -----      0E87H    0040H
  +--> ?CO?MAIN
  +--> ?PR?PRINTF?PRINTF
  +--> ?PR?_SENDCOMMAND?MAIN

?PR?LOGIN_CLEAR_STARS?MAIN                   -----    -----      -----    -----      0E87H    0040H
  +--> ?CO?MAIN
  +--> ?PR?PRINTF?PRINTF
  +--> ?PR?_SENDCOMMAND?MAIN

?PR?LOGIN_DISP_1_STAR?MAIN                   -----    -----      -----    -----      0E87H    0040H
  +--> ?CO?MAIN
  +--> ?PR?PRINTF?PRINTF
  +--> ?PR?_SENDCOMMAND?MAIN

?PR?LOGIN_DISP_2_STAR?MAIN                   -----    -----      -----    -----      0E87H    0040H
  +--> ?CO?MAIN
  +--> ?PR?PRINTF?PRINTF
  +--> ?PR?_SENDCOMMAND?MAIN

?PR?LOGIN_DISP_3_STAR?MAIN                   -----    -----      -----    -----      0E87H    0040H
  +--> ?CO?MAIN
  +--> ?PR?PRINTF?PRINTF
  +--> ?PR?_SENDCOMMAND?MAIN

?PR?LOGIN_DISP_4_STAR?MAIN                   -----    -----      -----    -----      0E87H    0040H
  +--> ?CO?MAIN
  +--> ?PR?PRINTF?PRINTF
  +--> ?PR?_SENDCOMMAND?MAIN

?PR?MAIN_PAGE_LOAD?MAIN                      -----    -----      -----    -----      0E87H    0040H
  +--> ?CO?MAIN
  +--> ?PR?PRINTF?PRINTF
  +--> ?PR?_SENDCOMMAND?MAIN

?PR?TEMP_PAGE_LOAD?MAIN                      -----    -----      -----    -----      0E87H    0040H
  +--> ?CO?MAIN
  +--> ?PR?PRINTF?PRINTF
  +--> ?PR?_SENDCOMMAND?MAIN

?PR?MOTOR_PAGE_LOAD?MAIN                     -----    -----      -----    -----      0E87H    0040H
BL51 BANKED LINKER/LOCATER V6.22                                                      12/04/2017  23:21:46  PAGE 6


  +--> ?CO?MAIN
  +--> ?PR?PRINTF?PRINTF
  +--> ?PR?_SENDCOMMAND?MAIN

?PR?LASER_PAGE_LOAD?MAIN                     -----    -----      -----    -----      0E87H    0040H
  +--> ?CO?MAIN
  +--> ?PR?PRINTF?PRINTF
  +--> ?PR?_SENDCOMMAND?MAIN

?PR?SETTING_PAGE_LOAD?MAIN                   -----    -----      -----    -----      0E87H    0040H
  +--> ?CO?MAIN
  +--> ?PR?PRINTF?PRINTF
  +--> ?PR?_SENDCOMMAND?MAIN

?PR?BRIGHTNESS_SETTING?MAIN                  -----    -----      -----    -----      0E87H    0040H
  +--> ?CO?MAIN
  +--> ?PR?PRINTF?PRINTF
  +--> ?PR?_SENDCOMMAND?MAIN

?PR?TIME_SETTING?MAIN                        -----    -----      -----    -----      0E87H    0040H
  +--> ?CO?MAIN
  +--> ?PR?PRINTF?PRINTF
  +--> ?PR?_SENDCOMMAND?MAIN
  +--> ?PR?SETCLOCK?MAIN

?PR?SETCLOCK?MAIN                            -----    -----      -----    -----      -----    -----
  +--> ?PR?_CONVERTDECIMALTOBCD?MAIN
  +--> ?PR?_WRITEBYTESTOREALTIMECLOCK?MAIN

?PR?_WRITEBYTESTOREALTIMECLOCK?MAIN          -----    -----      -----    -----      -----    -----
  +--> ?PR?_SMBWRITE?MAIN

?PR?SET_CLOCK?MAIN                           -----    -----      -----    -----      0E87H    0040H
  +--> ?PR?SETCLOCK?MAIN

?C_INITSEG                                   -----    -----      -----    -----      -----    -----
  +--> ?CO?MAIN



SYMBOL TABLE OF MODULE:  .\Objects\TeamProject (MAIN)

  VALUE           TYPE          NAME
  ----------------------------------

  -------         MODULE        MAIN
  C:0000H         SYMBOL        _ICE_DUMMY_
  X:0011H         PUBLIC        tsByte
  B:0022H.0       PUBLIC        yearUpdated
  D:0080H         PUBLIC        P0
  B:0022H.1       PUBLIC        hoursUpdated
  D:0090H         PUBLIC        P1
  B:00C0H.2       PUBLIC        AA
  D:00FFH         PUBLIC        WDTCN
  D:00A0H         PUBLIC        P2
  B:0020H.3       PUBLIC        roomTempSensorErr
  B:0020H.1       PUBLIC        airFlowSensorErr
BL51 BANKED LINKER/LOCATER V6.22                                                      12/04/2017  23:21:46  PAGE 7


  D:00B0H         PUBLIC        P3
  X:0012H         PUBLIC        select
  X:0014H         PUBLIC        currentIndex
  X:0015H         PUBLIC        screen
  D:00C8H         PUBLIC        P4
  X:0016H         PUBLIC        dayOfWeek
  D:00E6H         PUBLIC        EIE1
  D:00D8H         PUBLIC        P5
  C:3FE1H         PUBLIC        setting_page_load
  X:0024H         PUBLIC        userCommand
  C:41E6H         PUBLIC        uart0Init
  D:00E8H         PUBLIC        P6
  D:00E7H         PUBLIC        EIE2
  X:0224H         PUBLIC        numBytesWR
  C:4378H         PUBLIC        _writeBytesToRealTimeClock
  D:00F8H         PUBLIC        P7
  B:0022H.2       PUBLIC        SMB_BUSY
  X:0226H         PUBLIC        currentDate
  X:0227H         PUBLIC        roomTemp1
  X:0228H         PUBLIC        minutes
  X:0229H         PUBLIC        roomTemp2
  B:0021H.1       PUBLIC        hiRoomTemp
  B:0022H.3       PUBLIC        monthDateYearUpdated
  B:0022H.4       PUBLIC        screenReset
  D:0084H         PUBLIC        SFRPAGE
  C:1CC9H         PUBLIC        get_function_code
  X:022AH         PUBLIC        roomTemp3
  B:0022H.5       PUBLIC        tsLastCharGone
  D:00A4H         PUBLIC        P0MDOUT
  B:0021H.5       PUBLIC        lowAirFlow
  X:022BH         PUBLIC        amPm
  D:00A5H         PUBLIC        P1MDOUT
  D:00A8H         PUBLIC        IE
  X:022CH         PUBLIC        century
  D:00A7H         PUBLIC        P3MDOUT
  X:022DH         PUBLIC        clock_value
  X:022FH         PUBLIC        is_in_laser_page
  C:43D2H         PUBLIC        disableWatchdog
  D:009CH         PUBLIC        P4MDOUT
  D:009DH         PUBLIC        P5MDOUT
  X:0231H         PUBLIC        is_in_game
  X:0233H         PUBLIC        minuteIndex
  X:0234H         PUBLIC        currentMonth
  X:0235H         PUBLIC        tsRxBuffer
  D:009EH         PUBLIC        P6MDOUT
  C:2FA2H         PUBLIC        moveDateTimeUp
  D:009FH         PUBLIC        P7MDOUT
  X:0435H         PUBLIC        tsTxBuffer
  C:4234H         PUBLIC        _callMacro
  C:33F3H         PUBLIC        time_setting
  C:003EH         PUBLIC        resetClock
  C:3C1DH         PUBLIC        login_clear_stars
  X:0835H         PUBLIC        Font
  C:0071H         PUBLIC        login_clear_disp
  X:0847H         PUBLIC        hours24
  X:0848H         PUBLIC        lastScreen
  X:0849H         PUBLIC        slaveAddr
BL51 BANKED LINKER/LOCATER V6.22                                                      12/04/2017  23:21:46  PAGE 8


  B:0021H.6       PUBLIC        reserved6
  X:084AH         PUBLIC        currentYear
  B:00C0H.3       PUBLIC        SI
  X:084BH         PUBLIC        is_in_main_page
  C:4187H         PUBLIC        laser_page_load
  B:0021H.7       PUBLIC        reserved7
  D:00E1H         PUBLIC        XBR0
  D:00E2H         PUBLIC        XBR1
  C:3CBAH         PUBLIC        login_page_load
  D:00E3H         PUBLIC        XBR2
  X:084DH         PUBLIC        stones
  X:084FH         PUBLIC        eepromDataByte
  X:0850H         PUBLIC        date
  B:0020H.4       PUBLIC        waterInTempSensorErr
  D:00CBH         PUBLIC        RCAP2H
  C:3927H         PUBLIC        _displayText
  C:41B7H         PUBLIC        brightness_setting
  C:4358H         PUBLIC        setClockControl
  X:0851H         PUBLIC        eepromWriteDone
  B:0020H.5       PUBLIC        waterOutTempSensorErr
  C:407CH         PUBLIC        _showBitmap
  D:00C0H         PUBLIC        SMB0CN
  X:0852H         PUBLIC        slaveReadDone
  D:00CCH         PUBLIC        TMR2
  D:00CAH         PUBLIC        RCAP2L
  C:0076H         PUBLIC        main
  D:00CCH         PUBLIC        TMR3
  B:0022H.6       PUBLIC        splashEnd
  B:0020H.2       PUBLIC        pressureSensorErr
  X:0853H         PUBLIC        month
  D:00CFH         PUBLIC        SMB0CR
  X:0854H         PUBLIC        is_in_motor_page
  C:3F93H         PUBLIC        main_page_load
  B:0021H.2       PUBLIC        hiWaterInTemp
  X:0856H         PUBLIC        pageCount
  B:0021H.3       PUBLIC        hiWaterOutTemp
  B:0022H.7       PUBLIC        ackFromScreen
  X:0858H         PUBLIC        point
  X:085AH         PUBLIC        SETTINGS_DATE_X
  C:4315H         PUBLIC        _writeOneByteToSlave
  X:085CH         PUBLIC        is_in_temp_page
  C:432EH         PUBLIC        game_start
  C:2C6EH         PUBLIC        getClockData
  X:085EH         PUBLIC        SETTINGS_DATE_Y
  X:0860H         PUBLIC        adjustedSeconds
  X:0861H         PUBLIC        realTimeClockItems
  X:0862H         PUBLIC        startAddr
  C:4346H         PUBLIC        systemClockInit
  D:00C9H         PUBLIC        TMR2CF
  C:0070H         PUBLIC        update_wait_time
  D:00C9H         PUBLIC        TMR3CF
  X:0864H         PUBLIC        bytesExtra
  X:0866H         PUBLIC        year
  B:0023H.0       PUBLIC        screenChanged
  C:12D9H         PUBLIC        smbISR
  C:43B4H         PUBLIC        enableInterrupts
  X:0867H         PUBLIC        eepromReaddone
BL51 BANKED LINKER/LOCATER V6.22                                                      12/04/2017  23:21:46  PAGE 9


  X:0868H         PUBLIC        hours
  C:2484H         PUBLIC        enterDateTime
  X:0869H         PUBLIC        slaveWriteDone
  C:4149H         PUBLIC        motor_page_load
  C:43A5H         PUBLIC        add_point
  D:00C8H         PUBLIC        TMR2CN
  C:0003H         PUBLIC        bar_load
  X:086AH         PUBLIC        timeMode
  D:00C8H         PUBLIC        TMR3CN
  B:0021H.0       PUBLIC        lowWaterPressure
  C:3F2DH         PUBLIC        temp_page_load
  X:086BH         PUBLIC        hourIndex
  C:3121H         PUBLIC        set_clock
  C:3DDAH         PUBLIC        setClock
  D:0021H         PUBLIC        slaveFlags0
  X:086CH         PUBLIC        day
  D:0020H         PUBLIC        slaveFlags1
  B:0023H.1       PUBLIC        secondsUpdated
  X:086DH         PUBLIC        brightness
  D:008AH         PUBLIC        OSCICN
  C:3B72H         PUBLIC        _smbRead
  C:17D8H         PUBLIC        uart0Interrupt
  X:086FH         PUBLIC        sharedDataRx
  X:08EEH         PUBLIC        adjustedMinutes
  B:0023H.2       PUBLIC        tsCommandTransmitted
  B:00C0H.7       PUBLIC        BUSY
  X:08EFH         PUBLIC        sharedDataTx
  B:0023H.3       PUBLIC        tsRxEmpty
  X:096EH         PUBLIC        adjustedAmPm
  C:42DBH         PUBLIC        timer3ISR
  B:0023H.4       PUBLIC        tsTxEmpty
  X:096FH         PUBLIC        adjustedCentury
  C:4396H         PUBLIC        _convertBCDToDecimal
  C:0026H         PUBLIC        _convertDecimalToBCD
  C:4387H         PUBLIC        _readBytesFromRealTimeClock
  B:0098H.0       PUBLIC        RI0
  X:0970H         PUBLIC        clockSetupMsg
  B:00C8H.7       PUBLIC        TF3
  B:0098H.1       PUBLIC        TI0
  C:43D9H         PUBLIC        _changeScreen
  X:0978H         PUBLIC        userID
  X:09B8H         PUBLIC        rtcReadDone
  C:3EC6H         PUBLIC        _smbWrite
  B:0020H.6       PUBLIC        slaveRestarted
  B:0023H.5       PUBLIC        minutesUpdated
  X:09B9H         PUBLIC        passcode
  C:3554H         PUBLIC        contrast_setting
  X:09C1H         PUBLIC        eepromRx
  X:0BC1H         PUBLIC        is_in_c
  B:0080H.6       PUBLIC        SDA
  X:0BC3H         PUBLIC        eepromPageTx
  B:0023H.6       PUBLIC        amPmUpdated
  X:0BE3H         PUBLIC        eepromTx
  B:0023H.7       PUBLIC        tsCommandReceived
  D:00CAH         PUBLIC        RCAP2
  B:00C8H.2       PUBLIC        TR3
  X:0DE3H         PUBLIC        adjustedDate
BL51 BANKED LINKER/LOCATER V6.22                                                      12/04/2017  23:21:46  PAGE 10


  C:3A0DH         PUBLIC        smbInit
  D:00CAH         PUBLIC        RCAP3
  B:0020H.7       PUBLIC        slaveWatchdogReset
  C:427BH         PUBLIC        login_disp_1_star
  C:328FH         PUBLIC        scanUserInput
  C:429BH         PUBLIC        login_disp_2_star
  X:0DE4H         PUBLIC        SETTINGS_DATE_BG
  C:4109H         PUBLIC        portInit
  X:0DEBH         PUBLIC        set_time
  C:42BBH         PUBLIC        login_disp_3_star
  C:29EBH         PUBLIC        login_disp_4_star
  C:3AC3H         PUBLIC        setClockOnScreen
  D:0099H         PUBLIC        SBUF0
  X:0DEDH         PUBLIC        c
  X:0DEFH         PUBLIC        SETTINGS_DATE_FG
  X:0DF6H         PUBLIC        rtcWriteDone
  B:0080H.7       PUBLIC        SCL
  X:0DF7H         PUBLIC        adjustedMonth
  D:0098H         PUBLIC        SCON0
  B:0021H.4       PUBLIC        hiLaserTemp
  C:2E14H         PUBLIC        moveDateTimeDown
  B:00C0H.5       PUBLIC        STA
  C:369FH         PUBLIC        displayClock
  X:0DF8H         PUBLIC        duration
  X:0DFAH         PUBLIC        tsRxIn
  X:0DFCH         PUBLIC        xyz
  B:0024H.0       PUBLIC        SMB_RW
  B:0024H.1       PUBLIC        dateUpdated
  D:0091H         PUBLIC        SSTA0
  X:0DFEH         PUBLIC        is_locked_out
  C:43C1H         PUBLIC        f_to_c
  C:43CAH         PUBLIC        c_to_f
  X:0E00H         PUBLIC        adjustedYear
  X:0E01H         PUBLIC        tsTxIn
  X:0E03H         PUBLIC        tsRxOut
  D:00C2H         PUBLIC        SMB0DAT
  X:0E05H         PUBLIC        dayweek
  X:0E09H         PUBLIC        adjustedHours
  C:42FAH         PUBLIC        timer3Init
  X:0E0AH         PUBLIC        tsTxOut
  C:425AH         PUBLIC        _readOneByteFromSlave
  C:4369H         PUBLIC        checkSlaveFlags
  C:3E5CH         PUBLIC        _sendCommand
  X:0E0CH         PUBLIC        _delay
  X:0E0EH         PUBLIC        eepromPageCounter
  B:00F8H.7       PUBLIC        RHW
  X:0E10H         PUBLIC        contrast
  X:0E12H         PUBLIC        numBytesRD
  X:0E14H         PUBLIC        SETTINGS_TIME_FG
  X:0E1BH         PUBLIC        adjustedTimeMode
  X:0E1CH         PUBLIC        monthOfYear
  X:0E36H         PUBLIC        seconds
  C:0039H         PUBLIC        login_attempts
  B:0024H.2       PUBLIC        monthUpdated
  B:0020H.0       PUBLIC        waterPumpErr
  B:00C0H.4       PUBLIC        STO
  X:0E37H         PUBLIC        attempts
BL51 BANKED LINKER/LOCATER V6.22                                                      12/04/2017  23:21:46  PAGE 11


  X:0E39H         PUBLIC        is_in_setting_page
  C:003AH         PUBLIC        locked_page_load
  X:0E3BH         PUBLIC        adjustedDay
  D:00C1H         PUBLIC        SMB0STA
  B:0024H.3       PUBLIC        timeUpdated
  -------         PROC          SYSTEMCLOCKINIT
  -------         DO            
  D:0007H         SYMBOL        SFRPAGE_SAVE
  X:0E87H         SYMBOL        i
  -------         ENDDO         
  C:4346H         LINE#         160
  C:4346H         LINE#         161
  C:4346H         LINE#         162
  C:4348H         LINE#         163
  C:434FH         LINE#         165
  C:4352H         LINE#         167
  C:4355H         LINE#         169
  C:4357H         LINE#         170
  -------         ENDPROC       SYSTEMCLOCKINIT
  -------         PROC          PORTINIT
  -------         DO            
  D:0007H         SYMBOL        SFRPAGE_SAVE
  -------         ENDDO         
  C:4109H         LINE#         172
  C:4109H         LINE#         173
  C:4109H         LINE#         174
  C:410BH         LINE#         176
  C:410EH         LINE#         178
  C:4111H         LINE#         179
  C:4114H         LINE#         180
  C:4117H         LINE#         182
  C:411AH         LINE#         184
  C:411DH         LINE#         186
  C:4120H         LINE#         188
  C:4123H         LINE#         190
  C:4126H         LINE#         192
  C:4129H         LINE#         194
  C:412CH         LINE#         196
  C:412FH         LINE#         197
  C:4132H         LINE#         198
  C:4135H         LINE#         199
  C:4138H         LINE#         200
  C:413BH         LINE#         201
  C:413EH         LINE#         202
  C:4141H         LINE#         203
  C:4144H         LINE#         205
  C:4146H         LINE#         207
  C:4148H         LINE#         208
  -------         ENDPROC       PORTINIT
  -------         PROC          ENABLEINTERRUPTS
  C:43B4H         LINE#         210
  C:43B4H         LINE#         211
  C:43B4H         LINE#         212
  C:43B7H         LINE#         213
  C:43BAH         LINE#         214
  C:43BDH         LINE#         215
  C:43C0H         LINE#         216
BL51 BANKED LINKER/LOCATER V6.22                                                      12/04/2017  23:21:46  PAGE 12


  -------         ENDPROC       ENABLEINTERRUPTS
  -------         PROC          UART0INIT
  -------         DO            
  D:0007H         SYMBOL        SFRPAGE_SAVE
  -------         ENDDO         
  C:41E6H         LINE#         218
  C:41E6H         LINE#         219
  C:41E6H         LINE#         222
  C:41E8H         LINE#         224
  C:41EBH         LINE#         225
  C:41EDH         LINE#         226
  C:41F0H         LINE#         227
  C:41F3H         LINE#         228
  C:41F6H         LINE#         229
  C:41FCH         LINE#         230
  C:41FFH         LINE#         232
  C:4201H         LINE#         233
  C:4204H         LINE#         234
  C:4207H         LINE#         236
  C:420AH         LINE#         238
  C:420CH         LINE#         239
  -------         ENDPROC       UART0INIT
  -------         PROC          DISABLEWATCHDOG
  C:43D2H         LINE#         241
  C:43D2H         LINE#         242
  C:43D2H         LINE#         243
  C:43D5H         LINE#         244
  C:43D8H         LINE#         245
  -------         ENDPROC       DISABLEWATCHDOG
  -------         PROC          UART0INTERRUPT
  -------         DO            
  X:0E3CH         SYMBOL        SFRPAGE_SAVE
  D:0012H         SYMBOL        i
  X:0E3DH         SYMBOL        txWaitCounter
  -------         ENDDO         
  C:17D8H         LINE#         247
  C:17E5H         LINE#         249
  C:17EBH         LINE#         250
  C:17EEH         LINE#         251
  C:17F6H         LINE#         253
  C:17F9H         LINE#         255
  C:17FFH         LINE#         256
  C:17FFH         LINE#         257
  C:1801H         LINE#         259
  C:1807H         LINE#         261
  C:1818H         LINE#         262
  C:1818H         LINE#         263
  C:1821H         LINE#         264
  C:1821H         LINE#         265
  C:182DH         LINE#         266
  C:183BH         LINE#         267
  C:183EH         LINE#         269
  C:183EH         LINE#         270
  C:1847H         LINE#         271
  C:1847H         LINE#         272
  C:1861H         LINE#         273
  C:1861H         LINE#         274
BL51 BANKED LINKER/LOCATER V6.22                                                      12/04/2017  23:21:46  PAGE 13


  C:1863H         LINE#         275
  C:1865H         LINE#         276
  C:1868H         LINE#         278
  C:1868H         LINE#         279
  C:186AH         LINE#         280
  C:186CH         LINE#         281
  C:186CH         LINE#         282
  C:186FH         LINE#         283
  C:1874H         LINE#         284
  C:1874H         LINE#         285
  C:1883H         LINE#         286
  C:1883H         LINE#         287
  C:189BH         LINE#         288
  C:18A2H         LINE#         293
  C:18B6H         LINE#         294
  C:18B6H         LINE#         295
  C:18C5H         LINE#         296
  C:18C5H         LINE#         297
  C:18DDH         LINE#         298
  C:18E4H         LINE#         299
  C:18F6H         LINE#         300
  C:18F6H         LINE#         301
  C:18F6H         LINE#         302
  C:18F9H         LINE#         303
  C:190EH         LINE#         304
  C:190EH         LINE#         305
  C:191DH         LINE#         306
  C:191DH         LINE#         307
  C:1935H         LINE#         308
  C:193CH         LINE#         309
  C:194EH         LINE#         310
  C:194EH         LINE#         311
  C:194EH         LINE#         312
  C:1951H         LINE#         313
  C:1964H         LINE#         314
  C:1964H         LINE#         315
  C:1973H         LINE#         316
  C:1973H         LINE#         317
  C:198BH         LINE#         318
  C:1992H         LINE#         319
  C:19A4H         LINE#         320
  C:19A4H         LINE#         321
  C:19A4H         LINE#         322
  C:19A7H         LINE#         323
  C:19BAH         LINE#         324
  C:19BAH         LINE#         325
  C:19C9H         LINE#         326
  C:19C9H         LINE#         327
  C:19E1H         LINE#         328
  C:19E8H         LINE#         329
  C:19FAH         LINE#         330
  C:19FAH         LINE#         331
  C:19FAH         LINE#         332
  C:19FDH         LINE#         333
  C:1A10H         LINE#         334
  C:1A10H         LINE#         335
  C:1A1FH         LINE#         336
BL51 BANKED LINKER/LOCATER V6.22                                                      12/04/2017  23:21:46  PAGE 14


  C:1A1FH         LINE#         337
  C:1A37H         LINE#         338
  C:1A3EH         LINE#         339
  C:1A50H         LINE#         340
  C:1A50H         LINE#         341
  C:1A50H         LINE#         342
  C:1A53H         LINE#         343
  C:1A66H         LINE#         344
  C:1A66H         LINE#         345
  C:1A75H         LINE#         346
  C:1A75H         LINE#         347
  C:1A8DH         LINE#         348
  C:1A94H         LINE#         349
  C:1AA6H         LINE#         350
  C:1AA6H         LINE#         351
  C:1AA6H         LINE#         352
  C:1AA9H         LINE#         353
  C:1ABCH         LINE#         354
  C:1ABCH         LINE#         355
  C:1ACBH         LINE#         356
  C:1ACBH         LINE#         357
  C:1AE3H         LINE#         358
  C:1AEAH         LINE#         359
  C:1AFCH         LINE#         360
  C:1AFCH         LINE#         361
  C:1AFCH         LINE#         362
  C:1AFFH         LINE#         363
  C:1B12H         LINE#         364
  C:1B12H         LINE#         365
  C:1B21H         LINE#         366
  C:1B21H         LINE#         367
  C:1B39H         LINE#         368
  C:1B40H         LINE#         369
  C:1B52H         LINE#         370
  C:1B52H         LINE#         371
  C:1B52H         LINE#         372
  C:1B54H         LINE#         373
  C:1B67H         LINE#         374
  C:1B67H         LINE#         375
  C:1B76H         LINE#         376
  C:1B76H         LINE#         377
  C:1B8EH         LINE#         378
  C:1B95H         LINE#         379
  C:1BA7H         LINE#         380
  C:1BA9H         LINE#         381
  C:1BABH         LINE#         382
  C:1BADH         LINE#         384
  C:1BADH         LINE#         385
  C:1BAFH         LINE#         386
  C:1BB1H         LINE#         387
  C:1BB1H         LINE#         389
  C:1BC2H         LINE#         390
  C:1BC2H         LINE#         391
  C:1BCEH         LINE#         392
  C:1BD5H         LINE#         394
  C:1BDCH         LINE#         395
  C:1BE2H         LINE#         396
BL51 BANKED LINKER/LOCATER V6.22                                                      12/04/2017  23:21:46  PAGE 15


  C:1BE2H         LINE#         397
  C:1BE4H         LINE#         399
  C:1BE4H         LINE#         400
  C:1BFAH         LINE#         401
  C:1BFAH         LINE#         402
  C:1C06H         LINE#         403
  C:1C14H         LINE#         404
  C:1C16H         LINE#         405
  C:1C1DH         LINE#         406
  C:1C23H         LINE#         407
  C:1C25H         LINE#         408
  C:1C25H         LINE#         409
  C:1C25H         LINE#         411
  C:1C2BH         LINE#         412
  C:1C2BH         LINE#         413
  C:1C2DH         LINE#         415
  C:1C33H         LINE#         416
  C:1C33H         LINE#         417
  C:1C46H         LINE#         418
  C:1C54H         LINE#         420
  C:1C6AH         LINE#         421
  C:1C85H         LINE#         422
  C:1C85H         LINE#         423
  C:1C87H         LINE#         424
  C:1C87H         LINE#         426
  C:1C91H         LINE#         428
  C:1C9AH         LINE#         429
  C:1C9AH         LINE#         430
  C:1C9EH         LINE#         431
  C:1C9EH         LINE#         433
  C:1CB2H         LINE#         434
  C:1CB2H         LINE#         435
  C:1CB4H         LINE#         436
  C:1CB4H         LINE#         437
  C:1CB6H         LINE#         439
  C:1CB6H         LINE#         440
  C:1CB8H         LINE#         441
  C:1CB8H         LINE#         442
  C:1CB8H         LINE#         444
  C:1CBEH         LINE#         445
  -------         ENDPROC       UART0INTERRUPT
  -------         PROC          CHECKSLAVEFLAGS
  C:4369H         LINE#         468
  C:4369H         LINE#         469
  C:4369H         LINE#         470
  C:4370H         LINE#         471
  C:4377H         LINE#         472
  -------         ENDPROC       CHECKSLAVEFLAGS
  C:3E56H         SYMBOL        L?0795
  -------         PROC          L?0794
  -------         ENDPROC       L?0794
  C:3E56H         SYMBOL        L?0795
  -------         PROC          _SENDCOMMAND
  D:0001H         SYMBOL        s
  -------         DO            
  X:0F55H         SYMBOL        SFRPAGE_SAVE
  -------         ENDDO         
BL51 BANKED LINKER/LOCATER V6.22                                                      12/04/2017  23:21:46  PAGE 16


  C:3E5CH         LINE#         481
  C:3E5CH         LINE#         482
  C:3E5CH         LINE#         483
  C:3E62H         LINE#         485
  C:3E67H         LINE#         486
  C:3E67H         LINE#         487
  C:3E7EH         LINE#         488
  C:3E7EH         LINE#         489
  C:3E9AH         LINE#         490
  C:3EA3H         LINE#         491
  C:3EA3H         LINE#         492
  C:3EA7H         LINE#         493
  C:3EA7H         LINE#         495
  C:3EAAH         LINE#         496
  C:3EAAH         LINE#         497
  C:3EACH         LINE#         498
  C:3EACH         LINE#         499
  C:3EACH         LINE#         501
  C:3EB3H         LINE#         502
  C:3EB5H         LINE#         504
  C:3EB8H         LINE#         505
  C:3EB8H         LINE#         506
  C:3EBAH         LINE#         507
  C:3EBDH         LINE#         508
  C:3EBFH         LINE#         509
  C:3EBFH         LINE#         511
  C:3EC5H         LINE#         512
  -------         ENDPROC       _SENDCOMMAND
  C:38F5H         SYMBOL        L?0790
  C:3918H         SYMBOL        L?0791
  C:391FH         SYMBOL        L?0792
  C:3920H         SYMBOL        L?0793
  -------         PROC          L?0789
  -------         ENDPROC       L?0789
  C:38F5H         SYMBOL        L?0790
  C:3918H         SYMBOL        L?0791
  C:391FH         SYMBOL        L?0792
  C:3920H         SYMBOL        L?0793
  -------         PROC          _DISPLAYTEXT
  X:0EC7H         SYMBOL        fg
  X:0ECAH         SYMBOL        bg
  X:0ECDH         SYMBOL        size
  X:0ECEH         SYMBOL        message
  X:0ED1H         SYMBOL        x
  X:0ED3H         SYMBOL        y
  -------         DO            
  X:0ED5H         SYMBOL        str
  -------         ENDDO         
  C:3927H         LINE#         520
  C:3932H         LINE#         521
  C:3932H         LINE#         524
  C:3973H         LINE#         525
  C:397CH         LINE#         526
  C:39B3H         LINE#         527
  C:39BCH         LINE#         528
  C:3A04H         LINE#         529
  -------         ENDPROC       _DISPLAYTEXT
BL51 BANKED LINKER/LOCATER V6.22                                                      12/04/2017  23:21:46  PAGE 17


  -------         PROC          _SHOWBITMAP
  D:0006H         SYMBOL        index
  X:0F7DH         SYMBOL        x
  D:0004H         SYMBOL        y
  -------         DO            
  X:0F7FH         SYMBOL        str
  -------         ENDDO         
  C:407CH         LINE#         538
  C:4088H         LINE#         539
  C:4088H         LINE#         542
  C:40BCH         LINE#         543
  -------         ENDPROC       _SHOWBITMAP
  -------         PROC          _CHANGESCREEN
  D:0007H         SYMBOL        screenIndex
  C:43D9H         LINE#         552
  C:43D9H         LINE#         553
  C:43D9H         LINE#         554
  -------         ENDPROC       _CHANGESCREEN
  -------         PROC          _CALLMACRO
  D:0006H         SYMBOL        macroNumber
  -------         DO            
  X:0FFFH         SYMBOL        str
  -------         ENDDO         
  C:4234H         LINE#         563
  C:4234H         LINE#         564
  C:4234H         LINE#         567
  C:4251H         LINE#         568
  -------         ENDPROC       _CALLMACRO
  -------         PROC          SCANUSERINPUT
  -------         DO            
  X:1143H         SYMBOL        i
  -------         ENDDO         
  C:328FH         LINE#         577
  C:328FH         LINE#         578
  C:328FH         LINE#         579
  C:3296H         LINE#         581
  C:329EH         LINE#         582
  C:329EH         LINE#         583
  C:32A6H         LINE#         584
  C:32A6H         LINE#         585
  C:32B6H         LINE#         586
  C:32B6H         LINE#         587
  C:32B6H         LINE#         588
  C:32B6H         LINE#         589
  C:32B9H         LINE#         590
  C:32B9H         LINE#         591
  C:32B9H         LINE#         592
  C:32BCH         LINE#         593
  C:32BCH         LINE#         594
  C:32BCH         LINE#         595
  C:32BFH         LINE#         596
  C:32BFH         LINE#         598
  C:32BFH         LINE#         599
  C:32BFH         LINE#         601
  C:32BFH         LINE#         602
  C:32BFH         LINE#         604
  C:32BFH         LINE#         605
BL51 BANKED LINKER/LOCATER V6.22                                                      12/04/2017  23:21:46  PAGE 18


  C:32BFH         LINE#         606
  C:32BFH         LINE#         607
  C:32BFH         LINE#         608
  C:32BFH         LINE#         610
  C:32BFH         LINE#         611
  C:32C6H         LINE#         612
  C:32DDH         LINE#         613
  C:32DDH         LINE#         614
  C:32E9H         LINE#         615
  C:32F7H         LINE#         616
  C:32F9H         LINE#         617
  C:32F9H         LINE#         618
  C:32F9H         LINE#         619
  C:3301H         LINE#         620
  C:3301H         LINE#         621
  C:3309H         LINE#         622
  C:3309H         LINE#         623
  C:3319H         LINE#         624
  C:3319H         LINE#         625
  C:3319H         LINE#         626
  C:3319H         LINE#         627
  C:331BH         LINE#         628
  C:331BH         LINE#         629
  C:331BH         LINE#         630
  C:331DH         LINE#         631
  C:331DH         LINE#         632
  C:331DH         LINE#         633
  C:331FH         LINE#         634
  C:331FH         LINE#         636
  C:331FH         LINE#         637
  C:331FH         LINE#         639
  C:331FH         LINE#         640
  C:331FH         LINE#         642
  C:331FH         LINE#         643
  C:331FH         LINE#         644
  C:331FH         LINE#         645
  C:331FH         LINE#         646
  C:331FH         LINE#         648
  C:331FH         LINE#         649
  C:3326H         LINE#         650
  C:333DH         LINE#         651
  C:333DH         LINE#         652
  C:3349H         LINE#         653
  C:3357H         LINE#         654
  C:3359H         LINE#         655
  C:3359H         LINE#         656
  C:3359H         LINE#         657
  C:3361H         LINE#         658
  C:3361H         LINE#         659
  C:3368H         LINE#         660
  C:3368H         LINE#         661
  C:3375H         LINE#         662
  C:3375H         LINE#         663
  C:3375H         LINE#         664
  C:3377H         LINE#         665
  C:3379H         LINE#         666
  C:3379H         LINE#         667
BL51 BANKED LINKER/LOCATER V6.22                                                      12/04/2017  23:21:46  PAGE 19


  C:337BH         LINE#         668
  C:337DH         LINE#         669
  C:337DH         LINE#         670
  C:3382H         LINE#         671
  C:3384H         LINE#         672
  C:3384H         LINE#         674
  C:3384H         LINE#         676
  C:3384H         LINE#         678
  C:3384H         LINE#         679
  C:3384H         LINE#         680
  C:3384H         LINE#         681
  C:3384H         LINE#         683
  C:3384H         LINE#         684
  C:338BH         LINE#         685
  C:339FH         LINE#         686
  C:339FH         LINE#         687
  C:33ABH         LINE#         688
  C:33B9H         LINE#         689
  C:33BBH         LINE#         690
  C:33BBH         LINE#         691
  C:33BBH         LINE#         693
  C:33BBH         LINE#         695
  C:33BBH         LINE#         697
  C:33C2H         LINE#         698
  C:33D6H         LINE#         699
  C:33D6H         LINE#         700
  C:33E2H         LINE#         701
  C:33F0H         LINE#         702
  C:33F2H         LINE#         703
  -------         ENDPROC       SCANUSERINPUT
  -------         PROC          SMBINIT
  -------         DO            
  X:0E87H         SYMBOL        i
  X:0E89H         SYMBOL        pollingCounter
  X:0E8DH         SYMBOL        SFRPAGE_SAVE
  -------         ENDDO         
  C:3A0DH         LINE#         711
  C:3A0DH         LINE#         712
  C:3A0DH         LINE#         714
  C:3A17H         LINE#         715
  C:3A1DH         LINE#         717
  C:3A20H         LINE#         718
  C:3A37H         LINE#         719
  C:3A37H         LINE#         720
  C:3A39H         LINE#         721
  C:3A59H         LINE#         722
  C:3A5BH         LINE#         723
  C:3A72H         LINE#         724
  C:3A98H         LINE#         725
  C:3A98H         LINE#         727
  C:3A9BH         LINE#         729
  C:3A9EH         LINE#         731
  C:3AA1H         LINE#         733
  C:3AA7H         LINE#         735
  C:3AA9H         LINE#         737
  C:3AAEH         LINE#         738
  C:3AB2H         LINE#         739
BL51 BANKED LINKER/LOCATER V6.22                                                      12/04/2017  23:21:46  PAGE 20


  C:3AB6H         LINE#         740
  C:3ABAH         LINE#         741
  C:3ABEH         LINE#         742
  C:3AC2H         LINE#         743
  -------         ENDPROC       SMBINIT
  -------         PROC          TIMER3INIT
  -------         DO            
  D:0007H         SYMBOL        SFRPAGE_SAVE
  -------         ENDDO         
  C:42FAH         LINE#         751
  C:42FAH         LINE#         752
  C:42FAH         LINE#         753
  C:42FCH         LINE#         755
  C:42FFH         LINE#         757
  C:4302H         LINE#         759
  C:4304H         LINE#         761
  C:430AH         LINE#         762
  C:4310H         LINE#         764
  C:4312H         LINE#         766
  C:4314H         LINE#         767
  -------         ENDPROC       TIMER3INIT
  -------         PROC          TIMER3ISR
  -------         DO            
  D:0007H         SYMBOL        SFRPAGE_SAVE
  -------         ENDDO         
  C:42DBH         LINE#         775
  C:42E2H         LINE#         777
  C:42E4H         LINE#         779
  C:42E7H         LINE#         780
  C:42EAH         LINE#         781
  C:42EDH         LINE#         783
  C:42EFH         LINE#         784
  C:42F1H         LINE#         785
  C:42F3H         LINE#         787
  C:42F5H         LINE#         788
  -------         ENDPROC       TIMER3ISR
  -------         PROC          _WRITEONEBYTETOSLAVE
  D:0007H         SYMBOL        startAddr
  D:0005H         SYMBOL        content
  C:4315H         LINE#         796
  C:4315H         LINE#         797
  C:4315H         LINE#         798
  C:4321H         LINE#         799
  -------         ENDPROC       _WRITEONEBYTETOSLAVE
  -------         PROC          _READONEBYTEFROMSLAVE
  X:0E87H         SYMBOL        startAddr
  C:425AH         LINE#         808
  C:425FH         LINE#         809
  C:425FH         LINE#         810
  C:426BH         LINE#         811
  C:427AH         LINE#         812
  -------         ENDPROC       _READONEBYTEFROMSLAVE
  -------         PROC          _WRITEBYTESTOREALTIMECLOCK
  D:0007H         SYMBOL        startAddr
  D:0006H         SYMBOL        numBytes
  C:4378H         LINE#         820
  C:437AH         LINE#         821
BL51 BANKED LINKER/LOCATER V6.22                                                      12/04/2017  23:21:46  PAGE 21


  C:437AH         LINE#         822
  -------         ENDPROC       _WRITEBYTESTOREALTIMECLOCK
  -------         PROC          _READBYTESFROMREALTIMECLOCK
  D:0007H         SYMBOL        startAddr
  D:0006H         SYMBOL        numBytes
  C:4387H         LINE#         831
  C:4389H         LINE#         832
  C:4389H         LINE#         833
  -------         ENDPROC       _READBYTESFROMREALTIMECLOCK
  -------         PROC          _SMBREAD
  X:0EC9H         SYMBOL        deviceId
  X:0ECAH         SYMBOL        location
  X:0ECCH         SYMBOL        bytes
  -------         DO            
  X:0ECEH         SYMBOL        SFRPAGE_SAVE
  -------         ENDDO         
  C:3B72H         LINE#         842
  C:3B83H         LINE#         843
  C:3B83H         LINE#         844
  C:3B87H         LINE#         846
  C:3B8AH         LINE#         848
  C:3B90H         LINE#         850
  C:3B96H         LINE#         852
  C:3BA7H         LINE#         853
  C:3BA7H         LINE#         854
  C:3BA7H         LINE#         855
  C:3BA7H         LINE#         856
  C:3BA7H         LINE#         857
  C:3BB5H         LINE#         858
  C:3BB5H         LINE#         859
  C:3BB5H         LINE#         860
  C:3BB5H         LINE#         861
  C:3BB5H         LINE#         863
  C:3BB8H         LINE#         865
  C:3BBEH         LINE#         866
  C:3BC6H         LINE#         867
  C:3BD5H         LINE#         868
  C:3BE4H         LINE#         870
  C:3BE6H         LINE#         871
  C:3BE8H         LINE#         872
  C:3BEAH         LINE#         874
  C:3BF0H         LINE#         876
  C:3BF6H         LINE#         878
  C:3C06H         LINE#         879
  C:3C06H         LINE#         880
  C:3C06H         LINE#         881
  C:3C0EH         LINE#         883
  C:3C0EH         LINE#         884
  C:3C16H         LINE#         886
  C:3C16H         LINE#         887
  C:3C1CH         LINE#         888
  C:3C1CH         LINE#         889
  C:3C1CH         LINE#         890
  C:3C1CH         LINE#         891
  C:3C1CH         LINE#         892
  -------         ENDPROC       _SMBREAD
  -------         PROC          _SMBWRITE
BL51 BANKED LINKER/LOCATER V6.22                                                      12/04/2017  23:21:46  PAGE 22


  D:0001H         SYMBOL        deviceId
  D:0004H         SYMBOL        location
  D:0002H         SYMBOL        bytes
  -------         DO            
  X:0ECFH         SYMBOL        i
  X:0ED0H         SYMBOL        pageWrittenDelay
  X:0ED2H         SYMBOL        SFRPAGE_SAVE
  -------         ENDDO         
  C:3EC6H         LINE#         900
  C:3EC8H         LINE#         901
  C:3EC8H         LINE#         902
  C:3ECDH         LINE#         903
  C:3ED1H         LINE#         904
  C:3ED5H         LINE#         906
  C:3ED8H         LINE#         908
  C:3EDEH         LINE#         909
  C:3EE3H         LINE#         910
  C:3EEDH         LINE#         912
  C:3EFAH         LINE#         913
  C:3EFAH         LINE#         914
  C:3EFAH         LINE#         915
  C:3EFAH         LINE#         916
  C:3F02H         LINE#         917
  C:3F04H         LINE#         918
  C:3F06H         LINE#         919
  C:3F08H         LINE#         920
  C:3F10H         LINE#         922
  C:3F10H         LINE#         923
  C:3F1AH         LINE#         924
  C:3F1CH         LINE#         925
  C:3F1EH         LINE#         926
  C:3F20H         LINE#         927
  C:3F26H         LINE#         928
  C:3F26H         LINE#         929
  C:3F26H         LINE#         930
  C:3F26H         LINE#         931
  C:3F26H         LINE#         933
  C:3F2CH         LINE#         934
  -------         ENDPROC       _SMBWRITE
  -------         PROC          SMBISR
  -------         DO            
  B:0024H.4       SYMBOL        FAIL
  X:0000H         SYMBOL        TxCounter
  X:0002H         SYMBOL        RxCounter
  X:0004H         SYMBOL        slaveCount
  X:0006H         SYMBOL        realTimeClockCount
  X:0008H         SYMBOL        eepromCount
  X:000AH         SYMBOL        eepromAddrDone
  -------         ENDDO         
  C:12D9H         LINE#         945
  C:12E6H         LINE#         947
  C:12E8H         LINE#         955
  C:1327H         LINE#         956
  C:1327H         LINE#         960
  C:1327H         LINE#         965
  C:1327H         LINE#         966
  C:132DH         LINE#         967
BL51 BANKED LINKER/LOCATER V6.22                                                      12/04/2017  23:21:46  PAGE 23


  C:1330H         LINE#         968
  C:1336H         LINE#         969
  C:1338H         LINE#         971
  C:133FH         LINE#         972
  C:1345H         LINE#         973
  C:1349H         LINE#         975
  C:134CH         LINE#         981
  C:134CH         LINE#         982
  C:1354H         LINE#         983
  C:1354H         LINE#         984
  C:1361H         LINE#         985
  C:1361H         LINE#         986
  C:1363H         LINE#         987
  C:1365H         LINE#         988
  C:1368H         LINE#         990
  C:1368H         LINE#         991
  C:136AH         LINE#         992
  C:136FH         LINE#         993
  C:136FH         LINE#         994
  C:1372H         LINE#         995
  C:137AH         LINE#         996
  C:137AH         LINE#         997
  C:1381H         LINE#         998
  C:1386H         LINE#         999
  C:1389H         LINE#         1000
  C:1389H         LINE#         1001
  C:1389H         LINE#         1006
  C:1389H         LINE#         1007
  C:1391H         LINE#         1008
  C:1391H         LINE#         1009
  C:13A0H         LINE#         1010
  C:13A0H         LINE#         1011
  C:13ACH         LINE#         1012
  C:13AEH         LINE#         1013
  C:13B1H         LINE#         1015
  C:13B1H         LINE#         1016
  C:13B8H         LINE#         1017
  C:13BBH         LINE#         1018
  C:13BBH         LINE#         1019
  C:13BBH         LINE#         1020
  C:13BBH         LINE#         1021
  C:13BBH         LINE#         1022
  C:13BDH         LINE#         1023
  C:13C1H         LINE#         1024
  C:13C1H         LINE#         1025
  C:13D0H         LINE#         1026
  C:13D0H         LINE#         1027
  C:13DCH         LINE#         1028
  C:13DEH         LINE#         1029
  C:13E1H         LINE#         1031
  C:13E1H         LINE#         1032
  C:13E8H         LINE#         1033
  C:13EBH         LINE#         1034
  C:13EBH         LINE#         1035
  C:13EBH         LINE#         1036
  C:13EBH         LINE#         1037
  C:13EBH         LINE#         1038
BL51 BANKED LINKER/LOCATER V6.22                                                      12/04/2017  23:21:46  PAGE 24


  C:13EDH         LINE#         1039
  C:13F8H         LINE#         1040
  C:13F8H         LINE#         1041
  C:1407H         LINE#         1042
  C:1407H         LINE#         1043
  C:1413H         LINE#         1044
  C:1415H         LINE#         1045
  C:1418H         LINE#         1047
  C:1418H         LINE#         1048
  C:141FH         LINE#         1049
  C:1423H         LINE#         1050
  C:1423H         LINE#         1051
  C:1423H         LINE#         1052
  C:1423H         LINE#         1053
  C:1423H         LINE#         1054
  C:1426H         LINE#         1056
  C:1426H         LINE#         1058
  C:1426H         LINE#         1064
  C:1426H         LINE#         1065
  C:142FH         LINE#         1066
  C:142FH         LINE#         1067
  C:1445H         LINE#         1068
  C:1445H         LINE#         1069
  C:145EH         LINE#         1070
  C:146CH         LINE#         1071
  C:146FH         LINE#         1073
  C:146FH         LINE#         1074
  C:1471H         LINE#         1075
  C:1473H         LINE#         1076
  C:1476H         LINE#         1077
  C:1476H         LINE#         1078
  C:1479H         LINE#         1079
  C:1481H         LINE#         1080
  C:1481H         LINE#         1081
  C:1497H         LINE#         1082
  C:1497H         LINE#         1083
  C:14B0H         LINE#         1084
  C:14BEH         LINE#         1085
  C:14C1H         LINE#         1087
  C:14C1H         LINE#         1088
  C:14C3H         LINE#         1089
  C:14C5H         LINE#         1090
  C:14C8H         LINE#         1091
  C:14C8H         LINE#         1092
  C:14C8H         LINE#         1093
  C:14CBH         LINE#         1098
  C:14CBH         LINE#         1099
  C:14D3H         LINE#         1100
  C:14D3H         LINE#         1101
  C:14E2H         LINE#         1102
  C:14E2H         LINE#         1103
  C:14EEH         LINE#         1104
  C:14F0H         LINE#         1105
  C:14F3H         LINE#         1107
  C:14F3H         LINE#         1108
  C:14F9H         LINE#         1109
  C:14F9H         LINE#         1110
BL51 BANKED LINKER/LOCATER V6.22                                                      12/04/2017  23:21:46  PAGE 25


  C:14F9H         LINE#         1111
  C:14F9H         LINE#         1112
  C:14F9H         LINE#         1113
  C:14FCH         LINE#         1114
  C:1500H         LINE#         1115
  C:1500H         LINE#         1116
  C:150FH         LINE#         1117
  C:150FH         LINE#         1118
  C:151BH         LINE#         1119
  C:151DH         LINE#         1120
  C:1520H         LINE#         1122
  C:1520H         LINE#         1123
  C:1526H         LINE#         1124
  C:1526H         LINE#         1125
  C:1526H         LINE#         1126
  C:1526H         LINE#         1127
  C:1526H         LINE#         1128
  C:1529H         LINE#         1129
  C:1534H         LINE#         1130
  C:1534H         LINE#         1131
  C:1543H         LINE#         1132
  C:1543H         LINE#         1133
  C:154FH         LINE#         1134
  C:1551H         LINE#         1135
  C:1554H         LINE#         1137
  C:1554H         LINE#         1138
  C:155AH         LINE#         1139
  C:155AH         LINE#         1140
  C:155AH         LINE#         1141
  C:155AH         LINE#         1142
  C:155AH         LINE#         1143
  C:155DH         LINE#         1145
  C:155DH         LINE#         1146
  C:155DH         LINE#         1153
  C:155DH         LINE#         1154
  C:1569H         LINE#         1155
  C:1569H         LINE#         1156
  C:156BH         LINE#         1158
  C:156EH         LINE#         1160
  C:156EH         LINE#         1161
  C:1570H         LINE#         1163
  C:1570H         LINE#         1164
  C:1573H         LINE#         1169
  C:1573H         LINE#         1170
  C:157BH         LINE#         1171
  C:157BH         LINE#         1172
  C:158AH         LINE#         1173
  C:158AH         LINE#         1174
  C:1596H         LINE#         1175
  C:1598H         LINE#         1176
  C:159BH         LINE#         1178
  C:159BH         LINE#         1179
  C:15A1H         LINE#         1180
  C:15A1H         LINE#         1181
  C:15A1H         LINE#         1182
  C:15A1H         LINE#         1183
  C:15A1H         LINE#         1184
BL51 BANKED LINKER/LOCATER V6.22                                                      12/04/2017  23:21:46  PAGE 26


  C:15A3H         LINE#         1185
  C:15A7H         LINE#         1186
  C:15A7H         LINE#         1187
  C:15B6H         LINE#         1188
  C:15B6H         LINE#         1189
  C:15C2H         LINE#         1190
  C:15C4H         LINE#         1191
  C:15C7H         LINE#         1193
  C:15C7H         LINE#         1194
  C:15CDH         LINE#         1195
  C:15CDH         LINE#         1196
  C:15CDH         LINE#         1197
  C:15CDH         LINE#         1198
  C:15CDH         LINE#         1199
  C:15CFH         LINE#         1200
  C:15DAH         LINE#         1201
  C:15DAH         LINE#         1202
  C:15E9H         LINE#         1203
  C:15E9H         LINE#         1204
  C:15F5H         LINE#         1205
  C:15F7H         LINE#         1206
  C:15FAH         LINE#         1208
  C:15FAH         LINE#         1209
  C:1601H         LINE#         1210
  C:1603H         LINE#         1211
  C:1605H         LINE#         1212
  C:1607H         LINE#         1213
  C:1607H         LINE#         1214
  C:160AH         LINE#         1216
  C:160AH         LINE#         1217
  C:160AH         LINE#         1223
  C:160AH         LINE#         1225
  C:1613H         LINE#         1226
  C:1613H         LINE#         1227
  C:1629H         LINE#         1228
  C:1629H         LINE#         1229
  C:1642H         LINE#         1230
  C:1644H         LINE#         1231
  C:1652H         LINE#         1232
  C:1657H         LINE#         1233
  C:165AH         LINE#         1235
  C:165AH         LINE#         1236
  C:165CH         LINE#         1237
  C:165FH         LINE#         1238
  C:165FH         LINE#         1239
  C:1662H         LINE#         1240
  C:1667H         LINE#         1241
  C:1667H         LINE#         1242
  C:167DH         LINE#         1243
  C:167DH         LINE#         1244
  C:1696H         LINE#         1245
  C:169BH         LINE#         1247
  C:169DH         LINE#         1248
  C:16ABH         LINE#         1249
  C:16AEH         LINE#         1251
  C:16AEH         LINE#         1252
  C:16B4H         LINE#         1253
BL51 BANKED LINKER/LOCATER V6.22                                                      12/04/2017  23:21:46  PAGE 27


  C:16B6H         LINE#         1254
  C:16B6H         LINE#         1255
  C:16B9H         LINE#         1256
  C:16C1H         LINE#         1257
  C:16C1H         LINE#         1258
  C:16D7H         LINE#         1259
  C:16D7H         LINE#         1260
  C:16E9H         LINE#         1261
  C:16EBH         LINE#         1262
  C:16F9H         LINE#         1263
  C:16FEH         LINE#         1264
  C:1701H         LINE#         1266
  C:1701H         LINE#         1267
  C:1703H         LINE#         1268
  C:1706H         LINE#         1269
  C:1706H         LINE#         1270
  C:1706H         LINE#         1271
  C:1709H         LINE#         1277
  C:1709H         LINE#         1278
  C:1711H         LINE#         1279
  C:1711H         LINE#         1280
  C:1732H         LINE#         1281
  C:1734H         LINE#         1282
  C:1736H         LINE#         1283
  C:1738H         LINE#         1284
  C:173BH         LINE#         1285
  C:173DH         LINE#         1286
  C:1741H         LINE#         1287
  C:1741H         LINE#         1288
  C:1762H         LINE#         1289
  C:1768H         LINE#         1291
  C:176AH         LINE#         1292
  C:176CH         LINE#         1293
  C:176EH         LINE#         1294
  C:1770H         LINE#         1295
  C:1777H         LINE#         1296
  C:1777H         LINE#         1297
  C:178AH         LINE#         1298
  C:178CH         LINE#         1299
  C:178EH         LINE#         1300
  C:1790H         LINE#         1301
  C:1796H         LINE#         1302
  C:1796H         LINE#         1303
  C:1798H         LINE#         1308
  C:1798H         LINE#         1309
  C:179AH         LINE#         1311
  C:179CH         LINE#         1316
  C:179CH         LINE#         1317
  C:179EH         LINE#         1318
  C:179EH         LINE#         1319
  C:179EH         LINE#         1323
  C:17A1H         LINE#         1324
  C:17A1H         LINE#         1325
  C:17A4H         LINE#         1326
  C:17A7H         LINE#         1327
  C:17A9H         LINE#         1328
  C:17ABH         LINE#         1329
BL51 BANKED LINKER/LOCATER V6.22                                                      12/04/2017  23:21:46  PAGE 28


  C:17ADH         LINE#         1331
  C:17AFH         LINE#         1333
  C:17B1H         LINE#         1335
  C:17B7H         LINE#         1336
  C:17BBH         LINE#         1337
  C:17BFH         LINE#         1338
  C:17C3H         LINE#         1339
  C:17C7H         LINE#         1340
  C:17CBH         LINE#         1341
  C:17CBH         LINE#         1343
  C:17CDH         LINE#         1344
  -------         ENDPROC       SMBISR
  -------         PROC          SETCLOCKCONTROL
  C:4358H         LINE#         1353
  C:4358H         LINE#         1354
  C:4358H         LINE#         1355
  C:435EH         LINE#         1356
  C:4362H         LINE#         1357
  -------         ENDPROC       SETCLOCKCONTROL
  -------         PROC          SETCLOCK
  -------         DO            
  D:0007H         SYMBOL        hoursAux
  -------         ENDDO         
  C:3DDAH         LINE#         1366
  C:3DDAH         LINE#         1367
  C:3DDAH         LINE#         1370
  C:3DE7H         LINE#         1371
  C:3DF4H         LINE#         1372
  C:3E01H         LINE#         1373
  C:3E0EH         LINE#         1374
  C:3E1BH         LINE#         1375
  C:3E28H         LINE#         1377
  C:3E30H         LINE#         1379
  C:3E34H         LINE#         1381
  C:3E3CH         LINE#         1382
  C:3E3CH         LINE#         1383
  C:3E40H         LINE#         1384
  C:3E42H         LINE#         1385
  C:3E46H         LINE#         1386
  C:3E46H         LINE#         1387
  C:3E4AH         LINE#         1388
  C:3E4AH         LINE#         1390
  C:3E4FH         LINE#         1392
  -------         ENDPROC       SETCLOCK
  -------         PROC          GETCLOCKDATA
  -------         DO            
  X:000BH         SYMBOL        previousMonth
  X:000CH         SYMBOL        previousDate
  X:000DH         SYMBOL        previousYear
  X:000EH         SYMBOL        previousHours
  X:000FH         SYMBOL        previousMinutes
  X:0010H         SYMBOL        previousSeconds
  X:0EC7H         SYMBOL        currentIndex
  D:0007H         SYMBOL        tempHours
  -------         ENDDO         
  C:2C6EH         LINE#         1403
  C:2C6EH         LINE#         1404
BL51 BANKED LINKER/LOCATER V6.22                                                      12/04/2017  23:21:46  PAGE 29


  C:2C6EH         LINE#         1412
  C:2C75H         LINE#         1415
  C:2C7BH         LINE#         1417
  C:2C88H         LINE#         1418
  C:2C95H         LINE#         1420
  C:2C9AH         LINE#         1422
  C:2C9DH         LINE#         1423
  C:2C9DH         LINE#         1424
  C:2CA3H         LINE#         1426
  C:2CAAH         LINE#         1427
  C:2CAAH         LINE#         1428
  C:2CADH         LINE#         1429
  C:2CAFH         LINE#         1431
  C:2CAFH         LINE#         1432
  C:2CB2H         LINE#         1433
  C:2CB2H         LINE#         1434
  C:2CB4H         LINE#         1436
  C:2CB4H         LINE#         1437
  C:2CB9H         LINE#         1438
  C:2CB9H         LINE#         1440
  C:2CC5H         LINE#         1442
  C:2CC8H         LINE#         1443
  C:2CC8H         LINE#         1444
  C:2CCFH         LINE#         1445
  C:2CCFH         LINE#         1446
  C:2CD0H         LINE#         1447
  C:2CD2H         LINE#         1449
  C:2CD2H         LINE#         1450
  C:2CD6H         LINE#         1451
  C:2CD6H         LINE#         1452
  C:2CD8H         LINE#         1454
  C:2CD8H         LINE#         1455
  C:2CE2H         LINE#         1456
  C:2CE2H         LINE#         1457
  C:2CE5H         LINE#         1458
  C:2CE7H         LINE#         1460
  C:2CE7H         LINE#         1461
  C:2CECH         LINE#         1462
  C:2CECH         LINE#         1463
  C:2CECH         LINE#         1465
  C:2CF9H         LINE#         1466
  C:2D06H         LINE#         1467
  C:2D13H         LINE#         1468
  C:2D20H         LINE#         1470
  C:2D44H         LINE#         1471
  C:2D44H         LINE#         1472
  C:2D46H         LINE#         1473
  C:2D46H         LINE#         1474
  C:2D6BH         LINE#         1475
  C:2D6BH         LINE#         1476
  C:2D6DH         LINE#         1477
  C:2D6DH         LINE#         1479
  C:2D75H         LINE#         1480
  C:2D75H         LINE#         1481
  C:2D92H         LINE#         1482
  C:2D94H         LINE#         1483
  C:2D98H         LINE#         1484
BL51 BANKED LINKER/LOCATER V6.22                                                      12/04/2017  23:21:46  PAGE 30


  C:2D98H         LINE#         1485
  C:2D9FH         LINE#         1486
  C:2D9FH         LINE#         1487
  C:2DA1H         LINE#         1488
  C:2DA1H         LINE#         1490
  C:2DBCH         LINE#         1491
  C:2DBCH         LINE#         1493
  C:2DBCH         LINE#         1495
  C:2DD3H         LINE#         1496
  C:2DE3H         LINE#         1498
  C:2DEBH         LINE#         1499
  C:2DF3H         LINE#         1500
  C:2DFBH         LINE#         1501
  C:2E03H         LINE#         1502
  C:2E0BH         LINE#         1503
  C:2E13H         LINE#         1504
  -------         ENDPROC       GETCLOCKDATA
  -------         PROC          MOVEDATETIMEUP
  -------         DO            
  X:107FH         SYMBOL        str
  -------         ENDDO         
  C:2FA2H         LINE#         1512
  C:2FA2H         LINE#         1513
  C:2FA2H         LINE#         1516
  C:2FA8H         LINE#         1517
  C:2FA8H         LINE#         1518
  C:2FAEH         LINE#         1519
  C:2FB0H         LINE#         1521
  C:2FB6H         LINE#         1522
  C:2FB6H         LINE#         1523
  C:2FB9H         LINE#         1524
  C:2FB9H         LINE#         1526
  C:2FE8H         LINE#         1527
  C:2FE8H         LINE#         1528
  C:2FEBH         LINE#         1529
  C:2FF3H         LINE#         1530
  C:2FF3H         LINE#         1531
  C:2FF9H         LINE#         1532
  C:2FFBH         LINE#         1534
  C:3001H         LINE#         1535
  C:3001H         LINE#         1536
  C:3004H         LINE#         1537
  C:3004H         LINE#         1539
  C:3019H         LINE#         1540
  C:3019H         LINE#         1541
  C:301CH         LINE#         1542
  C:3024H         LINE#         1543
  C:3024H         LINE#         1544
  C:302AH         LINE#         1545
  C:302CH         LINE#         1547
  C:3032H         LINE#         1548
  C:3032H         LINE#         1549
  C:3035H         LINE#         1550
  C:3035H         LINE#         1552
  C:304AH         LINE#         1553
  C:304AH         LINE#         1554
  C:304DH         LINE#         1555
BL51 BANKED LINKER/LOCATER V6.22                                                      12/04/2017  23:21:46  PAGE 31


  C:3055H         LINE#         1556
  C:3055H         LINE#         1557
  C:305BH         LINE#         1558
  C:305DH         LINE#         1560
  C:3063H         LINE#         1561
  C:3063H         LINE#         1562
  C:3066H         LINE#         1563
  C:3066H         LINE#         1565
  C:307BH         LINE#         1566
  C:307BH         LINE#         1567
  C:307DH         LINE#         1568
  C:3085H         LINE#         1569
  C:3085H         LINE#         1570
  C:308BH         LINE#         1571
  C:308DH         LINE#         1573
  C:3093H         LINE#         1574
  C:3093H         LINE#         1575
  C:3095H         LINE#         1576
  C:3095H         LINE#         1578
  C:30AAH         LINE#         1579
  C:30AAH         LINE#         1580
  C:30ACH         LINE#         1581
  C:30B4H         LINE#         1582
  C:30B4H         LINE#         1583
  C:30BCH         LINE#         1584
  C:30BCH         LINE#         1585
  C:30BFH         LINE#         1586
  C:30C1H         LINE#         1587
  C:30C5H         LINE#         1588
  C:30C5H         LINE#         1589
  C:30CBH         LINE#         1590
  C:30CBH         LINE#         1592
  C:30CBH         LINE#         1594
  C:30CDH         LINE#         1596
  C:30ECH         LINE#         1597
  C:3120H         LINE#         1598
  C:3120H         LINE#         1600
  C:3120H         LINE#         1601
  -------         ENDPROC       MOVEDATETIMEUP
  -------         PROC          MOVEDATETIMEDOWN
  -------         DO            
  X:10BFH         SYMBOL        str
  -------         ENDDO         
  C:2E14H         LINE#         1609
  C:2E14H         LINE#         1610
  C:2E14H         LINE#         1613
  C:2E1AH         LINE#         1614
  C:2E1AH         LINE#         1615
  C:2E20H         LINE#         1616
  C:2E22H         LINE#         1618
  C:2E28H         LINE#         1619
  C:2E28H         LINE#         1620
  C:2E2BH         LINE#         1621
  C:2E2BH         LINE#         1622
  C:2E5AH         LINE#         1623
  C:2E5AH         LINE#         1624
  C:2E5DH         LINE#         1625
BL51 BANKED LINKER/LOCATER V6.22                                                      12/04/2017  23:21:46  PAGE 32


  C:2E65H         LINE#         1626
  C:2E65H         LINE#         1627
  C:2E6BH         LINE#         1628
  C:2E6DH         LINE#         1630
  C:2E73H         LINE#         1631
  C:2E73H         LINE#         1632
  C:2E76H         LINE#         1633
  C:2E76H         LINE#         1635
  C:2E8BH         LINE#         1636
  C:2E8BH         LINE#         1637
  C:2E8EH         LINE#         1638
  C:2E96H         LINE#         1639
  C:2E96H         LINE#         1640
  C:2E9FH         LINE#         1641
  C:2E9FH         LINE#         1642
  C:2EA2H         LINE#         1643
  C:2EA4H         LINE#         1645
  C:2EA4H         LINE#         1646
  C:2EA9H         LINE#         1647
  C:2EA9H         LINE#         1649
  C:2EABH         LINE#         1651
  C:2EC0H         LINE#         1652
  C:2EC0H         LINE#         1653
  C:2EC3H         LINE#         1654
  C:2ECBH         LINE#         1655
  C:2ECBH         LINE#         1656
  C:2ED4H         LINE#         1657
  C:2ED4H         LINE#         1658
  C:2ED7H         LINE#         1659
  C:2ED9H         LINE#         1661
  C:2ED9H         LINE#         1662
  C:2EDFH         LINE#         1663
  C:2EDFH         LINE#         1665
  C:2EE1H         LINE#         1667
  C:2EF6H         LINE#         1668
  C:2EF6H         LINE#         1669
  C:2EF8H         LINE#         1670
  C:2F00H         LINE#         1671
  C:2F00H         LINE#         1672
  C:2F09H         LINE#         1673
  C:2F09H         LINE#         1674
  C:2F0CH         LINE#         1675
  C:2F0EH         LINE#         1677
  C:2F0EH         LINE#         1678
  C:2F14H         LINE#         1679
  C:2F14H         LINE#         1681
  C:2F16H         LINE#         1683
  C:2F2BH         LINE#         1684
  C:2F2BH         LINE#         1685
  C:2F2DH         LINE#         1686
  C:2F35H         LINE#         1687
  C:2F35H         LINE#         1688
  C:2F3DH         LINE#         1689
  C:2F3DH         LINE#         1690
  C:2F40H         LINE#         1691
  C:2F42H         LINE#         1692
  C:2F46H         LINE#         1693
BL51 BANKED LINKER/LOCATER V6.22                                                      12/04/2017  23:21:46  PAGE 33


  C:2F46H         LINE#         1694
  C:2F4CH         LINE#         1695
  C:2F4CH         LINE#         1697
  C:2F4CH         LINE#         1699
  C:2F4EH         LINE#         1701
  C:2F6DH         LINE#         1702
  C:2FA1H         LINE#         1703
  C:2FA1H         LINE#         1705
  C:2FA1H         LINE#         1706
  -------         ENDPROC       MOVEDATETIMEDOWN
  -------         PROC          ENTERDATETIME
  -------         DO            
  X:10FFH         SYMBOL        str
  -------         ENDDO         
  C:2484H         LINE#         1714
  C:2484H         LINE#         1715
  C:2484H         LINE#         1718
  C:248AH         LINE#         1720
  C:248DH         LINE#         1721
  C:248DH         LINE#         1722
  C:248DH         LINE#         1723
  C:248DH         LINE#         1724
  C:248DH         LINE#         1725
  C:248DH         LINE#         1726
  C:2490H         LINE#         1727
  C:2498H         LINE#         1728
  C:2498H         LINE#         1729
  C:249AH         LINE#         1730
  C:24CEH         LINE#         1731
  C:24DFH         LINE#         1732
  C:24DFH         LINE#         1733
  C:24E2H         LINE#         1734
  C:24EAH         LINE#         1735
  C:24EAH         LINE#         1736
  C:24ECH         LINE#         1737
  C:2520H         LINE#         1738
  C:2531H         LINE#         1739
  C:2531H         LINE#         1740
  C:2534H         LINE#         1741
  C:253CH         LINE#         1742
  C:253CH         LINE#         1743
  C:253EH         LINE#         1744
  C:2572H         LINE#         1745
  C:2583H         LINE#         1746
  C:2583H         LINE#         1747
  C:2586H         LINE#         1748
  C:258EH         LINE#         1749
  C:258EH         LINE#         1750
  C:2590H         LINE#         1751
  C:2592H         LINE#         1752
  C:25C6H         LINE#         1753
  C:25D7H         LINE#         1754
  C:25D7H         LINE#         1755
  C:25D9H         LINE#         1756
  C:25E1H         LINE#         1757
  C:25E1H         LINE#         1758
  C:25E3H         LINE#         1759
BL51 BANKED LINKER/LOCATER V6.22                                                      12/04/2017  23:21:46  PAGE 34


  C:2617H         LINE#         1760
  C:262CH         LINE#         1761
  C:262CH         LINE#         1762
  C:262FH         LINE#         1763
  C:2637H         LINE#         1764
  C:2637H         LINE#         1765
  C:2639H         LINE#         1766
  C:266DH         LINE#         1767
  C:268AH         LINE#         1768
  C:268DH         LINE#         1769
  C:2698H         LINE#         1770
  C:2698H         LINE#         1771
  C:2699H         LINE#         1772
  C:269BH         LINE#         1773
  C:26CFH         LINE#         1774
  C:2708H         LINE#         1775
  C:273CH         LINE#         1776
  C:273CH         LINE#         1778
  C:273CH         LINE#         1779
  -------         ENDPROC       ENTERDATETIME
  -------         PROC          SETCLOCKONSCREEN
  -------         DO            
  D:0007H         SYMBOL        hoursAux
  -------         ENDDO         
  C:3AC3H         LINE#         1787
  C:3AC3H         LINE#         1788
  C:3AC3H         LINE#         1791
  C:3AC6H         LINE#         1792
  C:3AC6H         LINE#         1793
  C:3AD3H         LINE#         1794
  C:3ADAH         LINE#         1795
  C:3ADCH         LINE#         1796
  C:3ADCH         LINE#         1798
  C:3ADFH         LINE#         1799
  C:3ADFH         LINE#         1800
  C:3AECH         LINE#         1801
  C:3AF3H         LINE#         1802
  C:3AF5H         LINE#         1803
  C:3AF5H         LINE#         1805
  C:3AF8H         LINE#         1806
  C:3AF8H         LINE#         1807
  C:3B05H         LINE#         1808
  C:3B0CH         LINE#         1809
  C:3B0EH         LINE#         1810
  C:3B0EH         LINE#         1812
  C:3B14H         LINE#         1813
  C:3B14H         LINE#         1814
  C:3B1CH         LINE#         1816
[...]
  C:2072H         LINE#         2470
  C:2072H         LINE#         2471
  C:2074H         LINE#         2472
  C:2079H         LINE#         2473
  C:2079H         LINE#         2474
  C:2094H         LINE#         2475
  C:2094H         LINE#         2476
  C:2096H         LINE#         2477
  C:209BH         LINE#         2478
  C:209BH         LINE#         2479
  C:20B7H         LINE#         2480
  C:20B7H         LINE#         2481
  C:20B9H         LINE#         2482
  C:20BEH         LINE#         2483
  C:20BEH         LINE#         2484
  C:20DBH         LINE#         2485
  C:20DBH         LINE#         2486
  C:20DDH         LINE#         2487
  C:20E2H         LINE#         2488
  C:20E2H         LINE#         2489
  C:20F7H         LINE#         2490
  C:20F7H         LINE#         2491
  C:20F9H         LINE#         2492
  C:20FEH         LINE#         2493
  C:20FEH         LINE#         2494
  C:2114H         LINE#         2495
  C:2114H         LINE#         2496
  C:2116H         LINE#         2497
  C:211BH         LINE#         2498
  C:211BH         LINE#         2499
  C:211EH         LINE#         2500
  -------         ENDPROC       GET_FUNCTION_CODE
  -------         PROC          LOGIN_PAGE_LOAD
  -------         DO            
  X:0E87H         SYMBOL        str
  -------         ENDDO         
  C:3CBAH         LINE#         2505
  C:3CBAH         LINE#         2507
BL51 BANKED LINKER/LOCATER V6.22                                                      12/04/2017  23:21:46  PAGE 44


  C:3CD1H         LINE#         2508
  C:3CD9H         LINE#         2509
  C:3CDDH         LINE#         2510
  C:3CE1H         LINE#         2511
  C:3CE5H         LINE#         2512
  C:3CECH         LINE#         2513
  C:3CF2H         LINE#         2514
  C:3D09H         LINE#         2515
  C:3D12H         LINE#         2516
  C:3D27H         LINE#         2517
  C:3D30H         LINE#         2518
  C:3D45H         LINE#         2519
  -------         ENDPROC       LOGIN_PAGE_LOAD
  -------         PROC          LOGIN_ATTEMPTS
  C:0039H         LINE#         2523
  C:0039H         LINE#         2525
  -------         ENDPROC       LOGIN_ATTEMPTS
  -------         PROC          LOGIN_CLEAR_STARS
  -------         DO            
  X:0E87H         SYMBOL        str
  -------         ENDDO         
  C:3C1DH         LINE#         2528
  C:3C1DH         LINE#         2530
  C:3C26H         LINE#         2531
  C:3C3DH         LINE#         2532
  C:3C45H         LINE#         2533
  C:3C49H         LINE#         2534
  C:3C4DH         LINE#         2535
  C:3C51H         LINE#         2536
  C:3C58H         LINE#         2537
  C:3C5EH         LINE#         2538
  C:3C75H         LINE#         2539
  C:3C7EH         LINE#         2540
  C:3C93H         LINE#         2541
  C:3C9CH         LINE#         2542
  C:3CB1H         LINE#         2543
  -------         ENDPROC       LOGIN_CLEAR_STARS
  -------         PROC          LOGIN_DISP_1_STAR
  -------         DO            
  X:0E87H         SYMBOL        str
  -------         ENDDO         
  C:427BH         LINE#         2547
  C:427BH         LINE#         2549
  C:4292H         LINE#         2550
  -------         ENDPROC       LOGIN_DISP_1_STAR
  -------         PROC          LOGIN_DISP_2_STAR
  -------         DO            
  X:0E87H         SYMBOL        str
  -------         ENDDO         
  C:429BH         LINE#         2554
  C:429BH         LINE#         2556
  C:42B2H         LINE#         2557
  -------         ENDPROC       LOGIN_DISP_2_STAR
  -------         PROC          LOGIN_DISP_3_STAR
  -------         DO            
  X:0E87H         SYMBOL        str
  -------         ENDDO         
BL51 BANKED LINKER/LOCATER V6.22                                                      12/04/2017  23:21:46  PAGE 45


  C:42BBH         LINE#         2561
  C:42BBH         LINE#         2563
  C:42D2H         LINE#         2564
  -------         ENDPROC       LOGIN_DISP_3_STAR
  -------         PROC          LOGIN_DISP_4_STAR
  -------         DO            
  X:0E87H         SYMBOL        str
  -------         ENDDO         
  C:29EBH         LINE#         2568
  C:29EBH         LINE#         2570
  C:2A02H         LINE#         2571
  C:2A05H         LINE#         2572
  C:2A3FH         LINE#         2573
  C:2A3FH         LINE#         2574
  C:2A4CH         LINE#         2575
  C:2A4CH         LINE#         2576
  C:2A4CH         LINE#         2577
  C:2A4CH         LINE#         2578
  C:2A4CH         LINE#         2579
  C:2A4CH         LINE#         2580
  C:2A4FH         LINE#         2581
  C:2A89H         LINE#         2582
  C:2A89H         LINE#         2583
  C:2A96H         LINE#         2584
  C:2A96H         LINE#         2585
  C:2A96H         LINE#         2586
  C:2A96H         LINE#         2587
  C:2A96H         LINE#         2588
  C:2A96H         LINE#         2589
  C:2A99H         LINE#         2590
  C:2AD3H         LINE#         2591
  C:2AD3H         LINE#         2592
  C:2AE0H         LINE#         2593
  C:2AE0H         LINE#         2594
  C:2AE0H         LINE#         2595
  C:2AE0H         LINE#         2596
  C:2AE0H         LINE#         2597
  C:2AE0H         LINE#         2598
  C:2AE2H         LINE#         2599
  C:2B24H         LINE#         2600
  C:2B24H         LINE#         2601
  C:2B3BH         LINE#         2602
  C:2B5EH         LINE#         2603
  C:2B61H         LINE#         2604
  C:2B76H         LINE#         2605
  C:2B79H         LINE#         2606
  C:2B81H         LINE#         2607
  C:2B82H         LINE#         2609
  C:2B82H         LINE#         2610
  C:2B99H         LINE#         2611
  C:2B9CH         LINE#         2612
  C:2BB1H         LINE#         2613
  C:2BB4H         LINE#         2614
  C:2BC9H         LINE#         2615
  C:2BCCH         LINE#         2616
  C:2BD4H         LINE#         2617
  C:2BD8H         LINE#         2618
BL51 BANKED LINKER/LOCATER V6.22                                                      12/04/2017  23:21:46  PAGE 46


  C:2BDCH         LINE#         2619
  C:2BE0H         LINE#         2620
  C:2BEEH         LINE#         2621
  C:2BFDH         LINE#         2622
  C:2BFDH         LINE#         2623
  C:2C05H         LINE#         2624
  C:2C12H         LINE#         2625
  C:2C12H         LINE#         2626
  C:2C14H         LINE#         2628
  C:2C14H         LINE#         2629
  C:2C3AH         LINE#         2630
  C:2C3DH         LINE#         2631
  C:2C52H         LINE#         2632
  C:2C55H         LINE#         2633
  C:2C6AH         LINE#         2634
  C:2C6DH         LINE#         2635
  C:2C6DH         LINE#         2636
  C:2C6DH         LINE#         2637
  -------         ENDPROC       LOGIN_DISP_4_STAR
  -------         PROC          LOCKED_PAGE_LOAD
  C:003AH         LINE#         2643
  C:003AH         LINE#         2645
  -------         ENDPROC       LOCKED_PAGE_LOAD
  -------         PROC          UPDATE_WAIT_TIME
  C:0070H         LINE#         2648
  C:0070H         LINE#         2650
  -------         ENDPROC       UPDATE_WAIT_TIME
  -------         PROC          LOGIN_CLEAR_DISP
  C:0071H         LINE#         2653
  C:0071H         LINE#         2655
  -------         ENDPROC       LOGIN_CLEAR_DISP
  -------         PROC          MAIN_PAGE_LOAD
  -------         DO            
  X:0E87H         SYMBOL        str
  -------         ENDDO         
  C:3F93H         LINE#         2658
  C:3F93H         LINE#         2659
  C:3F93H         LINE#         2661
  C:3F9AH         LINE#         2662
  C:3FA0H         LINE#         2663
  C:3FA6H         LINE#         2664
  C:3FACH         LINE#         2665
  C:3FB2H         LINE#         2666
  C:3FB8H         LINE#         2667
  C:3FCFH         LINE#         2668
  C:3FD8H         LINE#         2669
  C:3FE0H         LINE#         2670
  -------         ENDPROC       MAIN_PAGE_LOAD
  -------         PROC          TEMP_PAGE_LOAD
  -------         DO            
  X:0E87H         SYMBOL        str
  -------         ENDDO         
  C:3F2DH         LINE#         2673
  C:3F2DH         LINE#         2674
  C:3F2DH         LINE#         2676
  C:3F34H         LINE#         2677
  C:3F4BH         LINE#         2678
BL51 BANKED LINKER/LOCATER V6.22                                                      12/04/2017  23:21:46  PAGE 47


  C:3F54H         LINE#         2679
  C:3F5CH         LINE#         2680
  C:3F69H         LINE#         2681
  C:3F69H         LINE#         2682
  C:3F73H         LINE#         2683
  C:3F73H         LINE#         2684
  C:3F75H         LINE#         2686
  C:3F75H         LINE#         2687
  C:3F89H         LINE#         2688
  C:3F92H         LINE#         2689
  C:3F92H         LINE#         2690
  -------         ENDPROC       TEMP_PAGE_LOAD
  -------         PROC          MOTOR_PAGE_LOAD
  -------         DO            
  X:0E87H         SYMBOL        str
  -------         ENDDO         
  C:4149H         LINE#         2693
  C:4149H         LINE#         2694
  C:4149H         LINE#         2696
  C:4150H         LINE#         2697
  C:4156H         LINE#         2698
  C:415EH         LINE#         2699
  C:4175H         LINE#         2700
  C:417EH         LINE#         2701
  C:4186H         LINE#         2702
  -------         ENDPROC       MOTOR_PAGE_LOAD
  -------         PROC          LASER_PAGE_LOAD
  -------         DO            
  X:0E87H         SYMBOL        str
  -------         ENDDO         
  C:4187H         LINE#         2705
  C:4187H         LINE#         2706
  C:4187H         LINE#         2708
  C:418EH         LINE#         2709
  C:41A5H         LINE#         2710
  C:41AEH         LINE#         2711
  C:41B6H         LINE#         2713
  -------         ENDPROC       LASER_PAGE_LOAD
  -------         PROC          SETTING_PAGE_LOAD
  -------         DO            
  X:0E87H         SYMBOL        str
  -------         ENDDO         
  C:3FE1H         LINE#         2716
  C:3FE1H         LINE#         2717
  C:3FE1H         LINE#         2719
  C:3FE8H         LINE#         2720
  C:401DH         LINE#         2721
  C:4026H         LINE#         2722
  C:402EH         LINE#         2723
  -------         ENDPROC       SETTING_PAGE_LOAD
  -------         PROC          C_TO_F
  C:43CAH         LINE#         2726
  C:43CAH         LINE#         2727
  C:43CAH         LINE#         2728
  C:43D1H         LINE#         2729
  -------         ENDPROC       C_TO_F
  -------         PROC          F_TO_C
BL51 BANKED LINKER/LOCATER V6.22                                                      12/04/2017  23:21:46  PAGE 48


  C:43C1H         LINE#         2732
  C:43C1H         LINE#         2733
  C:43C1H         LINE#         2734
  C:43C9H         LINE#         2735
  -------         ENDPROC       F_TO_C
  -------         PROC          ADD_POINT
  C:43A5H         LINE#         2738
  C:43A5H         LINE#         2739
  C:43A5H         LINE#         2740
  C:43B3H         LINE#         2741
  -------         ENDPROC       ADD_POINT
  -------         PROC          GAME_START
  C:432EH         LINE#         2744
  C:432EH         LINE#         2745
  C:432EH         LINE#         2746
  C:4335H         LINE#         2747
  C:433DH         LINE#         2748
  C:4345H         LINE#         2749
  -------         ENDPROC       GAME_START
  -------         PROC          BRIGHTNESS_SETTING
  -------         DO            
  X:0E87H         SYMBOL        str
  -------         ENDDO         
  C:41B7H         LINE#         2752
  C:41B7H         LINE#         2753
  C:41B7H         LINE#         2755
  C:41DDH         LINE#         2756
  -------         ENDPROC       BRIGHTNESS_SETTING
  -------         PROC          TIME_SETTING
  -------         DO            
  X:0E87H         SYMBOL        str
  -------         ENDDO         
  C:33F3H         LINE#         2777
  C:33F3H         LINE#         2778
  C:33F3H         LINE#         2780
  C:342EH         LINE#         2781
  C:342EH         LINE#         2782
  C:342EH         LINE#         2783
  C:3442H         LINE#         2784
  C:3468H         LINE#         2785
  C:3468H         LINE#         2786
  C:347CH         LINE#         2787
  C:347CH         LINE#         2788
  C:3493H         LINE#         2789
  C:3493H         LINE#         2790
  C:34A7H         LINE#         2791
  C:34A7H         LINE#         2792
  C:34B7H         LINE#         2793
  C:34B7H         LINE#         2794
  C:34CAH         LINE#         2795
  C:34CAH         LINE#         2797
  C:34CAH         LINE#         2798
  C:34DDH         LINE#         2799
  C:34DDH         LINE#         2800
  C:34F0H         LINE#         2801
  C:3503H         LINE#         2802
  C:3516H         LINE#         2803
BL51 BANKED LINKER/LOCATER V6.22                                                      12/04/2017  23:21:46  PAGE 49


  C:353EH         LINE#         2804
  C:3545H         LINE#         2805
  C:3545H         LINE#         2806
  C:3548H         LINE#         2807
  C:354AH         LINE#         2809
  C:354AH         LINE#         2810
  C:3550H         LINE#         2811
  C:3550H         LINE#         2812
  C:3553H         LINE#         2813
  C:3553H         LINE#         2814
  C:3553H         LINE#         2815
  C:3553H         LINE#         2817
  -------         ENDPROC       TIME_SETTING
  -------         PROC          SET_CLOCK
  -------         DO            
  X:0E87H         SYMBOL        str
  -------         ENDDO         
  C:3121H         LINE#         2820
  C:3121H         LINE#         2821
  C:3121H         LINE#         2823
  C:3141H         LINE#         2824
  C:3141H         LINE#         2825
  C:3141H         LINE#         2826
  C:314CH         LINE#         2827
  C:3157H         LINE#         2828
  C:3162H         LINE#         2829
  C:316DH         LINE#         2830
  C:3178H         LINE#         2831
  C:3181H         LINE#         2832
  C:3181H         LINE#         2833
  C:3181H         LINE#         2834
  C:3181H         LINE#         2835
  C:3214H         LINE#         2836
  C:328CH         LINE#         2837
  -------         ENDPROC       SET_CLOCK
  -------         PROC          CONTRAST_SETTING
  -------         DO            
  X:0E87H         SYMBOL        str
  -------         ENDDO         
  C:3554H         LINE#         2841
  C:3554H         LINE#         2842
  C:3554H         LINE#         2844
  C:3566H         LINE#         2845
  C:3566H         LINE#         2846
  C:3583H         LINE#         2847
  C:35A9H         LINE#         2848
  C:35B6H         LINE#         2849
  C:35B9H         LINE#         2850
  C:35D0H         LINE#         2851
  C:35D0H         LINE#         2852
  C:35E8H         LINE#         2853
  C:360EH         LINE#         2854
  C:361BH         LINE#         2855
  C:361DH         LINE#         2857
  C:361DH         LINE#         2858
  C:363EH         LINE#         2859
  C:3664H         LINE#         2860
BL51 BANKED LINKER/LOCATER V6.22                                                      12/04/2017  23:21:46  PAGE 50


  C:369EH         LINE#         2861
  C:369EH         LINE#         2862
  -------         ENDPROC       CONTRAST_SETTING
  -------         ENDMOD        MAIN

  -------         MODULE        ?C?CLDPTR
  C:273DH         PUBLIC        ?C?CLDPTR
  -------         ENDMOD        ?C?CLDPTR

  -------         MODULE        ?C?IMUL
  C:2756H         PUBLIC        ?C?IMUL
  -------         ENDMOD        ?C?IMUL

  -------         MODULE        ?C?UIDIV
  C:2768H         PUBLIC        ?C?UIDIV
  -------         ENDMOD        ?C?UIDIV

  -------         MODULE        ?C?SIDIV
  C:27BDH         PUBLIC        ?C?SIDIV
  -------         ENDMOD        ?C?SIDIV

  -------         MODULE        ?C?ILDIX
  C:27F3H         PUBLIC        ?C?ILDIX
  -------         ENDMOD        ?C?ILDIX

  -------         MODULE        ?C?SLDIV
  C:40C5H         PUBLIC        ?C?SLDIV
  -------         ENDMOD        ?C?SLDIV

  -------         MODULE        ?C?ULCMP
  C:2809H         PUBLIC        ?C?ULCMP
  -------         ENDMOD        ?C?ULCMP

  -------         MODULE        ?C?LLDIXDATA
  C:2823H         PUBLIC        ?C?LLDIXDATA
  C:281AH         PUBLIC        ?C?LLDIXDATA1
  C:281CH         PUBLIC        ?C?LLDIXDATA8
  -------         ENDMOD        ?C?LLDIXDATA

  -------         MODULE        ?C?LSTKXDATA
  C:284FH         PUBLIC        ?C?LSTKXDATA
  -------         ENDMOD        ?C?LSTKXDATA

  -------         MODULE        ?C?CCASE
  C:2880H         PUBLIC        ?C?CCASE
  -------         ENDMOD        ?C?CCASE

  -------         MODULE        PRINTF
  X:0F55H         PUBLIC        ?_PRINTF517?BYTE
  X:0F55H         PUBLIC        ?_PRINTF?BYTE
  X:0F55H         PUBLIC        ?_SPRINTF517?BYTE
  X:0F55H         PUBLIC        ?_SPRINTF?BYTE
  C:218AH         PUBLIC        _PRINTF
  C:218AH         PUBLIC        _PRINTF517
  C:2184H         PUBLIC        _SPRINTF
  C:2184H         PUBLIC        _SPRINTF517
  -------         ENDMOD        PRINTF
BL51 BANKED LINKER/LOCATER V6.22                                                      12/04/2017  23:21:46  PAGE 51



  -------         MODULE        RAND
  X:113FH         PUBLIC        ?SRAND?BYTE
  C:402FH         PUBLIC        RAND
  C:406DH         PUBLIC        _SRAND
  -------         ENDMOD        RAND

  -------         MODULE        ?C?CLDOPTR
  C:28A6H         PUBLIC        ?C?CLDOPTR
  -------         ENDMOD        ?C?CLDOPTR

  -------         MODULE        ?C?CSTPTR
  C:28D3H         PUBLIC        ?C?CSTPTR
  -------         ENDMOD        ?C?CSTPTR

  -------         MODULE        ?C?ULDIV
  C:2921H         PUBLIC        ?C?ULDIV
  -------         ENDMOD        ?C?ULDIV

  -------         MODULE        ?C?LLDXDATA
  C:29B3H         PUBLIC        ?C?LLDXDATA
  -------         ENDMOD        ?C?LLDXDATA

  -------         MODULE        ?C?LSTXDATA
  C:29BFH         PUBLIC        ?C?LSTXDATA
  -------         ENDMOD        ?C?LSTXDATA

  -------         MODULE        ?C?PLDIXDATA
  C:29CBH         PUBLIC        ?C?PLDIXDATA
  -------         ENDMOD        ?C?PLDIXDATA

  -------         MODULE        ?C?PSTXDATA
  C:29E2H         PUBLIC        ?C?PSTXDATA
  -------         ENDMOD        ?C?PSTXDATA

  -------         MODULE        PUTCHAR
  C:420DH         PUBLIC        _PUTCHAR
  -------         ENDMOD        PUTCHAR

*** WARNING L16: UNCALLED SEGMENT, IGNORED FOR OVERLAY PROCESS
    SEGMENT: ?PR?_SHOWBITMAP?MAIN

*** WARNING L16: UNCALLED SEGMENT, IGNORED FOR OVERLAY PROCESS
    SEGMENT: ?PR?SCANUSERINPUT?MAIN

*** WARNING L16: UNCALLED SEGMENT, IGNORED FOR OVERLAY PROCESS
    SEGMENT: ?PR?_WRITEONEBYTETOSLAVE?MAIN

*** WARNING L16: UNCALLED SEGMENT, IGNORED FOR OVERLAY PROCESS
    SEGMENT: ?PR?SETCLOCKCONTROL?MAIN

*** WARNING L16: UNCALLED SEGMENT, IGNORED FOR OVERLAY PROCESS
    SEGMENT: ?PR?MOVEDATETIMEUP?MAIN

*** WARNING L16: UNCALLED SEGMENT, IGNORED FOR OVERLAY PROCESS
    SEGMENT: ?PR?MOVEDATETIMEDOWN?MAIN

BL51 BANKED LINKER/LOCATER V6.22                                                      12/04/2017  23:21:46  PAGE 52


*** WARNING L16: UNCALLED SEGMENT, IGNORED FOR OVERLAY PROCESS
    SEGMENT: ?PR?ENTERDATETIME?MAIN

*** WARNING L16: UNCALLED SEGMENT, IGNORED FOR OVERLAY PROCESS
    SEGMENT: ?PR?SETCLOCKONSCREEN?MAIN

*** WARNING L16: UNCALLED SEGMENT, IGNORED FOR OVERLAY PROCESS
    SEGMENT: ?PR?RESETCLOCK?MAIN

*** WARNING L16: UNCALLED SEGMENT, IGNORED FOR OVERLAY PROCESS
    SEGMENT: ?PR?LOCKED_PAGE_LOAD?MAIN

*** WARNING L16: UNCALLED SEGMENT, IGNORED FOR OVERLAY PROCESS
    SEGMENT: ?PR?UPDATE_WAIT_TIME?MAIN

*** WARNING L16: UNCALLED SEGMENT, IGNORED FOR OVERLAY PROCESS
    SEGMENT: ?PR?LOGIN_CLEAR_DISP?MAIN

Program Size: data=27.6 xdata=4421 code=17373
LINK/LOCATE RUN COMPLETE.  12 WARNING(S),  0 ERROR(S)
