BL51 BANKED LINKER/LOCATER V6.22                                                        12/04/2017  13:34:57  PAGE 1


BL51 BANKED LINKER/LOCATER V6.22, INVOKED BY:
D:\KEIL_V5\C51\BIN\BL51.EXE .\Objects\main.obj TO .\Objects\TeamProject PRINT (.\Listings\TeamProject.m51) RAMSIZE (256)
>> 


MEMORY MODEL: LARGE


INPUT MODULES INCLUDED:
  .\Objects\main.obj (MAIN)
  D:\KEIL_V5\C51\LIB\C51L.LIB (?C_STARTUP)
  D:\KEIL_V5\C51\LIB\C51L.LIB (?C?CLDPTR)
  D:\KEIL_V5\C51\LIB\C51L.LIB (?C?IMUL)
  D:\KEIL_V5\C51\LIB\C51L.LIB (?C?UIDIV)
  D:\KEIL_V5\C51\LIB\C51L.LIB (?C?SIDIV)
  D:\KEIL_V5\C51\LIB\C51L.LIB (?C?ILDIX)
  D:\KEIL_V5\C51\LIB\C51L.LIB (?C?SLDIV)
  D:\KEIL_V5\C51\LIB\C51L.LIB (?C?ULCMP)
  D:\KEIL_V5\C51\LIB\C51L.LIB (?C?LLDIXDATA)
  D:\KEIL_V5\C51\LIB\C51L.LIB (?C?LSTKXDATA)
  D:\KEIL_V5\C51\LIB\C51L.LIB (?C?CCASE)
  D:\KEIL_V5\C51\LIB\C51L.LIB (PRINTF)
  D:\KEIL_V5\C51\LIB\C51L.LIB (RAND)
  D:\KEIL_V5\C51\LIB\C51L.LIB (?C_INIT)
  D:\KEIL_V5\C51\LIB\C51L.LIB (?C?CLDOPTR)
  D:\KEIL_V5\C51\LIB\C51L.LIB (?C?CSTPTR)
  D:\KEIL_V5\C51\LIB\C51L.LIB (?C?ULDIV)
  D:\KEIL_V5\C51\LIB\C51L.LIB (?C?LLDXDATA)
  D:\KEIL_V5\C51\LIB\C51L.LIB (?C?LSTXDATA)
  D:\KEIL_V5\C51\LIB\C51L.LIB (?C?PLDIXDATA)
  D:\KEIL_V5\C51\LIB\C51L.LIB (?C?PSTXDATA)
  D:\KEIL_V5\C51\LIB\C51L.LIB (PUTCHAR)


LINK MAP OF MODULE:  .\Objects\TeamProject (MAIN)


            TYPE    BASE      LENGTH    RELOCATION   SEGMENT NAME
            -----------------------------------------------------

            * * * * * * *   D A T A   M E M O R Y   * * * * * * *
            REG     0000H     0008H     ABSOLUTE     "REG BANK 0"
            DATA    0008H     0005H     UNIT         _DATA_GROUP_
                    000DH     0003H                  *** GAP ***
            REG     0010H     0008H     ABSOLUTE     "REG BANK 2"
                    0018H     0008H                  *** GAP ***
            DATA    0020H     0002H     BIT_ADDR     ?BA?MAIN
            BIT     0022H.0   0002H.4   UNIT         ?BI?MAIN
            BIT     0024H.4   0001H.2   UNIT         _BIT_GROUP_
                    0025H.6   0000H.2                *** GAP ***
            IDATA   0026H     0001H     UNIT         ?STACK

            * * * * * * *  X D A T A   M E M O R Y  * * * * * * *
            XDATA   0000H     0E3CH     UNIT         ?XD?MAIN
            XDATA   0E3CH     0141H     UNIT         _XDATA_GROUP_
            XDATA   0F7DH     0082H     UNIT         ?XD?_SHOWBITMAP?MAIN
            XDATA   0FFFH     0080H     UNIT         ?XD?_CALLMACRO?MAIN
            XDATA   107FH     0040H     UNIT         ?XD?MOVEDATETIMEUP?MAIN
BL51 BANKED LINKER/LOCATER V6.22                                                      12/04/2017  13:34:57  PAGE 2


            XDATA   10BFH     0040H     UNIT         ?XD?MOVEDATETIMEDOWN?MAIN
            XDATA   10FFH     0040H     UNIT         ?XD?ENTERDATETIME?MAIN
            XDATA   113FH     0004H     UNIT         ?XD?RAND?RAND
            XDATA   1143H     0002H     UNIT         ?XD?SCANUSERINPUT?MAIN

            * * * * * * *   C O D E   M E M O R Y   * * * * * * *
            CODE    0000H     0003H     ABSOLUTE     
            CODE    0003H     0020H     UNIT         ?PR?BAR_LOAD?MAIN
            CODE    0023H     0003H     ABSOLUTE     
            CODE    0026H     0013H     UNIT         ?PR?_CONVERTDECIMALTOBCD?MAIN
            CODE    0039H     0001H     UNIT         ?PR?LOGIN_ATTEMPTS?MAIN
            CODE    003AH     0001H     UNIT         ?PR?LOCKED_PAGE_LOAD?MAIN
            CODE    003BH     0003H     ABSOLUTE     
            CODE    003EH     0032H     UNIT         ?PR?RESETCLOCK?MAIN
            CODE    0070H     0001H     UNIT         ?PR?UPDATE_WAIT_TIME?MAIN
            CODE    0071H     0001H     UNIT         ?PR?LOGIN_CLEAR_DISP?MAIN
                    0072H     0001H                  *** GAP ***
            CODE    0073H     0003H     ABSOLUTE     
            CODE    0076H     0BC1H     UNIT         ?PR?MAIN?MAIN
            CODE    0C37H     06BFH     UNIT         ?CO?MAIN
            CODE    12F6H     04FFH     UNIT         ?PR?SMBISR?MAIN
            CODE    17F5H     04F1H     UNIT         ?PR?UART0INTERRUPT?MAIN
            CODE    1CE6H     0456H     UNIT         ?PR?GET_FUNCTION_CODE?MAIN
            CODE    213CH     0365H     UNIT         ?PR?PRINTF?PRINTF
            CODE    24A1H     02B9H     UNIT         ?PR?ENTERDATETIME?MAIN
            CODE    275AH     02AEH     UNIT         ?C?LIB_CODE
            CODE    2A08H     0254H     UNIT         ?PR?LOGIN_DISP_4_STAR?MAIN
            CODE    2C5CH     01A6H     UNIT         ?PR?GETCLOCKDATA?MAIN
            CODE    2E02H     018EH     UNIT         ?PR?MOVEDATETIMEDOWN?MAIN
            CODE    2F90H     017FH     UNIT         ?PR?MOVEDATETIMEUP?MAIN
            CODE    310FH     016EH     UNIT         ?PR?SET_CLOCK?MAIN
            CODE    327DH     0164H     UNIT         ?PR?SCANUSERINPUT?MAIN
            CODE    33E1H     0161H     UNIT         ?PR?TIME_SETTING?MAIN
            CODE    3542H     014BH     UNIT         ?PR?CONTRAST_SETTING?MAIN
            CODE    368DH     0136H     UNIT         ?PR?DISPLAYCLOCK?MAIN
            CODE    37C3H     0120H     UNIT         ?C_INITSEG
            CODE    38E3H     0118H     UNIT         ?PR?_DISPLAYTEXT?MAIN
            CODE    39FBH     00B6H     UNIT         ?PR?SMBINIT?MAIN
            CODE    3AB1H     00AFH     UNIT         ?PR?SETCLOCKONSCREEN?MAIN
            CODE    3B60H     00ABH     UNIT         ?PR?_SMBREAD?MAIN
            CODE    3C0BH     008CH     UNIT         ?C_C51STARTUP
            CODE    3C97H     007CH     UNIT         ?PR?SETCLOCK?MAIN
            CODE    3D13H     0070H     UNIT         ?PR?_SENDCOMMAND?MAIN
            CODE    3D83H     0067H     UNIT         ?PR?_SMBWRITE?MAIN
            CODE    3DEAH     0066H     UNIT         ?PR?TEMP_PAGE_LOAD?MAIN
            CODE    3E50H     0061H     UNIT         ?PR?LOGIN_CLEAR_STARS?MAIN
            CODE    3EB1H     0058H     UNIT         ?PR?LOGIN_PAGE_LOAD?MAIN
            CODE    3F09H     004EH     UNIT         ?PR?MAIN_PAGE_LOAD?MAIN
            CODE    3F57H     004EH     UNIT         ?PR?SETTING_PAGE_LOAD?MAIN
            CODE    3FA5H     004DH     UNIT         ?PR?RAND?RAND
            CODE    3FF2H     0049H     UNIT         ?PR?_SHOWBITMAP?MAIN
            CODE    403BH     0044H     UNIT         ?C?LDIV
            CODE    407FH     0040H     UNIT         ?PR?PORTINIT?MAIN
            CODE    40BFH     003EH     UNIT         ?PR?MOTOR_PAGE_LOAD?MAIN
            CODE    40FDH     0030H     UNIT         ?PR?LASER_PAGE_LOAD?MAIN
            CODE    412DH     002FH     UNIT         ?PR?BRIGHTNESS_SETTING?MAIN
            CODE    415CH     0027H     UNIT         ?PR?UART0INIT?MAIN
BL51 BANKED LINKER/LOCATER V6.22                                                      12/04/2017  13:34:57  PAGE 3


            CODE    4183H     0027H     UNIT         ?PR?PUTCHAR?PUTCHAR
            CODE    41AAH     0026H     UNIT         ?PR?_CALLMACRO?MAIN
            CODE    41D0H     0021H     UNIT         ?PR?_READONEBYTEFROMSLAVE?MAIN
            CODE    41F1H     0020H     UNIT         ?PR?LOGIN_DISP_1_STAR?MAIN
            CODE    4211H     0020H     UNIT         ?PR?LOGIN_DISP_2_STAR?MAIN
            CODE    4231H     0020H     UNIT         ?PR?LOGIN_DISP_3_STAR?MAIN
            CODE    4251H     001FH     UNIT         ?PR?TIMER3ISR?MAIN
            CODE    4270H     001BH     UNIT         ?PR?TIMER3INIT?MAIN
            CODE    428BH     0019H     UNIT         ?PR?_WRITEONEBYTETOSLAVE?MAIN
            CODE    42A4H     0018H     UNIT         ?PR?GAME_START?MAIN
            CODE    42BCH     0012H     UNIT         ?PR?SYSTEMCLOCKINIT?MAIN
            CODE    42CEH     0011H     UNIT         ?PR?SETCLOCKCONTROL?MAIN
            CODE    42DFH     000FH     UNIT         ?PR?CHECKSLAVEFLAGS?MAIN
            CODE    42EEH     000FH     UNIT         ?PR?_WRITEBYTESTOREALTIMECLOCK?MAIN
            CODE    42FDH     000FH     UNIT         ?PR?_READBYTESFROMREALTIMECLOCK?MAIN
            CODE    430CH     000FH     UNIT         ?PR?_CONVERTBCDTODECIMAL?MAIN
            CODE    431BH     000FH     UNIT         ?PR?ADD_POINT?MAIN
            CODE    432AH     000DH     UNIT         ?PR?ENABLEINTERRUPTS?MAIN
            CODE    4337H     0009H     UNIT         ?PR?F_TO_C?MAIN
            CODE    4340H     0008H     UNIT         ?PR?C_TO_F?MAIN
            CODE    4348H     0007H     UNIT         ?PR?DISABLEWATCHDOG?MAIN
            CODE    434FH     0005H     UNIT         ?PR?_CHANGESCREEN?MAIN



OVERLAY MAP OF MODULE:   .\Objects\TeamProject (MAIN)


SEGMENT                                         BIT_GROUP          DATA_GROUP          XDATA_GROUP
  +--> CALLED SEGMENT                        START    LENGTH     START    LENGTH     START    LENGTH
----------------------------------------------------------------------------------------------------
?PR?UART0INTERRUPT?MAIN                      -----    -----      -----    -----      0E3CH    0005H

*** NEW ROOT ***************************************************

?PR?SMBISR?MAIN                              0024H.4  0000H.1    -----    -----      -----    -----

*** NEW ROOT ***************************************************

?C_C51STARTUP                                -----    -----      -----    -----      -----    -----
  +--> ?PR?MAIN?MAIN
  +--> ?C_INITSEG

?PR?MAIN?MAIN                                -----    -----      -----    -----      0E41H    0046H
  +--> ?PR?DISABLEWATCHDOG?MAIN
  +--> ?PR?SYSTEMCLOCKINIT?MAIN
  +--> ?PR?PORTINIT?MAIN
  +--> ?PR?ENABLEINTERRUPTS?MAIN
  +--> ?PR?UART0INIT?MAIN
  +--> ?PR?SMBINIT?MAIN
  +--> ?PR?TIMER3INIT?MAIN
  +--> ?PR?CONTRAST_SETTING?MAIN
  +--> ?PR?GETCLOCKDATA?MAIN
  +--> ?CO?MAIN
  +--> ?PR?PRINTF?PRINTF
  +--> ?PR?_DISPLAYTEXT?MAIN
  +--> ?PR?DISPLAYCLOCK?MAIN
BL51 BANKED LINKER/LOCATER V6.22                                                      12/04/2017  13:34:57  PAGE 4


  +--> ?PR?_SENDCOMMAND?MAIN
  +--> ?PR?_READONEBYTEFROMSLAVE?MAIN
  +--> ?PR?RAND?RAND
  +--> ?PR?CHECKSLAVEFLAGS?MAIN
  +--> ?PR?GET_FUNCTION_CODE?MAIN
  +--> ?PR?BAR_LOAD?MAIN
  +--> ?PR?LOGIN_PAGE_LOAD?MAIN
  +--> ?PR?LOGIN_ATTEMPTS?MAIN
  +--> ?PR?LOGIN_CLEAR_STARS?MAIN
  +--> ?PR?LOGIN_DISP_1_STAR?MAIN
  +--> ?PR?LOGIN_DISP_2_STAR?MAIN
  +--> ?PR?LOGIN_DISP_3_STAR?MAIN
  +--> ?PR?LOGIN_DISP_4_STAR?MAIN
  +--> ?PR?MAIN_PAGE_LOAD?MAIN
  +--> ?PR?TEMP_PAGE_LOAD?MAIN
  +--> ?PR?MOTOR_PAGE_LOAD?MAIN
  +--> ?PR?LASER_PAGE_LOAD?MAIN
  +--> ?PR?SETTING_PAGE_LOAD?MAIN
  +--> ?PR?C_TO_F?MAIN
  +--> ?PR?F_TO_C?MAIN
  +--> ?PR?ADD_POINT?MAIN
  +--> ?PR?GAME_START?MAIN
  +--> ?PR?BRIGHTNESS_SETTING?MAIN
  +--> ?PR?TIME_SETTING?MAIN
  +--> ?PR?SET_CLOCK?MAIN

?PR?SYSTEMCLOCKINIT?MAIN                     -----    -----      -----    -----      0E87H    0002H

?PR?SMBINIT?MAIN                             -----    -----      -----    -----      0E87H    0007H

?PR?CONTRAST_SETTING?MAIN                    -----    -----      -----    -----      0E87H    0040H
  +--> ?CO?MAIN
  +--> ?PR?PRINTF?PRINTF

?PR?PRINTF?PRINTF                            0024H.5  0001H.1    0008H    0005H      0F55H    0028H
  +--> ?PR?PUTCHAR?PUTCHAR

?PR?GETCLOCKDATA?MAIN                        -----    -----      -----    -----      0EC7H    0002H
  +--> ?PR?_READBYTESFROMREALTIMECLOCK?MAIN
  +--> ?PR?_CONVERTBCDTODECIMAL?MAIN

?PR?_READBYTESFROMREALTIMECLOCK?MAIN         -----    -----      -----    -----      -----    -----
  +--> ?PR?_SMBREAD?MAIN

?PR?_SMBREAD?MAIN                            -----    -----      -----    -----      0EC9H    0006H
  +--> ?PR?_SMBWRITE?MAIN

?PR?_SMBWRITE?MAIN                           -----    -----      -----    -----      0ECFH    0004H

?PR?_DISPLAYTEXT?MAIN                        -----    -----      -----    -----      0EC7H    008EH
  +--> ?CO?MAIN
  +--> ?PR?PRINTF?PRINTF
  +--> ?PR?_SENDCOMMAND?MAIN

?PR?_SENDCOMMAND?MAIN                        -----    -----      -----    -----      0F55H    0001H

?PR?DISPLAYCLOCK?MAIN                        -----    -----      -----    -----      0E87H    0040H
BL51 BANKED LINKER/LOCATER V6.22                                                      12/04/2017  13:34:57  PAGE 5


  +--> ?PR?GETCLOCKDATA?MAIN
  +--> ?CO?MAIN
  +--> ?PR?PRINTF?PRINTF
  +--> ?PR?_DISPLAYTEXT?MAIN

?PR?_READONEBYTEFROMSLAVE?MAIN               -----    -----      -----    -----      0E87H    0001H
  +--> ?PR?_SMBREAD?MAIN

?PR?CHECKSLAVEFLAGS?MAIN                     -----    -----      -----    -----      -----    -----
  +--> ?PR?_READONEBYTEFROMSLAVE?MAIN

?PR?BAR_LOAD?MAIN                            -----    -----      -----    -----      0E87H    0040H
  +--> ?CO?MAIN
  +--> ?PR?PRINTF?PRINTF
  +--> ?PR?_SENDCOMMAND?MAIN

?PR?LOGIN_PAGE_LOAD?MAIN                     -----    -----      -----    -----      0E87H    0040H
  +--> ?CO?MAIN
  +--> ?PR?PRINTF?PRINTF
  +--> ?PR?_SENDCOMMAND?MAIN

?PR?LOGIN_CLEAR_STARS?MAIN                   -----    -----      -----    -----      0E87H    0040H
  +--> ?CO?MAIN
  +--> ?PR?PRINTF?PRINTF
  +--> ?PR?_SENDCOMMAND?MAIN

?PR?LOGIN_DISP_1_STAR?MAIN                   -----    -----      -----    -----      0E87H    0040H
  +--> ?CO?MAIN
  +--> ?PR?PRINTF?PRINTF
  +--> ?PR?_SENDCOMMAND?MAIN

?PR?LOGIN_DISP_2_STAR?MAIN                   -----    -----      -----    -----      0E87H    0040H
  +--> ?CO?MAIN
  +--> ?PR?PRINTF?PRINTF
  +--> ?PR?_SENDCOMMAND?MAIN

?PR?LOGIN_DISP_3_STAR?MAIN                   -----    -----      -----    -----      0E87H    0040H
  +--> ?CO?MAIN
  +--> ?PR?PRINTF?PRINTF
  +--> ?PR?_SENDCOMMAND?MAIN

?PR?LOGIN_DISP_4_STAR?MAIN                   -----    -----      -----    -----      0E87H    0040H
  +--> ?CO?MAIN
  +--> ?PR?PRINTF?PRINTF
  +--> ?PR?_SENDCOMMAND?MAIN

?PR?MAIN_PAGE_LOAD?MAIN                      -----    -----      -----    -----      0E87H    0040H
  +--> ?CO?MAIN
  +--> ?PR?PRINTF?PRINTF
  +--> ?PR?_SENDCOMMAND?MAIN

?PR?TEMP_PAGE_LOAD?MAIN                      -----    -----      -----    -----      0E87H    0040H
  +--> ?CO?MAIN
  +--> ?PR?PRINTF?PRINTF
  +--> ?PR?_SENDCOMMAND?MAIN

?PR?MOTOR_PAGE_LOAD?MAIN                     -----    -----      -----    -----      0E87H    0040H
BL51 BANKED LINKER/LOCATER V6.22                                                      12/04/2017  13:34:57  PAGE 6


  +--> ?CO?MAIN
  +--> ?PR?PRINTF?PRINTF
  +--> ?PR?_SENDCOMMAND?MAIN

?PR?LASER_PAGE_LOAD?MAIN                     -----    -----      -----    -----      0E87H    0040H
  +--> ?CO?MAIN
  +--> ?PR?PRINTF?PRINTF
  +--> ?PR?_SENDCOMMAND?MAIN

?PR?SETTING_PAGE_LOAD?MAIN                   -----    -----      -----    -----      0E87H    0040H
  +--> ?CO?MAIN
  +--> ?PR?PRINTF?PRINTF
  +--> ?PR?_SENDCOMMAND?MAIN

?PR?BRIGHTNESS_SETTING?MAIN                  -----    -----      -----    -----      0E87H    0040H
  +--> ?CO?MAIN
  +--> ?PR?PRINTF?PRINTF
  +--> ?PR?_SENDCOMMAND?MAIN

?PR?TIME_SETTING?MAIN                        -----    -----      -----    -----      0E87H    0040H
  +--> ?CO?MAIN
  +--> ?PR?PRINTF?PRINTF
  +--> ?PR?_SENDCOMMAND?MAIN
  +--> ?PR?SETCLOCK?MAIN

?PR?SETCLOCK?MAIN                            -----    -----      -----    -----      -----    -----
  +--> ?PR?_CONVERTDECIMALTOBCD?MAIN
  +--> ?PR?_WRITEBYTESTOREALTIMECLOCK?MAIN

?PR?_WRITEBYTESTOREALTIMECLOCK?MAIN          -----    -----      -----    -----      -----    -----
  +--> ?PR?_SMBWRITE?MAIN

?PR?SET_CLOCK?MAIN                           -----    -----      -----    -----      0E87H    0040H
  +--> ?PR?SETCLOCK?MAIN

?C_INITSEG                                   -----    -----      -----    -----      -----    -----
  +--> ?CO?MAIN



SYMBOL TABLE OF MODULE:  .\Objects\TeamProject (MAIN)

  VALUE           TYPE          NAME
  ----------------------------------

  -------         MODULE        MAIN
  C:0000H         SYMBOL        _ICE_DUMMY_
  X:0011H         PUBLIC        tsByte
  B:0022H.0       PUBLIC        yearUpdated
  D:0080H         PUBLIC        P0
  B:0022H.1       PUBLIC        hoursUpdated
  D:0090H         PUBLIC        P1
  B:00C0H.2       PUBLIC        AA
  D:00FFH         PUBLIC        WDTCN
  D:00A0H         PUBLIC        P2
  B:0020H.3       PUBLIC        roomTempSensorErr
  B:0020H.1       PUBLIC        airFlowSensorErr
BL51 BANKED LINKER/LOCATER V6.22                                                      12/04/2017  13:34:57  PAGE 7


  D:00B0H         PUBLIC        P3
  X:0012H         PUBLIC        select
  X:0014H         PUBLIC        currentIndex
  X:0015H         PUBLIC        screen
  D:00C8H         PUBLIC        P4
  X:0016H         PUBLIC        dayOfWeek
  D:00E6H         PUBLIC        EIE1
  D:00D8H         PUBLIC        P5
  C:3F57H         PUBLIC        setting_page_load
  X:0024H         PUBLIC        userCommand
  C:415CH         PUBLIC        uart0Init
  D:00E8H         PUBLIC        P6
  D:00E7H         PUBLIC        EIE2
  X:0224H         PUBLIC        numBytesWR
  C:42EEH         PUBLIC        _writeBytesToRealTimeClock
  D:00F8H         PUBLIC        P7
  B:0022H.2       PUBLIC        SMB_BUSY
  X:0226H         PUBLIC        currentDate
  X:0227H         PUBLIC        roomTemp1
  X:0228H         PUBLIC        minutes
  X:0229H         PUBLIC        roomTemp2
  B:0021H.1       PUBLIC        hiRoomTemp
  B:0022H.3       PUBLIC        monthDateYearUpdated
  B:0022H.4       PUBLIC        screenReset
  D:0084H         PUBLIC        SFRPAGE
  C:1CE6H         PUBLIC        get_function_code
  X:022AH         PUBLIC        roomTemp3
  B:0022H.5       PUBLIC        tsLastCharGone
  D:00A4H         PUBLIC        P0MDOUT
  B:0021H.5       PUBLIC        lowAirFlow
  X:022BH         PUBLIC        amPm
  D:00A5H         PUBLIC        P1MDOUT
  D:00A8H         PUBLIC        IE
  X:022CH         PUBLIC        century
  D:00A7H         PUBLIC        P3MDOUT
  X:022DH         PUBLIC        clock_value
  X:022FH         PUBLIC        is_in_laser_page
  C:4348H         PUBLIC        disableWatchdog
  D:009CH         PUBLIC        P4MDOUT
  D:009DH         PUBLIC        P5MDOUT
  X:0231H         PUBLIC        is_in_game
  X:0233H         PUBLIC        minuteIndex
  X:0234H         PUBLIC        currentMonth
  X:0235H         PUBLIC        tsRxBuffer
  D:009EH         PUBLIC        P6MDOUT
  C:2F90H         PUBLIC        moveDateTimeUp
  D:009FH         PUBLIC        P7MDOUT
  X:0435H         PUBLIC        tsTxBuffer
  C:41AAH         PUBLIC        _callMacro
  C:33E1H         PUBLIC        time_setting
  C:003EH         PUBLIC        resetClock
  C:3E50H         PUBLIC        login_clear_stars
  X:0835H         PUBLIC        Font
  C:0071H         PUBLIC        login_clear_disp
  X:0847H         PUBLIC        hours24
  X:0848H         PUBLIC        lastScreen
  X:0849H         PUBLIC        slaveAddr
BL51 BANKED LINKER/LOCATER V6.22                                                      12/04/2017  13:34:57  PAGE 8


  B:0021H.6       PUBLIC        reserved6
  X:084AH         PUBLIC        currentYear
  B:00C0H.3       PUBLIC        SI
  X:084BH         PUBLIC        is_in_main_page
  C:40FDH         PUBLIC        laser_page_load
  B:0021H.7       PUBLIC        reserved7
  D:00E1H         PUBLIC        XBR0
  D:00E2H         PUBLIC        XBR1
  C:3EB1H         PUBLIC        login_page_load
  D:00E3H         PUBLIC        XBR2
  X:084DH         PUBLIC        stones
  X:084FH         PUBLIC        eepromDataByte
  X:0850H         PUBLIC        date
  B:0020H.4       PUBLIC        waterInTempSensorErr
  D:00CBH         PUBLIC        RCAP2H
  C:3915H         PUBLIC        _displayText
  C:412DH         PUBLIC        brightness_setting
  C:42CEH         PUBLIC        setClockControl
  X:0851H         PUBLIC        eepromWriteDone
  B:0020H.5       PUBLIC        waterOutTempSensorErr
  C:3FF2H         PUBLIC        _showBitmap
  D:00C0H         PUBLIC        SMB0CN
  X:0852H         PUBLIC        slaveReadDone
  D:00CCH         PUBLIC        TMR2
  D:00CAH         PUBLIC        RCAP2L
  C:0076H         PUBLIC        main
  D:00CCH         PUBLIC        TMR3
  B:0022H.6       PUBLIC        splashEnd
  B:0020H.2       PUBLIC        pressureSensorErr
  X:0853H         PUBLIC        month
  D:00CFH         PUBLIC        SMB0CR
  X:0854H         PUBLIC        is_in_motor_page
  C:3F09H         PUBLIC        main_page_load
  B:0021H.2       PUBLIC        hiWaterInTemp
  X:0856H         PUBLIC        pageCount
  B:0021H.3       PUBLIC        hiWaterOutTemp
  B:0022H.7       PUBLIC        ackFromScreen
  X:0858H         PUBLIC        point
  X:085AH         PUBLIC        SETTINGS_DATE_X
  C:428BH         PUBLIC        _writeOneByteToSlave
  X:085CH         PUBLIC        is_in_temp_page
  C:42A4H         PUBLIC        game_start
  C:2C5CH         PUBLIC        getClockData
  X:085EH         PUBLIC        SETTINGS_DATE_Y
  X:0860H         PUBLIC        adjustedSeconds
  X:0861H         PUBLIC        realTimeClockItems
  X:0862H         PUBLIC        startAddr
  C:42BCH         PUBLIC        systemClockInit
  D:00C9H         PUBLIC        TMR2CF
  C:0070H         PUBLIC        update_wait_time
  D:00C9H         PUBLIC        TMR3CF
  X:0864H         PUBLIC        bytesExtra
  X:0866H         PUBLIC        year
  B:0023H.0       PUBLIC        screenChanged
  C:12F6H         PUBLIC        smbISR
  C:432AH         PUBLIC        enableInterrupts
  X:0867H         PUBLIC        eepromReaddone
BL51 BANKED LINKER/LOCATER V6.22                                                      12/04/2017  13:34:57  PAGE 9


  X:0868H         PUBLIC        hours
  C:24A1H         PUBLIC        enterDateTime
  X:0869H         PUBLIC        slaveWriteDone
  C:40BFH         PUBLIC        motor_page_load
  C:431BH         PUBLIC        add_point
  D:00C8H         PUBLIC        TMR2CN
  C:0003H         PUBLIC        bar_load
  X:086AH         PUBLIC        timeMode
  D:00C8H         PUBLIC        TMR3CN
  B:0021H.0       PUBLIC        lowWaterPressure
  C:3DEAH         PUBLIC        temp_page_load
  X:086BH         PUBLIC        hourIndex
  C:310FH         PUBLIC        set_clock
  C:3C97H         PUBLIC        setClock
  D:0021H         PUBLIC        slaveFlags0
  X:086CH         PUBLIC        day
  D:0020H         PUBLIC        slaveFlags1
  B:0023H.1       PUBLIC        secondsUpdated
  X:086DH         PUBLIC        brightness
  D:008AH         PUBLIC        OSCICN
  C:3B60H         PUBLIC        _smbRead
  C:17F5H         PUBLIC        uart0Interrupt
  X:086FH         PUBLIC        sharedDataRx
  X:08EEH         PUBLIC        adjustedMinutes
  B:0023H.2       PUBLIC        tsCommandTransmitted
  B:00C0H.7       PUBLIC        BUSY
  X:08EFH         PUBLIC        sharedDataTx
  B:0023H.3       PUBLIC        tsRxEmpty
  X:096EH         PUBLIC        adjustedAmPm
  C:4251H         PUBLIC        timer3ISR
  B:0023H.4       PUBLIC        tsTxEmpty
  X:096FH         PUBLIC        adjustedCentury
  C:430CH         PUBLIC        _convertBCDToDecimal
  C:0026H         PUBLIC        _convertDecimalToBCD
  C:42FDH         PUBLIC        _readBytesFromRealTimeClock
  B:0098H.0       PUBLIC        RI0
  X:0970H         PUBLIC        clockSetupMsg
  B:00C8H.7       PUBLIC        TF3
  B:0098H.1       PUBLIC        TI0
  C:434FH         PUBLIC        _changeScreen
  X:0978H         PUBLIC        userID
  X:09B8H         PUBLIC        rtcReadDone
  C:3D83H         PUBLIC        _smbWrite
  B:0020H.6       PUBLIC        slaveRestarted
  B:0023H.5       PUBLIC        minutesUpdated
  X:09B9H         PUBLIC        passcode
  C:3542H         PUBLIC        contrast_setting
  X:09C1H         PUBLIC        eepromRx
  X:0BC1H         PUBLIC        is_in_c
  B:0080H.6       PUBLIC        SDA
  X:0BC3H         PUBLIC        eepromPageTx
  B:0023H.6       PUBLIC        amPmUpdated
  X:0BE3H         PUBLIC        eepromTx
  B:0023H.7       PUBLIC        tsCommandReceived
  D:00CAH         PUBLIC        RCAP2
  B:00C8H.2       PUBLIC        TR3
  X:0DE3H         PUBLIC        adjustedDate
BL51 BANKED LINKER/LOCATER V6.22                                                      12/04/2017  13:34:57  PAGE 10


  C:39FBH         PUBLIC        smbInit
  D:00CAH         PUBLIC        RCAP3
  B:0020H.7       PUBLIC        slaveWatchdogReset
  C:41F1H         PUBLIC        login_disp_1_star
  C:327DH         PUBLIC        scanUserInput
  C:4211H         PUBLIC        login_disp_2_star
  X:0DE4H         PUBLIC        SETTINGS_DATE_BG
  C:407FH         PUBLIC        portInit
  X:0DEBH         PUBLIC        set_time
  C:4231H         PUBLIC        login_disp_3_star
  C:2A08H         PUBLIC        login_disp_4_star
  C:3AB1H         PUBLIC        setClockOnScreen
  D:0099H         PUBLIC        SBUF0
  X:0DEDH         PUBLIC        c
  X:0DEFH         PUBLIC        SETTINGS_DATE_FG
  X:0DF6H         PUBLIC        rtcWriteDone
  B:0080H.7       PUBLIC        SCL
  X:0DF7H         PUBLIC        adjustedMonth
  D:0098H         PUBLIC        SCON0
  B:0021H.4       PUBLIC        hiLaserTemp
  C:2E02H         PUBLIC        moveDateTimeDown
  B:00C0H.5       PUBLIC        STA
  C:368DH         PUBLIC        displayClock
  X:0DF8H         PUBLIC        duration
  X:0DFAH         PUBLIC        tsRxIn
  X:0DFCH         PUBLIC        xyz
  B:0024H.0       PUBLIC        SMB_RW
  B:0024H.1       PUBLIC        dateUpdated
  D:0091H         PUBLIC        SSTA0
  X:0DFEH         PUBLIC        is_locked_out
  C:4337H         PUBLIC        f_to_c
  C:4340H         PUBLIC        c_to_f
  X:0E00H         PUBLIC        adjustedYear
  X:0E01H         PUBLIC        tsTxIn
  X:0E03H         PUBLIC        tsRxOut
  D:00C2H         PUBLIC        SMB0DAT
  X:0E05H         PUBLIC        dayweek
  X:0E09H         PUBLIC        adjustedHours
  C:4270H         PUBLIC        timer3Init
  X:0E0AH         PUBLIC        tsTxOut
  C:41D0H         PUBLIC        _readOneByteFromSlave
  C:42DFH         PUBLIC        checkSlaveFlags
  C:3D19H         PUBLIC        _sendCommand
  X:0E0CH         PUBLIC        _delay
  X:0E0EH         PUBLIC        eepromPageCounter
  B:00F8H.7       PUBLIC        RHW
  X:0E10H         PUBLIC        contrast
  X:0E12H         PUBLIC        numBytesRD
  X:0E14H         PUBLIC        SETTINGS_TIME_FG
  X:0E1BH         PUBLIC        adjustedTimeMode
  X:0E1CH         PUBLIC        monthOfYear
  X:0E36H         PUBLIC        seconds
  C:0039H         PUBLIC        login_attempts
  B:0024H.2       PUBLIC        monthUpdated
  B:0020H.0       PUBLIC        waterPumpErr
  B:00C0H.4       PUBLIC        STO
  X:0E37H         PUBLIC        attempts
BL51 BANKED LINKER/LOCATER V6.22                                                      12/04/2017  13:34:57  PAGE 11


  X:0E39H         PUBLIC        is_in_setting_page
  C:003AH         PUBLIC        locked_page_load
  X:0E3BH         PUBLIC        adjustedDay
  D:00C1H         PUBLIC        SMB0STA
  B:0024H.3       PUBLIC        timeUpdated
  -------         PROC          SYSTEMCLOCKINIT
  -------         DO            
  D:0007H         SYMBOL        SFRPAGE_SAVE
  X:0E87H         SYMBOL        i
  -------         ENDDO         
  C:42BCH         LINE#         160
  C:42BCH         LINE#         161
  C:42BCH         LINE#         162
  C:42BEH         LINE#         163
  C:42C5H         LINE#         165
  C:42C8H         LINE#         167
  C:42CBH         LINE#         169
  C:42CDH         LINE#         170
  -------         ENDPROC       SYSTEMCLOCKINIT
  -------         PROC          PORTINIT
  -------         DO            
  D:0007H         SYMBOL        SFRPAGE_SAVE
  -------         ENDDO         
  C:407FH         LINE#         172
  C:407FH         LINE#         173
  C:407FH         LINE#         174
  C:4081H         LINE#         176
  C:4084H         LINE#         178
  C:4087H         LINE#         179
  C:408AH         LINE#         180
  C:408DH         LINE#         182
  C:4090H         LINE#         184
  C:4093H         LINE#         186
  C:4096H         LINE#         188
  C:4099H         LINE#         190
  C:409CH         LINE#         192
  C:409FH         LINE#         194
  C:40A2H         LINE#         196
  C:40A5H         LINE#         197
  C:40A8H         LINE#         198
  C:40ABH         LINE#         199
  C:40AEH         LINE#         200
  C:40B1H         LINE#         201
  C:40B4H         LINE#         202
  C:40B7H         LINE#         203
  C:40BAH         LINE#         205
  C:40BCH         LINE#         207
  C:40BEH         LINE#         208
  -------         ENDPROC       PORTINIT
  -------         PROC          ENABLEINTERRUPTS
  C:432AH         LINE#         210
  C:432AH         LINE#         211
  C:432AH         LINE#         212
  C:432DH         LINE#         213
  C:4330H         LINE#         214
  C:4333H         LINE#         215
  C:4336H         LINE#         216
BL51 BANKED LINKER/LOCATER V6.22                                                      12/04/2017  13:34:57  PAGE 12


  -------         ENDPROC       ENABLEINTERRUPTS
  -------         PROC          UART0INIT
  -------         DO            
  D:0007H         SYMBOL        SFRPAGE_SAVE
  -------         ENDDO         
  C:415CH         LINE#         218
  C:415CH         LINE#         219
  C:415CH         LINE#         222
  C:415EH         LINE#         224
  C:4161H         LINE#         225
  C:4163H         LINE#         226
  C:4166H         LINE#         227
  C:4169H         LINE#         228
  C:416CH         LINE#         229
  C:4172H         LINE#         230
  C:4175H         LINE#         232
  C:4177H         LINE#         233
  C:417AH         LINE#         234
  C:417DH         LINE#         236
  C:4180H         LINE#         238
  C:4182H         LINE#         239
  -------         ENDPROC       UART0INIT
  -------         PROC          DISABLEWATCHDOG
  C:4348H         LINE#         241
  C:4348H         LINE#         242
  C:4348H         LINE#         243
  C:434BH         LINE#         244
  C:434EH         LINE#         245
  -------         ENDPROC       DISABLEWATCHDOG
  -------         PROC          UART0INTERRUPT
  -------         DO            
  X:0E3CH         SYMBOL        SFRPAGE_SAVE
  D:0012H         SYMBOL        i
  X:0E3DH         SYMBOL        txWaitCounter
  -------         ENDDO         
  C:17F5H         LINE#         247
  C:1802H         LINE#         249
  C:1808H         LINE#         250
  C:180BH         LINE#         251
  C:1813H         LINE#         253
  C:1816H         LINE#         255
  C:181CH         LINE#         256
  C:181CH         LINE#         257
  C:181EH         LINE#         259
  C:1824H         LINE#         261
  C:1835H         LINE#         262
  C:1835H         LINE#         263
  C:183EH         LINE#         264
  C:183EH         LINE#         265
  C:184AH         LINE#         266
  C:1858H         LINE#         267
  C:185BH         LINE#         269
  C:185BH         LINE#         270
  C:1864H         LINE#         271
  C:1864H         LINE#         272
  C:187EH         LINE#         273
  C:187EH         LINE#         274
BL51 BANKED LINKER/LOCATER V6.22                                                      12/04/2017  13:34:57  PAGE 13


  C:1880H         LINE#         275
  C:1882H         LINE#         276
  C:1885H         LINE#         278
  C:1885H         LINE#         279
  C:1887H         LINE#         280
  C:1889H         LINE#         281
  C:1889H         LINE#         282
  C:188CH         LINE#         283
  C:1891H         LINE#         284
  C:1891H         LINE#         285
  C:18A0H         LINE#         286
  C:18A0H         LINE#         287
  C:18B8H         LINE#         288
  C:18BFH         LINE#         293
  C:18D3H         LINE#         294
  C:18D3H         LINE#         295
  C:18E2H         LINE#         296
  C:18E2H         LINE#         297
  C:18FAH         LINE#         298
  C:1901H         LINE#         299
  C:1913H         LINE#         300
  C:1913H         LINE#         301
  C:1913H         LINE#         302
  C:1916H         LINE#         303
  C:192BH         LINE#         304
  C:192BH         LINE#         305
  C:193AH         LINE#         306
  C:193AH         LINE#         307
  C:1952H         LINE#         308
  C:1959H         LINE#         309
  C:196BH         LINE#         310
  C:196BH         LINE#         311
  C:196BH         LINE#         312
  C:196EH         LINE#         313
  C:1981H         LINE#         314
  C:1981H         LINE#         315
  C:1990H         LINE#         316
  C:1990H         LINE#         317
  C:19A8H         LINE#         318
  C:19AFH         LINE#         319
  C:19C1H         LINE#         320
  C:19C1H         LINE#         321
  C:19C1H         LINE#         322
  C:19C4H         LINE#         323
  C:19D7H         LINE#         324
  C:19D7H         LINE#         325
  C:19E6H         LINE#         326
  C:19E6H         LINE#         327
  C:19FEH         LINE#         328
  C:1A05H         LINE#         329
  C:1A17H         LINE#         330
  C:1A17H         LINE#         331
  C:1A17H         LINE#         332
  C:1A1AH         LINE#         333
  C:1A2DH         LINE#         334
  C:1A2DH         LINE#         335
  C:1A3CH         LINE#         336
BL51 BANKED LINKER/LOCATER V6.22                                                      12/04/2017  13:34:57  PAGE 14


  C:1A3CH         LINE#         337
  C:1A54H         LINE#         338
  C:1A5BH         LINE#         339
  C:1A6DH         LINE#         340
  C:1A6DH         LINE#         341
  C:1A6DH         LINE#         342
  C:1A70H         LINE#         343
  C:1A83H         LINE#         344
  C:1A83H         LINE#         345
  C:1A92H         LINE#         346
  C:1A92H         LINE#         347
  C:1AAAH         LINE#         348
  C:1AB1H         LINE#         349
  C:1AC3H         LINE#         350
  C:1AC3H         LINE#         351
  C:1AC3H         LINE#         352
  C:1AC6H         LINE#         353
  C:1AD9H         LINE#         354
  C:1AD9H         LINE#         355
  C:1AE8H         LINE#         356
  C:1AE8H         LINE#         357
  C:1B00H         LINE#         358
  C:1B07H         LINE#         359
  C:1B19H         LINE#         360
  C:1B19H         LINE#         361
  C:1B19H         LINE#         362
  C:1B1CH         LINE#         363
  C:1B2FH         LINE#         364
  C:1B2FH         LINE#         365
  C:1B3EH         LINE#         366
  C:1B3EH         LINE#         367
  C:1B56H         LINE#         368
  C:1B5DH         LINE#         369
  C:1B6FH         LINE#         370
  C:1B6FH         LINE#         371
  C:1B6FH         LINE#         372
  C:1B71H         LINE#         373
  C:1B84H         LINE#         374
  C:1B84H         LINE#         375
  C:1B93H         LINE#         376
  C:1B93H         LINE#         377
  C:1BABH         LINE#         378
  C:1BB2H         LINE#         379
  C:1BC4H         LINE#         380
  C:1BC6H         LINE#         381
  C:1BC8H         LINE#         382
  C:1BCAH         LINE#         384
  C:1BCAH         LINE#         385
  C:1BCCH         LINE#         386
  C:1BCEH         LINE#         387
  C:1BCEH         LINE#         389
  C:1BDFH         LINE#         390
  C:1BDFH         LINE#         391
  C:1BEBH         LINE#         392
  C:1BF2H         LINE#         394
  C:1BF9H         LINE#         395
  C:1BFFH         LINE#         396
BL51 BANKED LINKER/LOCATER V6.22                                                      12/04/2017  13:34:57  PAGE 15


  C:1BFFH         LINE#         397
  C:1C01H         LINE#         399
  C:1C01H         LINE#         400
  C:1C17H         LINE#         401
  C:1C17H         LINE#         402
  C:1C23H         LINE#         403
  C:1C31H         LINE#         404
  C:1C33H         LINE#         405
  C:1C3AH         LINE#         406
  C:1C40H         LINE#         407
  C:1C42H         LINE#         408
  C:1C42H         LINE#         409
  C:1C42H         LINE#         411
  C:1C48H         LINE#         412
  C:1C48H         LINE#         413
  C:1C4AH         LINE#         415
  C:1C50H         LINE#         416
  C:1C50H         LINE#         417
  C:1C63H         LINE#         418
  C:1C71H         LINE#         420
  C:1C87H         LINE#         421
  C:1CA2H         LINE#         422
  C:1CA2H         LINE#         423
  C:1CA4H         LINE#         424
  C:1CA4H         LINE#         426
  C:1CAEH         LINE#         428
  C:1CB7H         LINE#         429
  C:1CB7H         LINE#         430
  C:1CBBH         LINE#         431
  C:1CBBH         LINE#         433
  C:1CCFH         LINE#         434
  C:1CCFH         LINE#         435
  C:1CD1H         LINE#         436
  C:1CD1H         LINE#         437
  C:1CD3H         LINE#         439
  C:1CD3H         LINE#         440
  C:1CD5H         LINE#         441
  C:1CD5H         LINE#         442
  C:1CD5H         LINE#         444
  C:1CDBH         LINE#         445
  -------         ENDPROC       UART0INTERRUPT
  -------         PROC          CHECKSLAVEFLAGS
  C:42DFH         LINE#         468
  C:42DFH         LINE#         469
  C:42DFH         LINE#         470
  C:42E6H         LINE#         471
  C:42EDH         LINE#         472
  -------         ENDPROC       CHECKSLAVEFLAGS
  C:3D13H         SYMBOL        L?0795
  -------         PROC          L?0794
  -------         ENDPROC       L?0794
  C:3D13H         SYMBOL        L?0795
  -------         PROC          _SENDCOMMAND
  D:0001H         SYMBOL        s
  -------         DO            
  X:0F55H         SYMBOL        SFRPAGE_SAVE
  -------         ENDDO         
BL51 BANKED LINKER/LOCATER V6.22                                                      12/04/2017  13:34:57  PAGE 16


  C:3D19H         LINE#         481
  C:3D19H         LINE#         482
  C:3D19H         LINE#         483
  C:3D1FH         LINE#         485
  C:3D24H         LINE#         486
  C:3D24H         LINE#         487
  C:3D3BH         LINE#         488
  C:3D3BH         LINE#         489
  C:3D57H         LINE#         490
  C:3D60H         LINE#         491
  C:3D60H         LINE#         492
  C:3D64H         LINE#         493
  C:3D64H         LINE#         495
  C:3D67H         LINE#         496
  C:3D67H         LINE#         497
  C:3D69H         LINE#         498
  C:3D69H         LINE#         499
  C:3D69H         LINE#         501
  C:3D70H         LINE#         502
  C:3D72H         LINE#         504
  C:3D75H         LINE#         505
  C:3D75H         LINE#         506
  C:3D77H         LINE#         507
  C:3D7AH         LINE#         508
  C:3D7CH         LINE#         509
  C:3D7CH         LINE#         511
  C:3D82H         LINE#         512
  -------         ENDPROC       _SENDCOMMAND
  C:38E3H         SYMBOL        L?0790
  C:3906H         SYMBOL        L?0791
  C:390DH         SYMBOL        L?0792
  C:390EH         SYMBOL        L?0793
  -------         PROC          L?0789
  -------         ENDPROC       L?0789
  C:38E3H         SYMBOL        L?0790
  C:3906H         SYMBOL        L?0791
  C:390DH         SYMBOL        L?0792
  C:390EH         SYMBOL        L?0793
  -------         PROC          _DISPLAYTEXT
  X:0EC7H         SYMBOL        fg
  X:0ECAH         SYMBOL        bg
  X:0ECDH         SYMBOL        size
  X:0ECEH         SYMBOL        message
  X:0ED1H         SYMBOL        x
  X:0ED3H         SYMBOL        y
  -------         DO            
  X:0ED5H         SYMBOL        str
  -------         ENDDO         
  C:3915H         LINE#         520
  C:3920H         LINE#         521
  C:3920H         LINE#         524
  C:3961H         LINE#         525
  C:396AH         LINE#         526
  C:39A1H         LINE#         527
  C:39AAH         LINE#         528
  C:39F2H         LINE#         529
  -------         ENDPROC       _DISPLAYTEXT
BL51 BANKED LINKER/LOCATER V6.22                                                      12/04/2017  13:34:57  PAGE 17


  -------         PROC          _SHOWBITMAP
  D:0006H         SYMBOL        index
  X:0F7DH         SYMBOL        x
  D:0004H         SYMBOL        y
  -------         DO            
  X:0F7FH         SYMBOL        str
  -------         ENDDO         
  C:3FF2H         LINE#         538
  C:3FFEH         LINE#         539
  C:3FFEH         LINE#         542
  C:4032H         LINE#         543
  -------         ENDPROC       _SHOWBITMAP
  -------         PROC          _CHANGESCREEN
  D:0007H         SYMBOL        screenIndex
  C:434FH         LINE#         552
  C:434FH         LINE#         553
  C:434FH         LINE#         554
  -------         ENDPROC       _CHANGESCREEN
  -------         PROC          _CALLMACRO
  D:0006H         SYMBOL        macroNumber
  -------         DO            
  X:0FFFH         SYMBOL        str
  -------         ENDDO         
  C:41AAH         LINE#         563
  C:41AAH         LINE#         564
  C:41AAH         LINE#         567
  C:41C7H         LINE#         568
  -------         ENDPROC       _CALLMACRO
  -------         PROC          SCANUSERINPUT
  -------         DO            
  X:1143H         SYMBOL        i
  -------         ENDDO         
  C:327DH         LINE#         577
  C:327DH         LINE#         578
  C:327DH         LINE#         579
  C:3284H         LINE#         581
  C:328CH         LINE#         582
  C:328CH         LINE#         583
  C:3294H         LINE#         584
  C:3294H         LINE#         585
  C:32A4H         LINE#         586
  C:32A4H         LINE#         587
  C:32A4H         LINE#         588
  C:32A4H         LINE#         589
  C:32A7H         LINE#         590
  C:32A7H         LINE#         591
  C:32A7H         LINE#         592
  C:32AAH         LINE#         593
  C:32AAH         LINE#         594
  C:32AAH         LINE#         595
  C:32ADH         LINE#         596
  C:32ADH         LINE#         598
  C:32ADH         LINE#         599
  C:32ADH         LINE#         601
  C:32ADH         LINE#         602
  C:32ADH         LINE#         604
  C:32ADH         LINE#         605
BL51 BANKED LINKER/LOCATER V6.22                                                      12/04/2017  13:34:57  PAGE 18


  C:32ADH         LINE#         606
  C:32ADH         LINE#         607
  C:32ADH         LINE#         608
  C:32ADH         LINE#         610
  C:32ADH         LINE#         611
  C:32B4H         LINE#         612
  C:32CBH         LINE#         613
  C:32CBH         LINE#         614
  C:32D7H         LINE#         615
  C:32E5H         LINE#         616
  C:32E7H         LINE#         617
  C:32E7H         LINE#         618
  C:32E7H         LINE#         619
  C:32EFH         LINE#         620
  C:32EFH         LINE#         621
  C:32F7H         LINE#         622
  C:32F7H         LINE#         623
  C:3307H         LINE#         624
  C:3307H         LINE#         625
  C:3307H         LINE#         626
  C:3307H         LINE#         627
  C:3309H         LINE#         628
  C:3309H         LINE#         629
  C:3309H         LINE#         630
  C:330BH         LINE#         631
  C:330BH         LINE#         632
  C:330BH         LINE#         633
  C:330DH         LINE#         634
  C:330DH         LINE#         636
  C:330DH         LINE#         637
  C:330DH         LINE#         639
  C:330DH         LINE#         640
  C:330DH         LINE#         642
  C:330DH         LINE#         643
  C:330DH         LINE#         644
  C:330DH         LINE#         645
  C:330DH         LINE#         646
  C:330DH         LINE#         648
  C:330DH         LINE#         649
  C:3314H         LINE#         650
  C:332BH         LINE#         651
  C:332BH         LINE#         652
  C:3337H         LINE#         653
  C:3345H         LINE#         654
  C:3347H         LINE#         655
  C:3347H         LINE#         656
  C:3347H         LINE#         657
  C:334FH         LINE#         658
  C:334FH         LINE#         659
  C:3356H         LINE#         660
  C:3356H         LINE#         661
  C:3363H         LINE#         662
  C:3363H         LINE#         663
  C:3363H         LINE#         664
  C:3365H         LINE#         665
  C:3367H         LINE#         666
  C:3367H         LINE#         667
BL51 BANKED LINKER/LOCATER V6.22                                                      12/04/2017  13:34:57  PAGE 19


  C:3369H         LINE#         668
  C:336BH         LINE#         669
  C:336BH         LINE#         670
  C:3370H         LINE#         671
  C:3372H         LINE#         672
  C:3372H         LINE#         674
  C:3372H         LINE#         676
  C:3372H         LINE#         678
  C:3372H         LINE#         679
  C:3372H         LINE#         680
  C:3372H         LINE#         681
  C:3372H         LINE#         683
  C:3372H         LINE#         684
  C:3379H         LINE#         685
  C:338DH         LINE#         686
  C:338DH         LINE#         687
  C:3399H         LINE#         688
  C:33A7H         LINE#         689
  C:33A9H         LINE#         690
  C:33A9H         LINE#         691
  C:33A9H         LINE#         693
  C:33A9H         LINE#         695
  C:33A9H         LINE#         697
  C:33B0H         LINE#         698
  C:33C4H         LINE#         699
  C:33C4H         LINE#         700
  C:33D0H         LINE#         701
  C:33DEH         LINE#         702
  C:33E0H         LINE#         703
  -------         ENDPROC       SCANUSERINPUT
  -------         PROC          SMBINIT
  -------         DO            
  X:0E87H         SYMBOL        i
  X:0E89H         SYMBOL        pollingCounter
  X:0E8DH         SYMBOL        SFRPAGE_SAVE
  -------         ENDDO         
  C:39FBH         LINE#         711
  C:39FBH         LINE#         712
  C:39FBH         LINE#         714
  C:3A05H         LINE#         715
  C:3A0BH         LINE#         717
  C:3A0EH         LINE#         718
  C:3A25H         LINE#         719
  C:3A25H         LINE#         720
  C:3A27H         LINE#         721
  C:3A47H         LINE#         722
  C:3A49H         LINE#         723
  C:3A60H         LINE#         724
  C:3A86H         LINE#         725
  C:3A86H         LINE#         727
  C:3A89H         LINE#         729
  C:3A8CH         LINE#         731
  C:3A8FH         LINE#         733
  C:3A95H         LINE#         735
  C:3A97H         LINE#         737
  C:3A9CH         LINE#         738
  C:3AA0H         LINE#         739
BL51 BANKED LINKER/LOCATER V6.22                                                      12/04/2017  13:34:57  PAGE 20


  C:3AA4H         LINE#         740
  C:3AA8H         LINE#         741
  C:3AACH         LINE#         742
  C:3AB0H         LINE#         743
  -------         ENDPROC       SMBINIT
  -------         PROC          TIMER3INIT
  -------         DO            
  D:0007H         SYMBOL        SFRPAGE_SAVE
  -------         ENDDO         
  C:4270H         LINE#         751
  C:4270H         LINE#         752
  C:4270H         LINE#         753
  C:4272H         LINE#         755
  C:4275H         LINE#         757
  C:4278H         LINE#         759
  C:427AH         LINE#         761
  C:4280H         LINE#         762
  C:4286H         LINE#         764
  C:4288H         LINE#         766
  C:428AH         LINE#         767
  -------         ENDPROC       TIMER3INIT
  -------         PROC          TIMER3ISR
  -------         DO            
  D:0007H         SYMBOL        SFRPAGE_SAVE
  -------         ENDDO         
  C:4251H         LINE#         775
  C:4258H         LINE#         777
  C:425AH         LINE#         779
  C:425DH         LINE#         780
  C:4260H         LINE#         781
  C:4263H         LINE#         783
  C:4265H         LINE#         784
  C:4267H         LINE#         785
  C:4269H         LINE#         787
  C:426BH         LINE#         788
  -------         ENDPROC       TIMER3ISR
  -------         PROC          _WRITEONEBYTETOSLAVE
  D:0007H         SYMBOL        startAddr
  D:0005H         SYMBOL        content
  C:428BH         LINE#         796
  C:428BH         LINE#         797
  C:428BH         LINE#         798
  C:4297H         LINE#         799
  -------         ENDPROC       _WRITEONEBYTETOSLAVE
  -------         PROC          _READONEBYTEFROMSLAVE
  X:0E87H         SYMBOL        startAddr
  C:41D0H         LINE#         808
  C:41D5H         LINE#         809
  C:41D5H         LINE#         810
  C:41E1H         LINE#         811
  C:41F0H         LINE#         812
  -------         ENDPROC       _READONEBYTEFROMSLAVE
  -------         PROC          _WRITEBYTESTOREALTIMECLOCK
  D:0007H         SYMBOL        startAddr
  D:0006H         SYMBOL        numBytes
  C:42EEH         LINE#         820
  C:42F0H         LINE#         821
BL51 BANKED LINKER/LOCATER V6.22                                                      12/04/2017  13:34:57  PAGE 21


  C:42F0H         LINE#         822
  -------         ENDPROC       _WRITEBYTESTOREALTIMECLOCK
  -------         PROC          _READBYTESFROMREALTIMECLOCK
  D:0007H         SYMBOL        startAddr
  D:0006H         SYMBOL        numBytes
  C:42FDH         LINE#         831
  C:42FFH         LINE#         832
  C:42FFH         LINE#         833
  -------         ENDPROC       _READBYTESFROMREALTIMECLOCK
  -------         PROC          _SMBREAD
  X:0EC9H         SYMBOL        deviceId
  X:0ECAH         SYMBOL        location
  X:0ECCH         SYMBOL        bytes
  -------         DO            
  X:0ECEH         SYMBOL        SFRPAGE_SAVE
  -------         ENDDO         
  C:3B60H         LINE#         842
  C:3B71H         LINE#         843
  C:3B71H         LINE#         844
  C:3B75H         LINE#         846
  C:3B78H         LINE#         848
  C:3B7EH         LINE#         850
  C:3B84H         LINE#         852
  C:3B95H         LINE#         853
  C:3B95H         LINE#         854
  C:3B95H         LINE#         855
  C:3B95H         LINE#         856
  C:3B95H         LINE#         857
  C:3BA3H         LINE#         858
  C:3BA3H         LINE#         859
  C:3BA3H         LINE#         860
  C:3BA3H         LINE#         861
  C:3BA3H         LINE#         863
  C:3BA6H         LINE#         865
  C:3BACH         LINE#         866
  C:3BB4H         LINE#         867
  C:3BC3H         LINE#         868
  C:3BD2H         LINE#         870
  C:3BD4H         LINE#         871
  C:3BD6H         LINE#         872
  C:3BD8H         LINE#         874
  C:3BDEH         LINE#         876
  C:3BE4H         LINE#         878
  C:3BF4H         LINE#         879
  C:3BF4H         LINE#         880
  C:3BF4H         LINE#         881
  C:3BFCH         LINE#         883
  C:3BFCH         LINE#         884
  C:3C04H         LINE#         886
  C:3C04H         LINE#         887
  C:3C0AH         LINE#         888
  C:3C0AH         LINE#         889
  C:3C0AH         LINE#         890
  C:3C0AH         LINE#         891
  C:3C0AH         LINE#         892
  -------         ENDPROC       _SMBREAD
  -------         PROC          _SMBWRITE
BL51 BANKED LINKER/LOCATER V6.22                                                      12/04/2017  13:34:57  PAGE 22


  D:0001H         SYMBOL        deviceId
  D:0004H         SYMBOL        location
  D:0002H         SYMBOL        bytes
  -------         DO            
  X:0ECFH         SYMBOL        i
  X:0ED0H         SYMBOL        pageWrittenDelay
  X:0ED2H         SYMBOL        SFRPAGE_SAVE
  -------         ENDDO         
  C:3D83H         LINE#         900
  C:3D85H         LINE#         901
  C:3D85H         LINE#         902
  C:3D8AH         LINE#         903
  C:3D8EH         LINE#         904
  C:3D92H         LINE#         906
  C:3D95H         LINE#         908
  C:3D9BH         LINE#         909
  C:3DA0H         LINE#         910
  C:3DAAH         LINE#         912
  C:3DB7H         LINE#         913
  C:3DB7H         LINE#         914
  C:3DB7H         LINE#         915
  C:3DB7H         LINE#         916
  C:3DBFH         LINE#         917
  C:3DC1H         LINE#         918
  C:3DC3H         LINE#         919
  C:3DC5H         LINE#         920
  C:3DCDH         LINE#         922
  C:3DCDH         LINE#         923
  C:3DD7H         LINE#         924
  C:3DD9H         LINE#         925
  C:3DDBH         LINE#         926
  C:3DDDH         LINE#         927
  C:3DE3H         LINE#         928
  C:3DE3H         LINE#         929
  C:3DE3H         LINE#         930
  C:3DE3H         LINE#         931
  C:3DE3H         LINE#         933
  C:3DE9H         LINE#         934
  -------         ENDPROC       _SMBWRITE
  -------         PROC          SMBISR
  -------         DO            
  B:0024H.4       SYMBOL        FAIL
  X:0000H         SYMBOL        TxCounter
  X:0002H         SYMBOL        RxCounter
  X:0004H         SYMBOL        slaveCount
  X:0006H         SYMBOL        realTimeClockCount
  X:0008H         SYMBOL        eepromCount
  X:000AH         SYMBOL        eepromAddrDone
  -------         ENDDO         
  C:12F6H         LINE#         945
  C:1303H         LINE#         947
  C:1305H         LINE#         955
  C:1344H         LINE#         956
  C:1344H         LINE#         960
  C:1344H         LINE#         965
  C:1344H         LINE#         966
  C:134AH         LINE#         967
BL51 BANKED LINKER/LOCATER V6.22                                                      12/04/2017  13:34:57  PAGE 23


  C:134DH         LINE#         968
  C:1353H         LINE#         969
  C:1355H         LINE#         971
  C:135CH         LINE#         972
  C:1362H         LINE#         973
  C:1366H         LINE#         975
  C:1369H         LINE#         981
  C:1369H         LINE#         982
  C:1371H         LINE#         983
  C:1371H         LINE#         984
  C:137EH         LINE#         985
  C:137EH         LINE#         986
  C:1380H         LINE#         987
  C:1382H         LINE#         988
  C:1385H         LINE#         990
  C:1385H         LINE#         991
  C:1387H         LINE#         992
  C:138CH         LINE#         993
  C:138CH         LINE#         994
  C:138FH         LINE#         995
  C:1397H         LINE#         996
  C:1397H         LINE#         997
  C:139EH         LINE#         998
  C:13A3H         LINE#         999
  C:13A6H         LINE#         1000
  C:13A6H         LINE#         1001
  C:13A6H         LINE#         1006
  C:13A6H         LINE#         1007
  C:13AEH         LINE#         1008
  C:13AEH         LINE#         1009
  C:13BDH         LINE#         1010
  C:13BDH         LINE#         1011
  C:13C9H         LINE#         1012
  C:13CBH         LINE#         1013
  C:13CEH         LINE#         1015
  C:13CEH         LINE#         1016
  C:13D5H         LINE#         1017
  C:13D8H         LINE#         1018
  C:13D8H         LINE#         1019
  C:13D8H         LINE#         1020
  C:13D8H         LINE#         1021
  C:13D8H         LINE#         1022
  C:13DAH         LINE#         1023
  C:13DEH         LINE#         1024
  C:13DEH         LINE#         1025
  C:13EDH         LINE#         1026
  C:13EDH         LINE#         1027
  C:13F9H         LINE#         1028
  C:13FBH         LINE#         1029
  C:13FEH         LINE#         1031
  C:13FEH         LINE#         1032
  C:1405H         LINE#         1033
  C:1408H         LINE#         1034
  C:1408H         LINE#         1035
  C:1408H         LINE#         1036
  C:1408H         LINE#         1037
  C:1408H         LINE#         1038
BL51 BANKED LINKER/LOCATER V6.22                                                      12/04/2017  13:34:57  PAGE 24


  C:140AH         LINE#         1039
  C:1415H         LINE#         1040
  C:1415H         LINE#         1041
  C:1424H         LINE#         1042
  C:1424H         LINE#         1043
  C:1430H         LINE#         1044
  C:1432H         LINE#         1045
  C:1435H         LINE#         1047
  C:1435H         LINE#         1048
  C:143CH         LINE#         1049
  C:1440H         LINE#         1050
  C:1440H         LINE#         1051
  C:1440H         LINE#         1052
  C:1440H         LINE#         1053
  C:1440H         LINE#         1054
  C:1443H         LINE#         1056
  C:1443H         LINE#         1058
  C:1443H         LINE#         1064
  C:1443H         LINE#         1065
  C:144CH         LINE#         1066
  C:144CH         LINE#         1067
  C:1462H         LINE#         1068
  C:1462H         LINE#         1069
  C:147BH         LINE#         1070
  C:1489H         LINE#         1071
  C:148CH         LINE#         1073
  C:148CH         LINE#         1074
  C:148EH         LINE#         1075
  C:1490H         LINE#         1076
  C:1493H         LINE#         1077
  C:1493H         LINE#         1078
  C:1496H         LINE#         1079
  C:149EH         LINE#         1080
  C:149EH         LINE#         1081
  C:14B4H         LINE#         1082
  C:14B4H         LINE#         1083
  C:14CDH         LINE#         1084
  C:14DBH         LINE#         1085
  C:14DEH         LINE#         1087
  C:14DEH         LINE#         1088
  C:14E0H         LINE#         1089
  C:14E2H         LINE#         1090
  C:14E5H         LINE#         1091
  C:14E5H         LINE#         1092
  C:14E5H         LINE#         1093
  C:14E8H         LINE#         1098
  C:14E8H         LINE#         1099
  C:14F0H         LINE#         1100
  C:14F0H         LINE#         1101
  C:14FFH         LINE#         1102
  C:14FFH         LINE#         1103
  C:150BH         LINE#         1104
  C:150DH         LINE#         1105
  C:1510H         LINE#         1107
  C:1510H         LINE#         1108
  C:1516H         LINE#         1109
  C:1516H         LINE#         1110
BL51 BANKED LINKER/LOCATER V6.22                                                      12/04/2017  13:34:57  PAGE 25


  C:1516H         LINE#         1111
  C:1516H         LINE#         1112
  C:1516H         LINE#         1113
  C:1519H         LINE#         1114
  C:151DH         LINE#         1115
  C:151DH         LINE#         1116
  C:152CH         LINE#         1117
  C:152CH         LINE#         1118
  C:1538H         LINE#         1119
  C:153AH         LINE#         1120
  C:153DH         LINE#         1122
  C:153DH         LINE#         1123
  C:1543H         LINE#         1124
  C:1543H         LINE#         1125
  C:1543H         LINE#         1126
  C:1543H         LINE#         1127
  C:1543H         LINE#         1128
  C:1546H         LINE#         1129
  C:1551H         LINE#         1130
  C:1551H         LINE#         1131
  C:1560H         LINE#         1132
  C:1560H         LINE#         1133
  C:156CH         LINE#         1134
  C:156EH         LINE#         1135
  C:1571H         LINE#         1137
  C:1571H         LINE#         1138
  C:1577H         LINE#         1139
  C:1577H         LINE#         1140
  C:1577H         LINE#         1141
  C:1577H         LINE#         1142
  C:1577H         LINE#         1143
  C:157AH         LINE#         1145
  C:157AH         LINE#         1146
  C:157AH         LINE#         1153
  C:157AH         LINE#         1154
  C:1586H         LINE#         1155
  C:1586H         LINE#         1156
  C:1588H         LINE#         1158
  C:158BH         LINE#         1160
  C:158BH         LINE#         1161
  C:158DH         LINE#         1163
  C:158DH         LINE#         1164
  C:1590H         LINE#         1169
  C:1590H         LINE#         1170
  C:1598H         LINE#         1171
  C:1598H         LINE#         1172
  C:15A7H         LINE#         1173
  C:15A7H         LINE#         1174
  C:15B3H         LINE#         1175
  C:15B5H         LINE#         1176
  C:15B8H         LINE#         1178
  C:15B8H         LINE#         1179
  C:15BEH         LINE#         1180
  C:15BEH         LINE#         1181
  C:15BEH         LINE#         1182
  C:15BEH         LINE#         1183
  C:15BEH         LINE#         1184
BL51 BANKED LINKER/LOCATER V6.22                                                      12/04/2017  13:34:57  PAGE 26


  C:15C0H         LINE#         1185
  C:15C4H         LINE#         1186
  C:15C4H         LINE#         1187
  C:15D3H         LINE#         1188
  C:15D3H         LINE#         1189
  C:15DFH         LINE#         1190
  C:15E1H         LINE#         1191
  C:15E4H         LINE#         1193
  C:15E4H         LINE#         1194
  C:15EAH         LINE#         1195
  C:15EAH         LINE#         1196
  C:15EAH         LINE#         1197
  C:15EAH         LINE#         1198
  C:15EAH         LINE#         1199
  C:15ECH         LINE#         1200
  C:15F7H         LINE#         1201
  C:15F7H         LINE#         1202
  C:1606H         LINE#         1203
  C:1606H         LINE#         1204
  C:1612H         LINE#         1205
  C:1614H         LINE#         1206
  C:1617H         LINE#         1208
  C:1617H         LINE#         1209
  C:161EH         LINE#         1210
  C:1620H         LINE#         1211
  C:1622H         LINE#         1212
  C:1624H         LINE#         1213
  C:1624H         LINE#         1214
  C:1627H         LINE#         1216
  C:1627H         LINE#         1217
  C:1627H         LINE#         1223
  C:1627H         LINE#         1225
  C:1630H         LINE#         1226
  C:1630H         LINE#         1227
  C:1646H         LINE#         1228
  C:1646H         LINE#         1229
  C:165FH         LINE#         1230
  C:1661H         LINE#         1231
  C:166FH         LINE#         1232
  C:1674H         LINE#         1233
  C:1677H         LINE#         1235
  C:1677H         LINE#         1236
  C:1679H         LINE#         1237
  C:167CH         LINE#         1238
  C:167CH         LINE#         1239
  C:167FH         LINE#         1240
  C:1684H         LINE#         1241
  C:1684H         LINE#         1242
  C:169AH         LINE#         1243
  C:169AH         LINE#         1244
  C:16B3H         LINE#         1245
  C:16B8H         LINE#         1247
  C:16BAH         LINE#         1248
  C:16C8H         LINE#         1249
  C:16CBH         LINE#         1251
  C:16CBH         LINE#         1252
  C:16D1H         LINE#         1253
BL51 BANKED LINKER/LOCATER V6.22                                                      12/04/2017  13:34:57  PAGE 27


  C:16D3H         LINE#         1254
  C:16D3H         LINE#         1255
  C:16D6H         LINE#         1256
  C:16DEH         LINE#         1257
  C:16DEH         LINE#         1258
  C:16F4H         LINE#         1259
  C:16F4H         LINE#         1260
  C:1706H         LINE#         1261
  C:1708H         LINE#         1262
  C:1716H         LINE#         1263
  C:171BH         LINE#         1264
  C:171EH         LINE#         1266
  C:171EH         LINE#         1267
  C:1720H         LINE#         1268
  C:1723H         LINE#         1269
  C:1723H         LINE#         1270
  C:1723H         LINE#         1271
  C:1726H         LINE#         1277
  C:1726H         LINE#         1278
  C:172EH         LINE#         1279
  C:172EH         LINE#         1280
  C:174FH         LINE#         1281
  C:1751H         LINE#         1282
  C:1753H         LINE#         1283
  C:1755H         LINE#         1284
  C:1758H         LINE#         1285
  C:175AH         LINE#         1286
  C:175EH         LINE#         1287
  C:175EH         LINE#         1288
  C:177FH         LINE#         1289
  C:1785H         LINE#         1291
  C:1787H         LINE#         1292
  C:1789H         LINE#         1293
  C:178BH         LINE#         1294
  C:178DH         LINE#         1295
  C:1794H         LINE#         1296
  C:1794H         LINE#         1297
  C:17A7H         LINE#         1298
  C:17A9H         LINE#         1299
  C:17ABH         LINE#         1300
  C:17ADH         LINE#         1301
  C:17B3H         LINE#         1302
  C:17B3H         LINE#         1303
  C:17B5H         LINE#         1308
  C:17B5H         LINE#         1309
  C:17B7H         LINE#         1311
  C:17B9H         LINE#         1316
  C:17B9H         LINE#         1317
  C:17BBH         LINE#         1318
  C:17BBH         LINE#         1319
  C:17BBH         LINE#         1323
  C:17BEH         LINE#         1324
  C:17BEH         LINE#         1325
  C:17C1H         LINE#         1326
  C:17C4H         LINE#         1327
  C:17C6H         LINE#         1328
  C:17C8H         LINE#         1329
BL51 BANKED LINKER/LOCATER V6.22                                                      12/04/2017  13:34:57  PAGE 28


  C:17CAH         LINE#         1331
  C:17CCH         LINE#         1333
  C:17CEH         LINE#         1335
  C:17D4H         LINE#         1336
  C:17D8H         LINE#         1337
  C:17DCH         LINE#         1338
  C:17E0H         LINE#         1339
  C:17E4H         LINE#         1340
  C:17E8H         LINE#         1341
  C:17E8H         LINE#         1343
  C:17EAH         LINE#         1344
  -------         ENDPROC       SMBISR
  -------         PROC          SETCLOCKCONTROL
  C:42CEH         LINE#         1353
  C:42CEH         LINE#         1354
  C:42CEH         LINE#         1355
  C:42D4H         LINE#         1356
  C:42D8H         LINE#         1357
  -------         ENDPROC       SETCLOCKCONTROL
  -------         PROC          SETCLOCK
  -------         DO            
  D:0007H         SYMBOL        hoursAux
  -------         ENDDO         
  C:3C97H         LINE#         1366
  C:3C97H         LINE#         1367
  C:3C97H         LINE#         1370
  C:3CA4H         LINE#         1371
  C:3CB1H         LINE#         1372
  C:3CBEH         LINE#         1373
  C:3CCBH         LINE#         1374
  C:3CD8H         LINE#         1375
  C:3CE5H         LINE#         1377
  C:3CEDH         LINE#         1379
  C:3CF1H         LINE#         1381
  C:3CF9H         LINE#         1382
  C:3CF9H         LINE#         1383
  C:3CFDH         LINE#         1384
  C:3CFFH         LINE#         1385
  C:3D03H         LINE#         1386
  C:3D03H         LINE#         1387
  C:3D07H         LINE#         1388
  C:3D07H         LINE#         1390
  C:3D0CH         LINE#         1392
  -------         ENDPROC       SETCLOCK
  -------         PROC          GETCLOCKDATA
  -------         DO            
  X:000BH         SYMBOL        previousMonth
  X:000CH         SYMBOL        previousDate
  X:000DH         SYMBOL        previousYear
  X:000EH         SYMBOL        previousHours
  X:000FH         SYMBOL        previousMinutes
  X:0010H         SYMBOL        previousSeconds
  X:0EC7H         SYMBOL        currentIndex
  D:0007H         SYMBOL        tempHours
  -------         ENDDO         
  C:2C5CH         LINE#         1403
  C:2C5CH         LINE#         1404
BL51 BANKED LINKER/LOCATER V6.22                                                      12/04/2017  13:34:57  PAGE 29


  C:2C5CH         LINE#         1412
  C:2C63H         LINE#         1415
  C:2C69H         LINE#         1417
  C:2C76H         LINE#         1418
  C:2C83H         LINE#         1420
  C:2C88H         LINE#         1422
  C:2C8BH         LINE#         1423
  C:2C8BH         LINE#         1424
  C:2C91H         LINE#         1426
  C:2C98H         LINE#         1427
  C:2C98H         LINE#         1428
  C:2C9BH         LINE#         1429
  C:2C9DH         LINE#         1431
  C:2C9DH         LINE#         1432
  C:2CA0H         LINE#         1433
  C:2CA0H         LINE#         1434
  C:2CA2H         LINE#         1436
  C:2CA2H         LINE#         1437
  C:2CA7H         LINE#         1438
  C:2CA7H         LINE#         1440
  C:2CB3H         LINE#         1442
  C:2CB6H         LINE#         1443
  C:2CB6H         LINE#         1444
  C:2CBDH         LINE#         1445
  C:2CBDH         LINE#         1446
  C:2CBEH         LINE#         1447
  C:2CC0H         LINE#         1449
  C:2CC0H         LINE#         1450
  C:2CC4H         LINE#         1451
  C:2CC4H         LINE#         1452
  C:2CC6H         LINE#         1454
  C:2CC6H         LINE#         1455
  C:2CD0H         LINE#         1456
  C:2CD0H         LINE#         1457
  C:2CD3H         LINE#         1458
  C:2CD5H         LINE#         1460
  C:2CD5H         LINE#         1461
  C:2CDAH         LINE#         1462
  C:2CDAH         LINE#         1463
  C:2CDAH         LINE#         1465
  C:2CE7H         LINE#         1466
  C:2CF4H         LINE#         1467
  C:2D01H         LINE#         1468
  C:2D0EH         LINE#         1470
  C:2D32H         LINE#         1471
  C:2D32H         LINE#         1472
  C:2D34H         LINE#         1473
  C:2D34H         LINE#         1474
  C:2D59H         LINE#         1475
  C:2D59H         LINE#         1476
  C:2D5BH         LINE#         1477
  C:2D5BH         LINE#         1479
  C:2D63H         LINE#         1480
  C:2D63H         LINE#         1481
  C:2D80H         LINE#         1482
  C:2D82H         LINE#         1483
  C:2D86H         LINE#         1484
BL51 BANKED LINKER/LOCATER V6.22                                                      12/04/2017  13:34:57  PAGE 30


  C:2D86H         LINE#         1485
  C:2D8DH         LINE#         1486
  C:2D8DH         LINE#         1487
  C:2D8FH         LINE#         1488
  C:2D8FH         LINE#         1490
  C:2DAAH         LINE#         1491
  C:2DAAH         LINE#         1493
  C:2DAAH         LINE#         1495
  C:2DC1H         LINE#         1496
  C:2DD1H         LINE#         1498
  C:2DD9H         LINE#         1499
  C:2DE1H         LINE#         1500
  C:2DE9H         LINE#         1501
  C:2DF1H         LINE#         1502
  C:2DF9H         LINE#         1503
  C:2E01H         LINE#         1504
  -------         ENDPROC       GETCLOCKDATA
  -------         PROC          MOVEDATETIMEUP
  -------         DO            
  X:107FH         SYMBOL        str
  -------         ENDDO         
  C:2F90H         LINE#         1512
  C:2F90H         LINE#         1513
  C:2F90H         LINE#         1516
  C:2F96H         LINE#         1517
  C:2F96H         LINE#         1518
  C:2F9CH         LINE#         1519
  C:2F9EH         LINE#         1521
  C:2FA4H         LINE#         1522
  C:2FA4H         LINE#         1523
  C:2FA7H         LINE#         1524
  C:2FA7H         LINE#         1526
  C:2FD6H         LINE#         1527
  C:2FD6H         LINE#         1528
  C:2FD9H         LINE#         1529
  C:2FE1H         LINE#         1530
  C:2FE1H         LINE#         1531
  C:2FE7H         LINE#         1532
  C:2FE9H         LINE#         1534
  C:2FEFH         LINE#         1535
  C:2FEFH         LINE#         1536
  C:2FF2H         LINE#         1537
  C:2FF2H         LINE#         1539
  C:3007H         LINE#         1540
  C:3007H         LINE#         1541
  C:300AH         LINE#         1542
  C:3012H         LINE#         1543
  C:3012H         LINE#         1544
  C:3018H         LINE#         1545
  C:301AH         LINE#         1547
  C:3020H         LINE#         1548
  C:3020H         LINE#         1549
  C:3023H         LINE#         1550
  C:3023H         LINE#         1552
  C:3038H         LINE#         1553
  C:3038H         LINE#         1554
  C:303BH         LINE#         1555
BL51 BANKED LINKER/LOCATER V6.22                                                      12/04/2017  13:34:57  PAGE 31


  C:3043H         LINE#         1556
  C:3043H         LINE#         1557
  C:3049H         LINE#         1558
  C:304BH         LINE#         1560
  C:3051H         LINE#         1561
  C:3051H         LINE#         1562
  C:3054H         LINE#         1563
  C:3054H         LINE#         1565
  C:3069H         LINE#         1566
  C:3069H         LINE#         1567
  C:306BH         LINE#         1568
  C:3073H         LINE#         1569
  C:3073H         LINE#         1570
  C:3079H         LINE#         1571
  C:307BH         LINE#         1573
  C:3081H         LINE#         1574
  C:3081H         LINE#         1575
  C:3083H         LINE#         1576
  C:3083H         LINE#         1578
  C:3098H         LINE#         1579
  C:3098H         LINE#         1580
  C:309AH         LINE#         1581
  C:30A2H         LINE#         1582
  C:30A2H         LINE#         1583
  C:30AAH         LINE#         1584
  C:30AAH         LINE#         1585
  C:30ADH         LINE#         1586
  C:30AFH         LINE#         1587
  C:30B3H         LINE#         1588
  C:30B3H         LINE#         1589
  C:30B9H         LINE#         1590
  C:30B9H         LINE#         1592
  C:30B9H         LINE#         1594
  C:30BBH         LINE#         1596
  C:30DAH         LINE#         1597
  C:310EH         LINE#         1598
  C:310EH         LINE#         1600
  C:310EH         LINE#         1601
  -------         ENDPROC       MOVEDATETIMEUP
  -------         PROC          MOVEDATETIMEDOWN
  -------         DO            
  X:10BFH         SYMBOL        str
  -------         ENDDO         
  C:2E02H         LINE#         1609
  C:2E02H         LINE#         1610
  C:2E02H         LINE#         1613
  C:2E08H         LINE#         1614
  C:2E08H         LINE#         1615
  C:2E0EH         LINE#         1616
  C:2E10H         LINE#         1618
  C:2E16H         LINE#         1619
  C:2E16H         LINE#         1620
  C:2E19H         LINE#         1621
  C:2E19H         LINE#         1622
  C:2E48H         LINE#         1623
  C:2E48H         LINE#         1624
  C:2E4BH         LINE#         1625
BL51 BANKED LINKER/LOCATER V6.22                                                      12/04/2017  13:34:57  PAGE 32


  C:2E53H         LINE#         1626
  C:2E53H         LINE#         1627
  C:2E59H         LINE#         1628
  C:2E5BH         LINE#         1630
  C:2E61H         LINE#         1631
  C:2E61H         LINE#         1632
  C:2E64H         LINE#         1633
  C:2E64H         LINE#         1635
  C:2E79H         LINE#         1636
  C:2E79H         LINE#         1637
  C:2E7CH         LINE#         1638
  C:2E84H         LINE#         1639
  C:2E84H         LINE#         1640
  C:2E8DH         LINE#         1641
  C:2E8DH         LINE#         1642
  C:2E90H         LINE#         1643
  C:2E92H         LINE#         1645
  C:2E92H         LINE#         1646
  C:2E97H         LINE#         1647
  C:2E97H         LINE#         1649
  C:2E99H         LINE#         1651
  C:2EAEH         LINE#         1652
  C:2EAEH         LINE#         1653
  C:2EB1H         LINE#         1654
  C:2EB9H         LINE#         1655
  C:2EB9H         LINE#         1656
  C:2EC2H         LINE#         1657
  C:2EC2H         LINE#         1658
  C:2EC5H         LINE#         1659
  C:2EC7H         LINE#         1661
  C:2EC7H         LINE#         1662
  C:2ECDH         LINE#         1663
  C:2ECDH         LINE#         1665
  C:2ECFH         LINE#         1667
  C:2EE4H         LINE#         1668
  C:2EE4H         LINE#         1669
  C:2EE6H         LINE#         1670
  C:2EEEH         LINE#         1671
  C:2EEEH         LINE#         1672
  C:2EF7H         LINE#         1673
  C:2EF7H         LINE#         1674
  C:2EFAH         LINE#         1675
  C:2EFCH         LINE#         1677
  C:2EFCH         LINE#         1678
  C:2F02H         LINE#         1679
  C:2F02H         LINE#         1681
  C:2F04H         LINE#         1683
  C:2F19H         LINE#         1684
  C:2F19H         LINE#         1685
  C:2F1BH         LINE#         1686
  C:2F23H         LINE#         1687
  C:2F23H         LINE#         1688
  C:2F2BH         LINE#         1689
  C:2F2BH         LINE#         1690
  C:2F2EH         LINE#         1691
  C:2F30H         LINE#         1692
  C:2F34H         LINE#         1693
BL51 BANKED LINKER/LOCATER V6.22                                                      12/04/2017  13:34:57  PAGE 33


  C:2F34H         LINE#         1694
  C:2F3AH         LINE#         1695
  C:2F3AH         LINE#         1697
  C:2F3AH         LINE#         1699
  C:2F3CH         LINE#         1701
  C:2F5BH         LINE#         1702
  C:2F8FH         LINE#         1703
  C:2F8FH         LINE#         1705
  C:2F8FH         LINE#         1706
  -------         ENDPROC       MOVEDATETIMEDOWN
  -------         PROC          ENTERDATETIME
  -------         DO            
  X:10FFH         SYMBOL        str
  -------         ENDDO         
  C:24A1H         LINE#         1714
  C:24A1H         LINE#         1715
  C:24A1H         LINE#         1718
  C:24A7H         LINE#         1720
  C:24AAH         LINE#         1721
  C:24AAH         LINE#         1722
  C:24AAH         LINE#         1723
  C:24AAH         LINE#         1724
  C:24AAH         LINE#         1725
  C:24AAH         LINE#         1726
  C:24ADH         LINE#         1727
  C:24B5H         LINE#         1728
  C:24B5H         LINE#         1729
  C:24B7H         LINE#         1730
  C:24EBH         LINE#         1731
  C:24FCH         LINE#         1732
  C:24FCH         LINE#         1733
  C:24FFH         LINE#         1734
  C:2507H         LINE#         1735
  C:2507H         LINE#         1736
  C:2509H         LINE#         1737
  C:253DH         LINE#         1738
  C:254EH         LINE#         1739
  C:254EH         LINE#         1740
  C:2551H         LINE#         1741
  C:2559H         LINE#         1742
  C:2559H         LINE#         1743
  C:255BH         LINE#         1744
  C:258FH         LINE#         1745
  C:25A0H         LINE#         1746
  C:25A0H         LINE#         1747
  C:25A3H         LINE#         1748
  C:25ABH         LINE#         1749
  C:25ABH         LINE#         1750
  C:25ADH         LINE#         1751
  C:25AFH         LINE#         1752
  C:25E3H         LINE#         1753
  C:25F4H         LINE#         1754
  C:25F4H         LINE#         1755
  C:25F6H         LINE#         1756
  C:25FEH         LINE#         1757
  C:25FEH         LINE#         1758
  C:2600H         LINE#         1759
BL51 BANKED LINKER/LOCATER V6.22                                                      12/04/2017  13:34:57  PAGE 34


  C:2634H         LINE#         1760
  C:2649H         LINE#         1761
  C:2649H         LINE#         1762
  C:264CH         LINE#         1763
  C:2654H         LINE#         1764
  C:2654H         LINE#         1765
  C:2656H         LINE#         1766
  C:268AH         LINE#         1767
  C:26A7H         LINE#         1768
  C:26AAH         LINE#         1769
  C:26B5H         LINE#         1770
  C:26B5H         LINE#         1771
  C:26B6H         LINE#         1772
  C:26B8H         LINE#         1773
  C:26ECH         LINE#         1774
  C:2725H         LINE#         1775
  C:2759H         LINE#         1776
  C:2759H         LINE#         1778
  C:2759H         LINE#         1779
  -------         ENDPROC       ENTERDATETIME
  -------         PROC          SETCLOCKONSCREEN
  -------         DO            
  D:0007H         SYMBOL        hoursAux
  -------         ENDDO         
  C:3AB1H         LINE#         1787
  C:3AB1H         LINE#         1788
  C:3AB1H         LINE#         1791
  C:3AB4H         LINE#         1792
  C:3AB4H         LINE#         1793
  C:3AC1H         LINE#         1794
  C:3AC8H         LINE#         1795
  C:3ACAH         LINE#         1796
  C:3ACAH         LINE#         1798
  C:3ACDH         LINE#         1799
  C:3ACDH         LINE#         1800
  C:3ADAH         LINE#         1801
  C:3AE1H         LINE#         1802
  C:3AE3H         LINE#         1803
  C:3AE3H         LINE#         1805
  C:3AE6H         LINE#         1806
  C:3AE6H         LINE#         1807
  C:3AF3H         LINE#         1808
  C:3AFAH         LINE#         1809
  C:3AFCH         LINE#         1810
  C:3AFCH         LINE#         1812
  C:3B02H         LINE#         1813
  C:3B02H         LINE#         1814
  C:3B0AH         LINE#         1816
[...]
  C:2031H         LINE#         2456
  C:203DH         LINE#         2457
  C:203DH         LINE#         2458
  C:204EH         LINE#         2459
  C:2050H         LINE#         2460
  C:2055H         LINE#         2461
  C:2055H         LINE#         2462
  C:2071H         LINE#         2463
  C:2071H         LINE#         2464
  C:2073H         LINE#         2465
  C:2078H         LINE#         2466
  C:2078H         LINE#         2467
  C:208FH         LINE#         2468
  C:208FH         LINE#         2469
  C:2091H         LINE#         2470
  C:2096H         LINE#         2471
  C:2096H         LINE#         2472
  C:20B1H         LINE#         2473
  C:20B1H         LINE#         2474
  C:20B3H         LINE#         2475
  C:20B8H         LINE#         2476
  C:20B8H         LINE#         2477
  C:20D4H         LINE#         2478
  C:20D4H         LINE#         2479
  C:20D6H         LINE#         2480
  C:20DBH         LINE#         2481
  C:20DBH         LINE#         2482
  C:20F8H         LINE#         2483
  C:20F8H         LINE#         2484
  C:20FAH         LINE#         2485
  C:20FFH         LINE#         2486
  C:20FFH         LINE#         2487
  C:2114H         LINE#         2488
  C:2114H         LINE#         2489
  C:2116H         LINE#         2490
  C:211BH         LINE#         2491
  C:211BH         LINE#         2492
  C:2131H         LINE#         2493
  C:2131H         LINE#         2494
  C:2133H         LINE#         2495
  C:2138H         LINE#         2496
  C:2138H         LINE#         2497
  C:213BH         LINE#         2498
  -------         ENDPROC       GET_FUNCTION_CODE
  -------         PROC          LOGIN_PAGE_LOAD
  -------         DO            
  X:0E87H         SYMBOL        str
  -------         ENDDO         
BL51 BANKED LINKER/LOCATER V6.22                                                      12/04/2017  13:34:57  PAGE 44


  C:3EB1H         LINE#         2503
  C:3EB1H         LINE#         2505
  C:3EC8H         LINE#         2506
  C:3ED0H         LINE#         2507
  C:3ED4H         LINE#         2508
  C:3ED8H         LINE#         2509
  C:3EDCH         LINE#         2510
  C:3EE3H         LINE#         2511
  C:3EE9H         LINE#         2512
  C:3F00H         LINE#         2513
  -------         ENDPROC       LOGIN_PAGE_LOAD
  -------         PROC          LOGIN_ATTEMPTS
  C:0039H         LINE#         2517
  C:0039H         LINE#         2519
  -------         ENDPROC       LOGIN_ATTEMPTS
  -------         PROC          LOGIN_CLEAR_STARS
  -------         DO            
  X:0E87H         SYMBOL        str
  -------         ENDDO         
  C:3E50H         LINE#         2522
  C:3E50H         LINE#         2524
  C:3E59H         LINE#         2525
  C:3E70H         LINE#         2526
  C:3E78H         LINE#         2527
  C:3E7CH         LINE#         2528
  C:3E80H         LINE#         2529
  C:3E84H         LINE#         2530
  C:3E8BH         LINE#         2531
  C:3E91H         LINE#         2532
  C:3EA8H         LINE#         2533
  -------         ENDPROC       LOGIN_CLEAR_STARS
  -------         PROC          LOGIN_DISP_1_STAR
  -------         DO            
  X:0E87H         SYMBOL        str
  -------         ENDDO         
  C:41F1H         LINE#         2537
  C:41F1H         LINE#         2539
  C:4208H         LINE#         2540
  -------         ENDPROC       LOGIN_DISP_1_STAR
  -------         PROC          LOGIN_DISP_2_STAR
  -------         DO            
  X:0E87H         SYMBOL        str
  -------         ENDDO         
  C:4211H         LINE#         2544
  C:4211H         LINE#         2546
  C:4228H         LINE#         2547
  -------         ENDPROC       LOGIN_DISP_2_STAR
  -------         PROC          LOGIN_DISP_3_STAR
  -------         DO            
  X:0E87H         SYMBOL        str
  -------         ENDDO         
  C:4231H         LINE#         2551
  C:4231H         LINE#         2553
  C:4248H         LINE#         2554
  -------         ENDPROC       LOGIN_DISP_3_STAR
  -------         PROC          LOGIN_DISP_4_STAR
  -------         DO            
BL51 BANKED LINKER/LOCATER V6.22                                                      12/04/2017  13:34:57  PAGE 45


  X:0E87H         SYMBOL        str
  -------         ENDDO         
  C:2A08H         LINE#         2558
  C:2A08H         LINE#         2560
  C:2A1FH         LINE#         2561
  C:2A22H         LINE#         2562
  C:2A5CH         LINE#         2563
  C:2A5CH         LINE#         2564
  C:2A69H         LINE#         2565
  C:2A69H         LINE#         2566
  C:2A69H         LINE#         2567
  C:2A69H         LINE#         2568
  C:2A69H         LINE#         2569
  C:2A69H         LINE#         2570
  C:2A6CH         LINE#         2571
  C:2AA6H         LINE#         2572
  C:2AA6H         LINE#         2573
  C:2AB3H         LINE#         2574
  C:2AB3H         LINE#         2575
  C:2AB3H         LINE#         2576
  C:2AB3H         LINE#         2577
  C:2AB3H         LINE#         2578
  C:2AB3H         LINE#         2579
  C:2AB6H         LINE#         2580
  C:2AF0H         LINE#         2581
  C:2AF0H         LINE#         2582
  C:2AFDH         LINE#         2583
  C:2AFDH         LINE#         2584
  C:2AFDH         LINE#         2585
  C:2AFDH         LINE#         2586
  C:2AFDH         LINE#         2587
  C:2AFDH         LINE#         2588
  C:2AFFH         LINE#         2589
  C:2B41H         LINE#         2590
  C:2B41H         LINE#         2591
  C:2B58H         LINE#         2592
  C:2B7BH         LINE#         2593
  C:2B7EH         LINE#         2594
  C:2B93H         LINE#         2595
  C:2B96H         LINE#         2596
  C:2B9EH         LINE#         2597
  C:2B9FH         LINE#         2599
  C:2B9FH         LINE#         2600
  C:2BB6H         LINE#         2601
  C:2BB9H         LINE#         2602
  C:2BCEH         LINE#         2603
  C:2BD1H         LINE#         2604
  C:2BE6H         LINE#         2605
  C:2BE9H         LINE#         2606
  C:2BF1H         LINE#         2607
  C:2BF5H         LINE#         2608
  C:2BF9H         LINE#         2609
  C:2BFDH         LINE#         2610
  C:2C0BH         LINE#         2611
  C:2C1AH         LINE#         2612
  C:2C1AH         LINE#         2613
  C:2C22H         LINE#         2614
BL51 BANKED LINKER/LOCATER V6.22                                                      12/04/2017  13:34:57  PAGE 46


  C:2C30H         LINE#         2615
  C:2C30H         LINE#         2616
  C:2C32H         LINE#         2618
  C:2C32H         LINE#         2619
  C:2C58H         LINE#         2620
  C:2C5BH         LINE#         2621
  C:2C5BH         LINE#         2622
  C:2C5BH         LINE#         2623
  -------         ENDPROC       LOGIN_DISP_4_STAR
  -------         PROC          LOCKED_PAGE_LOAD
  C:003AH         LINE#         2629
  C:003AH         LINE#         2631
  -------         ENDPROC       LOCKED_PAGE_LOAD
  -------         PROC          UPDATE_WAIT_TIME
  C:0070H         LINE#         2634
  C:0070H         LINE#         2636
  -------         ENDPROC       UPDATE_WAIT_TIME
  -------         PROC          LOGIN_CLEAR_DISP
  C:0071H         LINE#         2639
  C:0071H         LINE#         2641
  -------         ENDPROC       LOGIN_CLEAR_DISP
  -------         PROC          MAIN_PAGE_LOAD
  -------         DO            
  X:0E87H         SYMBOL        str
  -------         ENDDO         
  C:3F09H         LINE#         2644
  C:3F09H         LINE#         2645
  C:3F09H         LINE#         2647
  C:3F10H         LINE#         2648
  C:3F16H         LINE#         2649
  C:3F1CH         LINE#         2650
  C:3F22H         LINE#         2651
  C:3F28H         LINE#         2652
  C:3F2EH         LINE#         2653
  C:3F45H         LINE#         2654
  C:3F4EH         LINE#         2655
  C:3F56H         LINE#         2656
  -------         ENDPROC       MAIN_PAGE_LOAD
  -------         PROC          TEMP_PAGE_LOAD
  -------         DO            
  X:0E87H         SYMBOL        str
  -------         ENDDO         
  C:3DEAH         LINE#         2659
  C:3DEAH         LINE#         2660
  C:3DEAH         LINE#         2662
  C:3DF1H         LINE#         2663
  C:3E08H         LINE#         2664
  C:3E11H         LINE#         2665
  C:3E19H         LINE#         2666
  C:3E26H         LINE#         2667
  C:3E26H         LINE#         2668
  C:3E30H         LINE#         2669
  C:3E30H         LINE#         2670
  C:3E32H         LINE#         2672
  C:3E32H         LINE#         2673
  C:3E46H         LINE#         2674
  C:3E4FH         LINE#         2675
BL51 BANKED LINKER/LOCATER V6.22                                                      12/04/2017  13:34:57  PAGE 47


  C:3E4FH         LINE#         2676
  -------         ENDPROC       TEMP_PAGE_LOAD
  -------         PROC          MOTOR_PAGE_LOAD
  -------         DO            
  X:0E87H         SYMBOL        str
  -------         ENDDO         
  C:40BFH         LINE#         2679
  C:40BFH         LINE#         2680
  C:40BFH         LINE#         2682
  C:40C6H         LINE#         2683
  C:40CCH         LINE#         2684
  C:40D4H         LINE#         2685
  C:40EBH         LINE#         2686
  C:40F4H         LINE#         2687
  C:40FCH         LINE#         2688
  -------         ENDPROC       MOTOR_PAGE_LOAD
  -------         PROC          LASER_PAGE_LOAD
  -------         DO            
  X:0E87H         SYMBOL        str
  -------         ENDDO         
  C:40FDH         LINE#         2691
  C:40FDH         LINE#         2692
  C:40FDH         LINE#         2694
  C:4104H         LINE#         2695
  C:411BH         LINE#         2696
  C:4124H         LINE#         2697
  C:412CH         LINE#         2699
  -------         ENDPROC       LASER_PAGE_LOAD
  -------         PROC          SETTING_PAGE_LOAD
  -------         DO            
  X:0E87H         SYMBOL        str
  -------         ENDDO         
  C:3F57H         LINE#         2702
  C:3F57H         LINE#         2703
  C:3F57H         LINE#         2705
  C:3F5EH         LINE#         2706
  C:3F93H         LINE#         2707
  C:3F9CH         LINE#         2708
  C:3FA4H         LINE#         2709
  -------         ENDPROC       SETTING_PAGE_LOAD
  -------         PROC          C_TO_F
  C:4340H         LINE#         2712
  C:4340H         LINE#         2713
  C:4340H         LINE#         2714
  C:4347H         LINE#         2715
  -------         ENDPROC       C_TO_F
  -------         PROC          F_TO_C
  C:4337H         LINE#         2718
  C:4337H         LINE#         2719
  C:4337H         LINE#         2720
  C:433FH         LINE#         2721
  -------         ENDPROC       F_TO_C
  -------         PROC          ADD_POINT
  C:431BH         LINE#         2724
  C:431BH         LINE#         2725
  C:431BH         LINE#         2726
  C:4329H         LINE#         2727
BL51 BANKED LINKER/LOCATER V6.22                                                      12/04/2017  13:34:57  PAGE 48


  -------         ENDPROC       ADD_POINT
  -------         PROC          GAME_START
  C:42A4H         LINE#         2730
  C:42A4H         LINE#         2731
  C:42A4H         LINE#         2732
  C:42ABH         LINE#         2733
  C:42B3H         LINE#         2734
  C:42BBH         LINE#         2735
  -------         ENDPROC       GAME_START
  -------         PROC          BRIGHTNESS_SETTING
  -------         DO            
  X:0E87H         SYMBOL        str
  -------         ENDDO         
  C:412DH         LINE#         2738
  C:412DH         LINE#         2739
  C:412DH         LINE#         2741
  C:4153H         LINE#         2742
  -------         ENDPROC       BRIGHTNESS_SETTING
  -------         PROC          TIME_SETTING
  -------         DO            
  X:0E87H         SYMBOL        str
  -------         ENDDO         
  C:33E1H         LINE#         2763
  C:33E1H         LINE#         2764
  C:33E1H         LINE#         2766
  C:341CH         LINE#         2767
  C:341CH         LINE#         2768
  C:341CH         LINE#         2769
  C:3430H         LINE#         2770
  C:3456H         LINE#         2771
  C:3456H         LINE#         2772
  C:346AH         LINE#         2773
  C:346AH         LINE#         2774
  C:3481H         LINE#         2775
  C:3481H         LINE#         2776
  C:3495H         LINE#         2777
  C:3495H         LINE#         2778
  C:34A5H         LINE#         2779
  C:34A5H         LINE#         2780
  C:34B8H         LINE#         2781
  C:34B8H         LINE#         2783
  C:34B8H         LINE#         2784
  C:34CBH         LINE#         2785
  C:34CBH         LINE#         2786
  C:34DEH         LINE#         2787
  C:34F1H         LINE#         2788
  C:3504H         LINE#         2789
  C:352CH         LINE#         2790
  C:3533H         LINE#         2791
  C:3533H         LINE#         2792
  C:3536H         LINE#         2793
  C:3538H         LINE#         2795
  C:3538H         LINE#         2796
  C:353EH         LINE#         2797
  C:353EH         LINE#         2798
  C:3541H         LINE#         2799
  C:3541H         LINE#         2800
BL51 BANKED LINKER/LOCATER V6.22                                                      12/04/2017  13:34:57  PAGE 49


  C:3541H         LINE#         2801
  C:3541H         LINE#         2803
  -------         ENDPROC       TIME_SETTING
  -------         PROC          SET_CLOCK
  -------         DO            
  X:0E87H         SYMBOL        str
  -------         ENDDO         
  C:310FH         LINE#         2806
  C:310FH         LINE#         2807
  C:310FH         LINE#         2809
  C:312FH         LINE#         2810
  C:312FH         LINE#         2811
  C:312FH         LINE#         2812
  C:313AH         LINE#         2813
  C:3145H         LINE#         2814
  C:3150H         LINE#         2815
  C:315BH         LINE#         2816
  C:3166H         LINE#         2817
  C:316FH         LINE#         2818
  C:316FH         LINE#         2819
  C:316FH         LINE#         2820
  C:316FH         LINE#         2821
  C:3202H         LINE#         2822
  C:327AH         LINE#         2823
  -------         ENDPROC       SET_CLOCK
  -------         PROC          CONTRAST_SETTING
  -------         DO            
  X:0E87H         SYMBOL        str
  -------         ENDDO         
  C:3542H         LINE#         2827
  C:3542H         LINE#         2828
  C:3542H         LINE#         2830
  C:3554H         LINE#         2831
  C:3554H         LINE#         2832
  C:3571H         LINE#         2833
  C:3597H         LINE#         2834
  C:35A4H         LINE#         2835
  C:35A7H         LINE#         2836
  C:35BEH         LINE#         2837
  C:35BEH         LINE#         2838
  C:35D6H         LINE#         2839
  C:35FCH         LINE#         2840
  C:3609H         LINE#         2841
  C:360BH         LINE#         2843
  C:360BH         LINE#         2844
  C:362CH         LINE#         2845
  C:3652H         LINE#         2846
  C:368CH         LINE#         2847
  C:368CH         LINE#         2848
  -------         ENDPROC       CONTRAST_SETTING
  -------         ENDMOD        MAIN

  -------         MODULE        ?C?CLDPTR
  C:275AH         PUBLIC        ?C?CLDPTR
  -------         ENDMOD        ?C?CLDPTR

  -------         MODULE        ?C?IMUL
BL51 BANKED LINKER/LOCATER V6.22                                                      12/04/2017  13:34:57  PAGE 50


  C:2773H         PUBLIC        ?C?IMUL
  -------         ENDMOD        ?C?IMUL

  -------         MODULE        ?C?UIDIV
  C:2785H         PUBLIC        ?C?UIDIV
  -------         ENDMOD        ?C?UIDIV

  -------         MODULE        ?C?SIDIV
  C:27DAH         PUBLIC        ?C?SIDIV
  -------         ENDMOD        ?C?SIDIV

  -------         MODULE        ?C?ILDIX
  C:2810H         PUBLIC        ?C?ILDIX
  -------         ENDMOD        ?C?ILDIX

  -------         MODULE        ?C?SLDIV
  C:403BH         PUBLIC        ?C?SLDIV
  -------         ENDMOD        ?C?SLDIV

  -------         MODULE        ?C?ULCMP
  C:2826H         PUBLIC        ?C?ULCMP
  -------         ENDMOD        ?C?ULCMP

  -------         MODULE        ?C?LLDIXDATA
  C:2840H         PUBLIC        ?C?LLDIXDATA
  C:2837H         PUBLIC        ?C?LLDIXDATA1
  C:2839H         PUBLIC        ?C?LLDIXDATA8
  -------         ENDMOD        ?C?LLDIXDATA

  -------         MODULE        ?C?LSTKXDATA
  C:286CH         PUBLIC        ?C?LSTKXDATA
  -------         ENDMOD        ?C?LSTKXDATA

  -------         MODULE        ?C?CCASE
  C:289DH         PUBLIC        ?C?CCASE
  -------         ENDMOD        ?C?CCASE

  -------         MODULE        PRINTF
  X:0F55H         PUBLIC        ?_PRINTF517?BYTE
  X:0F55H         PUBLIC        ?_PRINTF?BYTE
  X:0F55H         PUBLIC        ?_SPRINTF517?BYTE
  X:0F55H         PUBLIC        ?_SPRINTF?BYTE
  C:21A7H         PUBLIC        _PRINTF
  C:21A7H         PUBLIC        _PRINTF517
  C:21A1H         PUBLIC        _SPRINTF
  C:21A1H         PUBLIC        _SPRINTF517
  -------         ENDMOD        PRINTF

  -------         MODULE        RAND
  X:113FH         PUBLIC        ?SRAND?BYTE
  C:3FA5H         PUBLIC        RAND
  C:3FE3H         PUBLIC        _SRAND
  -------         ENDMOD        RAND

  -------         MODULE        ?C?CLDOPTR
  C:28C3H         PUBLIC        ?C?CLDOPTR
  -------         ENDMOD        ?C?CLDOPTR
BL51 BANKED LINKER/LOCATER V6.22                                                      12/04/2017  13:34:57  PAGE 51



  -------         MODULE        ?C?CSTPTR
  C:28F0H         PUBLIC        ?C?CSTPTR
  -------         ENDMOD        ?C?CSTPTR

  -------         MODULE        ?C?ULDIV
  C:293EH         PUBLIC        ?C?ULDIV
  -------         ENDMOD        ?C?ULDIV

  -------         MODULE        ?C?LLDXDATA
  C:29D0H         PUBLIC        ?C?LLDXDATA
  -------         ENDMOD        ?C?LLDXDATA

  -------         MODULE        ?C?LSTXDATA
  C:29DCH         PUBLIC        ?C?LSTXDATA
  -------         ENDMOD        ?C?LSTXDATA

  -------         MODULE        ?C?PLDIXDATA
  C:29E8H         PUBLIC        ?C?PLDIXDATA
  -------         ENDMOD        ?C?PLDIXDATA

  -------         MODULE        ?C?PSTXDATA
  C:29FFH         PUBLIC        ?C?PSTXDATA
  -------         ENDMOD        ?C?PSTXDATA

  -------         MODULE        PUTCHAR
  C:4183H         PUBLIC        _PUTCHAR
  -------         ENDMOD        PUTCHAR

*** WARNING L16: UNCALLED SEGMENT, IGNORED FOR OVERLAY PROCESS
    SEGMENT: ?PR?_SHOWBITMAP?MAIN

*** WARNING L16: UNCALLED SEGMENT, IGNORED FOR OVERLAY PROCESS
    SEGMENT: ?PR?SCANUSERINPUT?MAIN

*** WARNING L16: UNCALLED SEGMENT, IGNORED FOR OVERLAY PROCESS
    SEGMENT: ?PR?_WRITEONEBYTETOSLAVE?MAIN

*** WARNING L16: UNCALLED SEGMENT, IGNORED FOR OVERLAY PROCESS
    SEGMENT: ?PR?SETCLOCKCONTROL?MAIN

*** WARNING L16: UNCALLED SEGMENT, IGNORED FOR OVERLAY PROCESS
    SEGMENT: ?PR?MOVEDATETIMEUP?MAIN

*** WARNING L16: UNCALLED SEGMENT, IGNORED FOR OVERLAY PROCESS
    SEGMENT: ?PR?MOVEDATETIMEDOWN?MAIN

*** WARNING L16: UNCALLED SEGMENT, IGNORED FOR OVERLAY PROCESS
    SEGMENT: ?PR?ENTERDATETIME?MAIN

*** WARNING L16: UNCALLED SEGMENT, IGNORED FOR OVERLAY PROCESS
    SEGMENT: ?PR?SETCLOCKONSCREEN?MAIN

*** WARNING L16: UNCALLED SEGMENT, IGNORED FOR OVERLAY PROCESS
    SEGMENT: ?PR?RESETCLOCK?MAIN

*** WARNING L16: UNCALLED SEGMENT, IGNORED FOR OVERLAY PROCESS
BL51 BANKED LINKER/LOCATER V6.22                                                      12/04/2017  13:34:57  PAGE 52


    SEGMENT: ?PR?LOCKED_PAGE_LOAD?MAIN

*** WARNING L16: UNCALLED SEGMENT, IGNORED FOR OVERLAY PROCESS
    SEGMENT: ?PR?UPDATE_WAIT_TIME?MAIN

*** WARNING L16: UNCALLED SEGMENT, IGNORED FOR OVERLAY PROCESS
    SEGMENT: ?PR?LOGIN_CLEAR_DISP?MAIN

Program Size: data=27.6 xdata=4421 code=17235
LINK/LOCATE RUN COMPLETE.  12 WARNING(S),  0 ERROR(S)
